Datasets/panel/Baltagi and Levine/cigarette.csv
idstate,year,txrate,name,aland,ycoord,xcoord,land,state,price,pop,pop16,cpi,ndi,sales,pimin,comp,ppp,spp,mppp,ipc,ncom,lnprice,lnsales,lncomp,lnndi,lntxrate,lnland,lnpop,lnpop16,lncpi,lnminp,lnsales_lag,lnprice_lag,lnndi_lag,lncomp_lag,lntxrate_lag,lnland_lag,lnpop_lag,lnpop16_lag,lncpi_lag
AR,63,.059999999,Arkansas,134800000000,34.895527,-92.444626,52035.48,4,27,1907,1296.7,30.6,1480.3335,103.4,25.799999,1951,.88235289,152.0659,.8431372,48.376911,63.758171,-.12516309,5.0243139,4.155097,3.8790231,-2.813411,10.85968,7.553287,7.1675782,3.421,-.1706256,,,,,,,,,
AR,64,.059999999,Arkansas,134800000000,34.895527,-92.444626,52035.48,4,27.299999,1939,1320.7,31,1610.0797,102.6,25.700001,2104,.88064522,150.6333,.8290323,51.938061,67.870956,-.1271005,5.0148482,4.217608,3.950052,-2.813411,10.85968,7.5699282,7.1859169,3.4339869,-.1874962,5.0243139,-.12516309,3.8790231,4.155097,-2.813411,10.85968,7.553287,7.1675782,3.421
AR,65,.079999998,Arkansas,134800000000,34.895527,-92.444626,52035.48,4,27.200001,1941,1323.6,31.5,1710.199,100.3,26.1,2281,.86349207,147.0854,.82857138,54.29203,72.412697,-.1467706,4.991014,4.282382,3.9943769,-2.5257289,10.85968,7.5709591,7.1881099,3.4499879,-.18805221,5.0148482,-.1271005,3.950052,4.217608,-2.813411,10.85968,7.5699282,7.1859169,3.4339869
AR,66,.079999998,Arkansas,134800000000,34.895527,-92.444626,52035.48,4,30.299999,1963,1344.8,32.400002,1883.875,98.900002,26.200001,2501,.93518507,144.364,.80864203,58.144291,77.191353,-.067010798,4.9723382,4.3462868,4.0629282,-2.5257289,10.85968,7.5822291,7.204,3.478158,-.21239901,4.991014,-.1467706,3.9943769,4.282382,-2.5257289,10.85968,7.5709591,7.1881099,3.4499879
AR,67,.079999998,Arkansas,134800000000,34.895527,-92.444626,52035.48,4,30.4,1972,1357.3,33.400002,2004.4268,102.9,27.5,2719,.91017962,149.5018,.82335317,60.012779,81.407181,-.094113298,5.007308,4.3994641,4.0945568,-2.5257289,10.85968,7.586803,7.213253,3.5085559,-.19437,4.9723382,-.067010798,4.0629282,4.3462868,-2.5257289,10.85968,7.5822291,7.204,3.478158
AR,68,.079999998,Arkansas,134800000000,34.895527,-92.444626,52035.48,4,30.9,1983,1374.6,34.799999,2143.3677,104,29.200001,3004,.88793099,150.03059,.83908051,61.59103,86.321838,-.1188612,5.010839,4.4580832,4.1205158,-2.5257289,10.85968,7.5923662,7.2259178,3.5496171,-.1754486,5.007308,-.094113298,4.0945568,4.3994641,-2.5257289,10.85968,7.586803,7.213253,3.5085559
AR,69,.1225,Arkansas,134800000000,34.895527,-92.444626,52035.48,4,30.9,1995,1389,36.700001,2286.395,102.9,29.9,3310,.8419618,147.7937,.8147139,62.299591,90.190727,-.1720206,4.9958181,4.5019269,4.1319551,-2.0996439,10.85968,7.5983992,7.23634,3.602777,-.2049183,5.010839,-.1188612,4.1205158,4.4580832,-2.5257289,10.85968,7.5923662,7.2259178,3.5496171
AR,70,.1225,Arkansas,134800000000,34.895527,-92.444626,52035.48,4,36.700001,1923,1366.9,38.799999,2493.7847,100.3,34.299999,3564,.9458763,141.1053,.88402063,64.272797,91.855667,-.055643499,4.9495072,4.5202179,4.163136,-2.0996439,10.85968,7.5616422,7.2203012,3.6584201,-.1232749,4.9958181,-.1720206,4.1319551,4.5019269,-2.0996439,10.85968,7.5983992,7.23634,3.602777
AR,71,.17749999,Arkansas,134800000000,34.895527,-92.444626,52035.48,4,38.799999,1961,1405.4,40.5,2710.3691,104.1,36.799999,3946,.95802468,145.2541,.90864187,66.922691,97.432098,-.042881701,4.9784851,4.5791559,4.2035379,-1.728785,10.85968,7.5812101,7.2480769,3.7013021,-.0958042,4.9495072,-.055643499,4.163136,4.5202179,-2.0996439,10.85968,7.5616422,7.2203012,3.6584201
AR,72,.17749999,Arkansas,134800000000,34.895527,-92.444626,52035.48,4,44.099998,1999,1442.9,41.799999,2950.4507,103.9,37.400002,4432,1.055024,143.9435,.89473689,70.584953,106.0287,.053563401,4.9694209,4.6637101,4.2568169,-1.728785,10.85968,7.6004019,7.2744098,3.7328961,-.1112256,4.9784851,-.042881701,4.2035379,4.5791559,-1.728785,10.85968,7.5812101,7.2480769,3.7013021
AR,73,.17749999,Arkansas,134800000000,34.895527,-92.444626,52035.48,4,45.099998,2030,1474.6,44.400002,3410.1816,108,37.299999,5070,1.015766,148.6776,.84008998,76.805893,114.1892,.015642701,5.001781,4.7378559,4.3412809,-1.728785,10.85968,7.6157908,7.2961421,3.7932401,-.17424621,4.9694209,.053563401,4.2568169,4.6637101,-1.728785,10.85968,7.6004019,7.2744098,3.7328961
AR,74,.17749999,Arkansas,134800000000,34.895527,-92.444626,52035.48,4,45.5,2063,1508.3,49.299999,3807.5935,109.7,38,5724,.92292088,150.04379,.77079111,77.233131,116.1055,-.080211803,5.0109272,4.754499,4.346828,-1.728785,10.85968,7.631917,7.318738,3.8979239,-.26033789,5.001781,.015642701,4.3412809,4.7378559,-1.728785,10.85968,7.6157908,7.2961421,3.7932401
AR,75,.17749999,Arkansas,134800000000,34.895527,-92.444626,52035.48,4,48.599998,2112,1552.5,53.799999,4057.8914,114.8,43,6099,.9033457,156.17239,.7992565,75.425491,113.3643,-.10165,5.050961,4.730607,4.3231449,-1.728785,10.85968,7.6553912,7.3476219,3.9852729,-.2240734,5.0109272,-.080211803,4.346828,4.754499,-1.728785,10.85968,7.631917,7.318738,3.8979239
AR,76,.17749999,Arkansas,134800000000,34.895527,-92.444626,52035.48,4,50.900002,2113,1565.1,56.900002,4362.3354,119.1,44.700001,7021,.89455187,160.7937,.78558868,76.666702,123.3919,-.1114324,5.080122,4.8153658,4.339468,-1.728785,10.85968,7.6558638,7.3557048,4.041296,-.2413218,5.050961,-.10165,4.3231449,4.730607,-1.728785,10.85968,7.6553912,7.3476219,3.9852729
AR,77,.17749999,Arkansas,134800000000,34.895527,-92.444626,52035.48,4,52.599998,2143,1596.8,60.599998,4859.8662,122.6,45.900002,8009,.8679868,164.53641,.75742579,80.195824,132.1617,-.14157879,5.1031318,4.8840261,4.3844709,-1.728785,10.85968,7.6699619,7.3757572,4.1042948,-.27782971,5.080122,-.1114324,4.339468,4.8153658,-1.728785,10.85968,7.6558638,7.3557048,4.041296
AR,78,.17749999,Arkansas,134800000000,34.895527,-92.444626,52035.48,4,56.5,2167,1623.7,65.199997,5467.7329,127.3,49.900002,9177,.86656451,169.8954,.76533753,83.860939,140.7515,-.1432188,5.1351829,4.9469962,4.4291601,-1.728785,10.85968,7.6810989,7.3924632,4.1774588,-.26743841,5.1031318,-.14157879,4.3844709,4.8840261,-1.728785,10.85968,7.6699619,7.3757572,4.1042948
AR,79,.17749999,Arkansas,134800000000,34.895527,-92.444626,52035.48,4,58.400002,2180,1641,72.599998,6015.3232,126.5,52.200001,10262,.80440778,168.05,.71900833,82.85569,141.3499,-.217649,5.1242609,4.9512382,4.4171,-1.728785,10.85968,7.6870799,7.4030609,4.284965,-.32988241,5.1351829,-.1432188,4.4291601,4.9469962,-1.728785,10.85968,7.6810989,7.3924632,4.1774588
AR,80,.17749999,Arkansas,134800000000,34.895527,-92.444626,52035.48,4,61.5,2286,1715.1,82.400002,6278.9023,131.8,57.299999,11179,.74635923,175.67191,.69538832,76.200272,135.6675,-.2925483,5.1686182,4.9102068,4.333365,-1.728785,10.85968,7.7345591,7.447227,4.4115849,-.36328489,5.1242609,-.217649,4.4171,4.9512382,-1.728785,10.85968,7.6870799,7.4030609,4.284965
AR,81,.17749999,Arkansas,134800000000,34.895527,-92.444626,52035.48,4,64.699997,2296,1725.7,90.900002,7101.3101,128.7,59.900002,12229,.71177107,171.2321,.65896589,78.122223,134.5325,-.3399989,5.1430202,4.9018049,4.358274,-1.728785,10.85968,7.738924,7.4533882,4.5097599,-.4170835,5.1686182,-.2925483,4.333365,4.9102068,-1.728785,10.85968,7.7345591,7.447227,4.4115849
AR,82,.17749999,Arkansas,134800000000,34.895527,-92.444626,52035.48,4,72.099998,2291,1724.7,96.5,7390.4297,127.4,64.699997,12716,.74715018,169.2314,.6704663,76.584763,131.772,-.29148901,5.1312671,4.881073,4.338398,-1.728785,10.85968,7.736743,7.4528079,4.5695429,-.39978179,5.1430202,-.3399989,4.358274,4.9018049,-1.728785,10.85968,7.738924,7.4533882,4.5097599
AR,83,.20999999,Arkansas,134800000000,34.895527,-92.444626,52035.48,4,82,2328,1757.4,99.599998,7886.939,128,74.800003,13686,.82329321,169.5596,.75100398,79.186127,137.40961,-.1944429,5.133204,4.922966,4.3718009,-1.560648,10.85968,7.7527652,7.471591,4.601162,-.28634429,5.1312671,-.29148901,4.338398,4.881073,-1.728785,10.85968,7.736743,7.4528079,4.5695429
AR,84,.20999999,Arkansas,134800000000,34.895527,-92.444626,52035.48,4,93.599998,2349,1776.7,103.9,8546.9082,123.1,84.800003,15069,.90086621,162.7522,.81616938,82.260902,145.03371,-.1043985,5.0922289,4.9769659,4.4098959,-1.560648,10.85968,7.761745,7.482513,4.6434288,-.2031333,5.133204,-.1944429,4.3718009,4.922966,-1.560648,10.85968,7.7527652,7.471591,4.601162
AR,85,.20999999,Arkansas,134800000000,34.895527,-92.444626,52035.48,4,98.5,2359,1790.1,107.6,9134.3418,125.8,92.5,15952,.91542751,165.77969,.85966551,84.891647,148.25281,-.088364102,5.1106601,4.998919,4.4413762,-1.560648,10.85968,7.7659931,7.490027,4.678421,-.15121201,5.0922289,-.1043985,4.4098959,4.9769659,-1.560648,10.85968,7.761745,7.482513,4.6434288
AR,86,.20999999,Arkansas,134800000000,34.895527,-92.444626,52035.48,4,103.6,2371,1804.6,109.6,9550.1436,126,98.800003,16876,.94525552,165.54691,.90145987,87.136337,153.9781,-.0563001,5.1092548,5.0368099,4.467474,-1.560648,10.85968,7.7710671,7.4980941,4.6968369,-.1037397,5.1106601,-.088364102,4.4413762,4.998919,-1.560648,10.85968,7.7659931,7.490027,4.678421
AR,87,.20999999,Arkansas,134800000000,34.895527,-92.444626,52035.48,4,113,2388,1819,113.6,9886.2578,122.3,103.5,17777,.99471831,160.55659,.91109163,87.026917,156.4877,-.0052956999,5.0786462,5.0529771,4.466218,-1.560648,10.85968,7.7782121,7.506042,4.7326841,-.093111902,5.1092548,-.0563001,4.467474,5.0368099,-1.560648,10.85968,7.7710671,7.4980941,4.6968369
AR,88,.20999999,Arkansas,134800000000,34.895527,-92.444626,52035.48,4,119.9,2395,1823,118.3,10630,121.5,112.1,18990,1.013525,159.62289,.94759083,89.856293,160.52409,.0134342,5.072814,5.078444,4.4982119,-1.560648,10.85968,7.7811379,7.5082388,4.7732239,-.053832501,5.0786462,-.0052956999,4.466218,5.0529771,-1.560648,10.85968,7.7782121,7.506042,4.7326841
AR,89,.20999999,Arkansas,134800000000,34.895527,-92.444626,52035.48,4,127.7,2406,1831,124,11243,118.3,118.9,20066,1.029839,155.4505,.95887101,90.669357,161.8226,.0294022,5.0463271,5.0865011,4.5072188,-1.560648,10.85968,7.7857208,7.5126181,4.820282,-.041998699,5.072814,.0134342,4.4982119,5.078444,-1.560648,10.85968,7.7811379,7.5082388,4.7732239
AR,90,.20999999,Arkansas,134800000000,34.895527,-92.444626,52035.48,4,141.2,2411.1001,1834.9,130.7,12370,113.1,129.10001,21709,1.080337,148.616,.98775828,94.644234,166.0979,.077272698,5.0013661,5.112577,4.5501251,-1.560648,10.85968,7.787838,7.5147452,4.8729048,-.0123173,5.0463271,.0294022,4.5072188,5.0865011,-1.560648,10.85968,7.7857208,7.5126181,4.820282
AR,91,.20999999,Arkansas,134800000000,34.895527,-92.444626,52035.48,4,146.5,2432.7,1851.2,136.2,12917,116.8,132.5,23006,1.075624,153.4893,.97283411,94.838478,168.91341,.0729011,5.0336308,5.1293859,4.552175,-1.560648,10.85968,7.7967572,7.5235891,4.914124,-.027541701,5.0013661,.077272698,4.5501251,5.112577,-1.560648,10.85968,7.787838,7.5147452,4.8729048
AR,92,.20999999,Arkansas,134800000000,34.895527,-92.444626,52035.48,4,177.3,2460.3999,1876.7,140.3,13879,126,153.10001,25005,1.263721,165.1891,1.091233,98.923729,178.2252,.2340603,5.107091,5.1830478,4.5943489,-1.560648,10.85968,7.8080788,7.5372701,4.9437828,.087308399,5.0336308,.0729011,4.552175,5.1293859,-1.560648,10.85968,7.7967572,7.5235891,4.914124
