Datasets/panel/Baltagi and Levine/cigarette.csv
idstate,year,txrate,name,aland,ycoord,xcoord,land,state,price,pop,pop16,cpi,ndi,sales,pimin,comp,ppp,spp,mppp,ipc,ncom,lnprice,lnsales,lncomp,lnndi,lntxrate,lnland,lnpop,lnpop16,lncpi,lnminp,lnsales_lag,lnprice_lag,lnndi_lag,lncomp_lag,lntxrate_lag,lnland_lag,lnpop_lag,lnpop16_lag,lncpi_lag
CT,63,.050000001,Connecticut,12540000000,41.579784,-72.746666,4842.3809,7,26.799999,2716,1883.5,30.6,2913.6799,156.2,26.200001,6218,.87581688,225.23981,.85620922,95.2183,203.20261,-.13259821,5.4171662,5.3142042,4.5561719,-2.9957321,8.4851618,7.9069161,7.5408869,3.421,-.1552406,,,,,,,,,
CT,64,.059999999,Connecticut,12540000000,41.579784,-72.746666,4842.3809,7,27.799999,2784,1929.7,31,3104.1445,143.5,26.9,6620,.89677417,207.0291,.86774188,100.1337,213.5484,-.1089512,5.33286,5.363863,4.6065059,-2.813411,8.4851618,7.931644,7.5651202,3.4339869,-.1418609,5.4171662,-.13259821,4.5561719,5.3142042,-2.9957321,8.4851618,7.9069161,7.5408869,3.421
CT,65,.059999999,Connecticut,12540000000,41.579784,-72.746666,4842.3809,7,28.1,2830,1961.5,31.5,3249.668,147,26.5,7098,.8920635,212.08771,.84126991,103.1641,225.3333,-.114218,5.3569999,5.4175811,4.6363211,-2.813411,8.4851618,7.9480319,7.5814648,3.4499879,-.1728428,5.33286,-.1089512,4.6065059,5.363863,-2.813411,8.4851618,7.931644,7.5651202,3.4339869
CT,66,.079999998,Connecticut,12540000000,41.579784,-72.746666,4842.3809,7,30.1,2886,2004.9,32.400002,3493.634,144.5,30,7979,.9290123,208.00391,.92592591,107.8282,246.2654,-.073633298,5.3375568,5.5064101,4.6805391,-2.5257289,8.4851618,7.967627,7.6033502,3.478158,-.0769611,5.3569999,-.114218,4.6363211,5.4175811,-2.813411,8.4851618,7.9480319,7.5814648,3.4499879
CT,67,.079999998,Connecticut,12540000000,41.579784,-72.746666,4842.3809,7,31.1,2918,2034.8,33.400002,3763.2805,145.60001,31,8619,.93113768,208.7973,.92814368,112.6731,258.05389,-.071348101,5.3413639,5.5531678,4.7244902,-2.5257289,8.4851618,7.9786539,7.6181531,3.5085559,-.074568696,5.3375568,-.073633298,4.6805391,5.5064101,-2.5257289,8.4851618,7.967627,7.6033502,3.478158
CT,68,.079999998,Connecticut,12540000000,41.579784,-72.746666,4842.3809,7,31.299999,2961,2075.2,34.799999,3897.0337,143.2,32.099998,9279,.89942533,204.325,.92241383,111.9837,266.63791,-.1059993,5.3197122,5.5858922,4.7183542,-2.5257289,8.4851618,7.9932818,7.6378131,3.5496171,-.080761403,5.3413639,-.071348101,4.7244902,5.5531678,-2.5257289,8.4851618,7.9786539,7.6181531,3.5085559
CT,69,.079999998,Connecticut,12540000000,41.579784,-72.746666,4842.3809,7,32.200001,3000,2127.2,36.700001,4135.6494,144.7,35,10160,.87738419,204.07111,.95367843,112.688,276.8392,-.13081031,5.318469,5.6234369,4.7246232,-2.5257289,8.4851618,8.0063677,7.6625619,3.602777,-.047428701,5.3197122,-.1059993,4.7183542,5.5858922,-2.5257289,8.4851618,7.9932818,7.6378131,3.5496171
CT,70,.16,Connecticut,12540000000,41.579784,-72.746666,4842.3809,7,42.200001,3032,2155.2,38.799999,4482.3379,120,39.299999,10763,1.087629,168.8196,1.012887,115.5242,277.39691,.084000103,5.12883,5.6254492,4.7494798,-1.832582,8.4851618,8.0169773,7.6756392,3.6584201,.0128043,5.318469,-.13081031,4.7246232,5.6234369,-2.5257289,8.4851618,8.0063677,7.6625619,3.602777
CT,71,.16,Connecticut,12540000000,41.579784,-72.746666,4842.3809,7,45.5,3063,2201.3999,40.5,4715.6035,117.6,40.200001,11076,1.123457,163.6272,.99259257,116.4347,273.48151,.1164104,5.09759,5.6112342,4.7573299,-1.832582,8.4851618,8.0271502,7.6968489,3.7013021,-.0074348999,5.12883,.084000103,4.7494798,5.6254492,-1.832582,8.4851618,8.0169773,7.6756392,3.6584201
CT,72,.20999999,Connecticut,12540000000,41.579784,-72.746666,4842.3809,7,51.299999,3074,2234.2,41.799999,4948.8691,110.8,41.599998,12095,1.227273,152.448,.9952153,118.394,289.3541,.20479441,5.026823,5.6676512,4.7740178,-1.560648,8.4851618,8.030735,7.711638,3.7328961,-.0047962,5.09759,.1164104,4.7573299,5.6112342,-1.832582,8.4851618,8.0271502,7.6968489,3.7013021
CT,73,.20999999,Connecticut,12540000000,41.579784,-72.746666,4842.3809,7,50.599998,3076,2258.3,44.400002,5496.7222,109.3,40.599998,13529,1.13964,148.8761,.91441429,123.8,304.70721,.13071211,5.0031142,5.7193508,4.8186679,-1.560648,8.4851618,8.0313854,7.7223678,3.7932401,-.089471497,5.026823,.20479441,4.7740178,5.6676512,-1.560648,8.4851618,8.030735,7.711638,3.7328961
CT,74,.20999999,Connecticut,12540000000,41.579784,-72.746666,4842.3809,7,52.5,3085,2292.8999,49.299999,5949.3428,112.4,41.299999,14815,1.064909,151.22951,.8377282,120.6763,300.50711,.062889099,5.0187979,5.705472,4.7931118,-1.560648,8.4851618,8.0343065,7.7375731,3.8979239,-.1770616,5.0031142,.13071211,4.8186679,5.7193508,-1.560648,8.4851618,8.0313854,7.7223678,3.7932401
CT,75,.20999999,Connecticut,12540000000,41.579784,-72.746666,4842.3809,7,54.5,3097,2327.6001,53.799999,6407.314,110.2,44.299999,15326,1.013011,146.6272,.82341999,119.0951,284.8699,.0129273,4.9878931,5.6520319,4.779922,-1.560648,8.4851618,8.0381889,7.752593,3.9852729,-.19428881,5.0187979,.062889099,4.7931118,5.705472,-1.560648,8.4851618,8.0343065,7.7375731,3.8979239
CT,76,.20999999,Connecticut,12540000000,41.579784,-72.746666,4842.3809,7,57.599998,3101,2356.5,56.900002,6838.5342,113.4,52.200001,16633,1.012302,149.22701,.91739893,120.1851,292.31989,.0122272,5.0054679,5.6778488,4.7890329,-1.560648,8.4851618,8.0394802,7.7649331,4.041296,-.086212903,4.9878931,.0129273,4.779922,5.6520319,-1.560648,8.4851618,8.0381889,7.752593,3.9852729
CT,77,.20999999,Connecticut,12540000000,41.579784,-72.746666,4842.3809,7,58.400002,3107,2384.5,60.599998,7505.1602,117.3,52.299999,18431,.96369642,152.84171,.86303627,123.8475,304.14191,-.036979001,5.0294032,5.717494,4.8190508,-1.560648,8.4851618,8.0414133,7.7767448,4.1042948,-.1472985,5.0054679,.0122272,4.7890329,5.6778488,-1.560648,8.4851618,8.0394802,7.7649331,4.041296
CT,78,.20999999,Connecticut,12540000000,41.579784,-72.746666,4842.3809,7,61.700001,3116,2415.3,65.199997,8309.8193,117.5,56.299999,20777,.9463191,151.5878,.86349702,127.4512,318.66559,-.055175401,5.0211649,5.764143,4.847734,-1.560648,8.4851618,8.0443058,7.7895789,4.1774588,-.1467649,5.0294032,-.036979001,4.8190508,5.717494,-1.560648,8.4851618,8.0414133,7.7767448,4.1042948
CT,79,.20999999,Connecticut,12540000000,41.579784,-72.746666,4842.3809,7,64.400002,3115,2435.5,72.599998,9295.3135,117.4,58.700001,23537,.88705242,150.1544,.80853999,128.03461,324.20111,-.1198513,5.0116639,5.781364,4.8523011,-1.560648,8.4851618,8.0439844,7.7979069,4.284965,-.2125251,5.0211649,-.055175401,4.847734,5.764143,-1.560648,8.4851618,8.0443058,7.7895789,4.1774588
CT,80,.20999999,Connecticut,12540000000,41.579784,-72.746666,4842.3809,7,67,3108,2424,82.400002,10384.6,118,60,26485,.81310678,151.297,.72815531,126.0267,321.41989,-.2068928,5.0192451,5.772748,4.836494,-1.560648,8.4851618,8.0417347,7.7931738,4.4115849,-.31724089,5.0116639,-.1198513,4.8523011,5.781364,-1.560648,8.4851618,8.0439844,7.7979069,4.284965
CT,81,.20999999,Connecticut,12540000000,41.579784,-72.746666,4842.3809,7,80.099998,3134,2461.5,90.900002,11470.676,116.4,64.5,29193,.88118809,148.20129,.70957088,126.19,321.15509,-.1264842,4.9985719,5.771924,4.8377891,-1.560648,8.4851618,8.050065,7.808526,4.5097599,-.3430948,5.0192451,-.2068928,4.836494,5.772748,-1.560648,8.4851618,8.0417347,7.7931738,4.4115849
CT,82,.20999999,Connecticut,12540000000,41.579784,-72.746666,4842.3809,7,85.599998,3153,2487.6001,96.5,12380.197,114.7,71.599998,31442,.88704658,145.38071,.74196893,128.29221,325.82379,-.1198577,4.9793558,5.7863569,4.854311,-1.560648,8.4851618,8.0561094,7.8190742,4.5695429,-.298448,4.9985719,-.1264842,4.8377891,5.771924,-1.560648,8.4851618,8.050065,7.808526,4.5097599
CT,83,.20999999,Connecticut,12540000000,41.579784,-72.746666,4842.3809,7,95.599998,3138,2487.6001,99.599998,13485.534,114.1,83.099998,33789,.95983928,143.93221,.83433741,135.3969,339.24701,-.040989399,4.9693432,5.8267279,4.9082112,-1.560648,8.4851618,8.0513411,7.8190742,4.601162,-.1811175,4.9793558,-.1198577,4.854311,5.7863569,-1.560648,8.4851618,8.0561094,7.8190742,4.5695429
CT,84,.25999999,Connecticut,12540000000,41.579784,-72.746666,4842.3809,7,113.5,3154,2505.8999,103.9,14927.929,112.5,94.800003,37772,1.092396,141.59579,.9124158,143.6759,363.5419,.088373899,4.9529772,5.895895,4.9675598,-1.347074,8.4851618,8.056427,7.8264031,4.6434288,-.091659501,4.9693432,-.040989399,4.9082112,5.8267279,-1.560648,8.4851618,8.0513411,7.8190742,4.601162
CT,85,.25999999,Connecticut,12540000000,41.579784,-72.746666,4842.3809,7,118.6,3175,2525.1001,107.6,15685.507,111,100.3,41178,1.10223,139.5687,.93215621,145.77609,382.69519,.097335801,4.9385571,5.9472389,4.9820719,-1.347074,8.4851618,8.0630627,7.8340359,4.678421,-.0702549,4.9529772,.088373899,4.9675598,5.895895,-1.347074,8.4851618,8.056427,7.8264031,4.6434288
CT,86,.25999999,Connecticut,12540000000,41.579784,-72.746666,4842.3809,7,118.5,3193,2541.5,109.6,16486.957,108.5,101.8,44701,1.0812041,136.3134,.92883217,150.42841,407.8558,.078075603,4.914957,6.0109138,5.0134869,-1.347074,8.4851618,8.068716,7.8405099,4.6968369,-.0738272,4.9385571,.097335801,4.9820719,5.9472389,-1.347074,8.4851618,8.0630627,7.8340359,4.678421
CT,87,.25999999,Connecticut,12540000000,41.579784,-72.746666,4842.3809,7,122.7,3211,2555,113.6,17762.428,109,113.5,49413,1.080106,136.9859,.99911982,156.35941,434.9736,.077058896,4.919878,6.075285,5.0521569,-1.347074,8.4851618,8.074338,7.845808,4.7326841,-.00088060001,4.914957,.078075603,5.0134869,6.0109138,-1.347074,8.4851618,8.068716,7.8405099,4.6968369
CT,88,.25999999,Connecticut,12540000000,41.579784,-72.746666,4842.3809,7,129.7,3233,2568,118.3,19559,104.8,121.5,54228,1.096365,131.9386,1.02705,165.33389,458.39389,.092000201,4.8823371,6.1277289,5.1079669,-1.347074,8.4851618,8.0811653,7.850883,4.7732239,.0266905,4.919878,.077058896,5.0521569,6.075285,-1.347074,8.4851618,8.074338,7.845808,4.7326841
CT,89,.40000001,Connecticut,12540000000,41.579784,-72.746666,4842.3809,7,142,3239,2564,124,20687,100.6,134.8,56797,1.145161,127.084,1.087097,166.8306,458.04031,.13554551,4.8448482,6.1269569,5.1169791,-.91629082,8.4851618,8.0830202,7.8493242,4.820282,.083510697,4.8823371,.092000201,5.1079669,6.1277289,-1.347074,8.4851618,8.0811653,7.850883,4.7732239
CT,90,.40000001,Connecticut,12540000000,41.579784,-72.746666,4842.3809,7,171.2,3242.8999,2567.1001,130.7,21447,91.5,150.89999,58513,1.30987,115.5878,1.154552,164.0934,447.68939,.2699278,4.75003,6.1041002,5.1004348,-.91629082,8.4851618,8.0842228,7.8505321,4.8729048,.1437127,4.8448482,.13554551,5.1169791,6.1269569,-.91629082,8.4851618,8.0830202,7.8493242,4.820282
CT,91,.40000001,Connecticut,12540000000,41.579784,-72.746666,4842.3809,7,169.5,3246.8999,2555.3999,136.2,21967,86.699997,163.3,59017,1.244493,110.1613,1.198972,161.2849,433.31131,.2187285,4.7019458,6.071456,5.0831718,-.91629082,8.4851618,8.0854559,7.845964,4.914124,.1814646,4.75003,.2699278,5.1004348,6.1041002,-.91629082,8.4851618,8.0842228,7.8505321,4.8729048
CT,92,.40000001,Connecticut,12540000000,41.579784,-72.746666,4842.3809,7,193.5,3237,2536.7,140.3,22891,83.599998,175.89999,60824,1.379187,106.6792,1.253742,163.1575,433.52811,.32149449,4.669827,6.0719571,5.0947161,-.91629082,8.4851618,8.0824022,7.8386192,4.9437828,.2261326,4.7019458,.2187285,5.0831718,6.071456,-.91629082,8.4851618,8.0854559,7.845964,4.914124
