Datasets/panel/Baltagi and Levine/cigarette.csv
idstate,year,txrate,name,aland,ycoord,xcoord,land,state,price,pop,pop16,cpi,ndi,sales,pimin,comp,ppp,spp,mppp,ipc,ncom,lnprice,lnsales,lncomp,lnndi,lntxrate,lnland,lnpop,lnpop16,lncpi,lnminp,lnsales_lag,lnprice_lag,lnndi_lag,lncomp_lag,lntxrate_lag,lnland_lag,lnpop_lag,lnpop16_lag,lncpi_lag
DE,63,.050000001,Delaware,5047000000,38.997635,-75.441498,1948.5432,8,26.799999,480,317.70001,30.6,2261.4624,165.8,26.799999,1095,.87581688,250.5005,.87581688,73.903999,35.784309,-.13259821,5.5234609,3.5775101,4.3027668,-2.9957321,7.5748372,6.1737862,5.761107,3.421,-.13259821,,,,,,,,,
DE,64,.050000001,Delaware,5047000000,38.997635,-75.441498,1948.5432,8,27.1,494,326.29999,31,2325.3401,170.89999,28.5,1179,.87419349,258.73309,.91935492,75.010971,38.032261,-.13445351,5.5557971,3.6384349,4.3176351,-2.9957321,7.5748372,6.2025361,5.787817,3.4339869,-.084083103,5.5234609,-.13259821,4.3027668,3.5775101,-2.9957321,7.5748372,6.1737862,5.761107,3.421
DE,65,.050000001,Delaware,5047000000,38.997635,-75.441498,1948.5432,8,27.200001,503,332.10001,31.5,2529.3674,170.8,27.9,1303,.86349207,258.6944,.88571429,80.297379,41.365082,-.1467706,5.5556469,3.7224369,4.3857369,-2.9957321,7.5748372,6.2205901,5.8054361,3.4499879,-.1213608,5.5557971,-.13445351,4.3176351,3.6384349,-2.9957321,7.5748372,6.2025361,5.787817,3.4339869
DE,66,.07,Delaware,5047000000,38.997635,-75.441498,1948.5432,8,31,514,343.60001,32.400002,2691.4453,161.3,28.200001,1434,.95679009,241.2928,.87037033,83.069298,44.259258,-.0441713,5.486011,3.7900651,4.4196749,-2.65926,7.5748372,6.2422228,5.839478,3.478158,-.1388365,5.5556469,-.1467706,4.3857369,3.7224369,-2.9957321,7.5748372,6.2205901,5.8054361,3.4499879
DE,67,.07,Delaware,5047000000,38.997635,-75.441498,1948.5432,8,30.700001,524,353.20001,33.400002,2864.0105,158.2,29.4,1526,.91916168,234.7021,.88023949,85.74881,45.688622,-.084293202,5.4583168,3.8218491,4.4514222,-2.65926,7.5748372,6.2614918,5.867034,3.5085559,-.1275613,5.486011,-.0441713,4.4196749,3.7900651,-2.65926,7.5748372,6.2422228,5.839478,3.478158
DE,68,.07,Delaware,5047000000,38.997635,-75.441498,1948.5432,8,32,533,359,34.799999,3061.364,164.8,30.9,1666,.91954023,244.6752,.88793099,87.97023,47.873569,-.083881497,5.4999318,3.8685629,4.4769979,-2.65926,7.5748372,6.278522,5.8833218,3.5496171,-.1188612,5.4583168,-.084293202,4.4514222,3.8218491,-2.65926,7.5748372,6.2614918,5.867034,3.5085559
DE,69,.07,Delaware,5047000000,38.997635,-75.441498,1948.5432,8,32.200001,540,362.79999,36.700001,3287.3196,175.5,30.700001,1804,.87738419,261.21829,.83651233,89.572739,49.155312,-.13081031,5.5653572,3.894985,4.4950509,-2.65926,7.5748372,6.2915692,5.8938522,3.602777,-.17851409,5.4999318,-.083881497,4.4769979,3.8685629,-2.65926,7.5748372,6.278522,5.8833218,3.5496171
DE,70,.11,Delaware,5047000000,38.997635,-75.441498,1948.5432,8,39,584,378.20001,38.799999,3495.1606,155,32.599998,1945,1.005155,239.3443,.84020609,90.081459,50.128868,.0051413998,5.4779029,3.914597,4.5007138,-2.2072749,7.5748372,6.3699012,5.9354229,3.6584201,-.174108,5.5653572,-.13081031,4.4950509,3.894985,-2.65926,7.5748372,6.2915692,5.8938522,3.602777
DE,71,.11,Delaware,5047000000,38.997635,-75.441498,1948.5432,8,41.299999,563,392.60001,40.5,3730.6501,161.10001,34.200001,2142,1.019753,231.0222,.84444451,92.114807,52.888889,.019560499,5.442513,3.9681931,4.523036,-2.2072749,7.5748372,6.3332801,5.9727912,3.7013021,-.16907629,5.4779029,.0051413998,4.5007138,3.914597,-2.2072749,7.5748372,6.3699012,5.9354229,3.6584201
DE,72,.14,Delaware,5047000000,38.997635,-75.441498,1948.5432,8,44.700001,570,403.10001,41.799999,4015.7166,156.3,34.299999,2369,1.069378,221.0146,.82057422,96.069778,56.674641,.067077197,5.3982291,4.0373268,4.5650749,-1.966113,7.5748372,6.3456359,5.9991851,3.7328961,-.197751,5.442513,.019560499,4.523036,3.9681931,-2.2072749,7.5748372,6.3332801,5.9727912,3.7013021
DE,73,.14,Delaware,5047000000,38.997635,-75.441498,1948.5432,8,44,573,409.89999,44.400002,4438.0723,154.7,35.299999,2681,.99099088,216.2554,.79504502,99.956581,60.382881,-.0090498999,5.3764601,4.1007061,4.6047359,-1.966113,7.5748372,6.3508859,6.015913,3.7932401,-.2293565,5.3982291,.067077197,4.5650749,4.0373268,-1.966113,7.5748372,6.3456359,5.9991851,3.7328961
DE,74,.14,Delaware,5047000000,38.997635,-75.441498,1948.5432,8,44.200001,576,416.60001,49.299999,4755.5542,151.3,35.799999,2917,.89655173,209.1906,.72616631,96.461548,59.168362,-.1091993,5.343246,4.0803871,4.5691438,-1.966113,7.5748372,6.3561082,6.0321259,3.8979239,-.31997621,5.3764601,-.0090498999,4.6047359,4.1007061,-1.966113,7.5748372,6.3508859,6.015913,3.7932401
DE,75,.14,Delaware,5047000000,38.997635,-75.441498,1948.5432,8,45.900002,579,424.29999,53.799999,5112.1255,147.60001,39.5,3079,.8531599,201.4151,.73420078,95.02092,57.23048,-.15880831,5.3053679,4.0470872,4.5540972,-1.966113,7.5748372,6.3613019,6.0504408,3.9852729,-.30897269,5.343246,-.1091993,4.5691438,4.0803871,-1.966113,7.5748372,6.3561082,6.0321259,3.8979239
DE,76,.14,Delaware,5047000000,38.997635,-75.441498,1948.5432,8,50.099998,582,431,56.900002,5440.0947,153,46.099998,3384,.88049197,206.6032,.8101933,95.607986,59.472759,-.12727439,5.3308001,4.0855179,4.560256,-1.966113,7.5748372,6.3664699,6.0661082,4.041296,-.2104824,5.3053679,-.15880831,4.5540972,4.0470872,-1.966113,7.5748372,6.3613019,6.0504408,3.9852729
DE,77,.14,Delaware,5047000000,38.997635,-75.441498,1948.5432,8,51.700001,582,434.79999,60.599998,5850.0562,153.3,49.200001,3677,.85313529,205.1992,.81188118,96.535583,60.676571,-.15883709,5.3239808,4.105557,4.569911,-1.966113,7.5748372,6.3664699,6.0748858,4.1042948,-.2084012,5.3308001,-.12727439,4.560256,4.0855179,-1.966113,7.5748372,6.3664699,6.0661082,4.041296
DE,78,.14,Delaware,5047000000,38.997635,-75.441498,1948.5432,8,58.700001,584,440.60001,65.199997,6407.7944,155.5,52.099998,4101,.90030682,206.1098,.79907978,98.27906,62.898781,-.1050197,5.3284092,4.1415272,4.587811,-1.966113,7.5748372,6.3699012,6.0881381,4.1774588,-.2242945,5.3239808,-.15883709,4.569911,4.105557,-1.966113,7.5748372,6.3664699,6.0748858,4.1042948
DE,79,.14,Delaware,5047000000,38.997635,-75.441498,1948.5432,8,60,582,441.5,72.599998,7017.0166,150.2,56.200001,4527,.82644629,197.9986,.77410471,96.653122,62.35537,-.1906203,5.28826,4.1328502,4.5711279,-1.966113,7.5748372,6.3664699,6.090178,4.284965,-.25604811,5.3284092,-.1050197,4.587811,4.1415272,-1.966113,7.5748372,6.3699012,6.0881381,4.1774588
DE,80,.14,Delaware,5047000000,38.997635,-75.441498,1948.5432,8,62.700001,595,454,82.400002,7773.062,150.5,58.099998,5062,.76092231,197.2412,.70509708,94.333267,61.432041,-.273224,5.2844272,4.1179309,4.546834,-1.966113,7.5748372,6.3885608,6.1180968,4.4115849,-.3494198,5.28826,-.1906203,4.5711279,4.1328502,-1.966113,7.5748372,6.3664699,6.090178,4.284965
DE,81,.14,Delaware,5047000000,38.997635,-75.441498,1948.5432,8,66,598,458.79999,90.900002,8492.8779,152.60001,62.799999,5464,.72607261,198.8989,.69086909,93.431,60.110008,-.32010531,5.2927971,4.0961761,4.5372229,-1.966113,7.5748372,6.3935909,6.1286139,4.5097599,-.36980489,5.2844272,-.273224,4.546834,4.1179309,-1.966113,7.5748372,6.3885608,6.1180968,4.4115849
DE,82,.14,Delaware,5047000000,38.997635,-75.441498,1948.5432,8,74.099998,602,463.60001,96.5,9213.6475,154.10001,65.400002,5894,.76787561,200.104,.67772019,95.47821,61.077721,-.26412749,5.2988372,4.1121469,4.558898,-1.966113,7.5748372,6.4002581,6.1390219,4.5695429,-.38902071,5.2927971,-.32010531,4.5372229,4.0961761,-1.966113,7.5748372,6.3935909,6.1286139,4.5097599
DE,83,.14,Delaware,5047000000,38.997635,-75.441498,1948.5432,8,82,606,469.39999,99.599998,10081.241,149.60001,74.900002,6330,.82329321,193.1351,.75200808,101.2173,63.554218,-.1944429,5.2633901,4.1518931,4.61727,-1.966113,7.5748372,6.4068799,6.1514549,4.601162,-.28500819,5.2988372,-.26412749,4.558898,4.1121469,-1.966113,7.5748372,6.4002581,6.1390219,4.5695429
DE,84,.14,Delaware,5047000000,38.997635,-75.441498,1948.5432,8,91.099998,613,476.10001,103.9,10806.777,144,84.199997,6916,.87680459,185.4064,.81039459,104.0113,66.564003,-.1314711,5.2225499,4.198164,4.6444998,-1.966113,7.5748372,6.418365,6.165628,4.6434288,-.210234,5.2633901,-.1944429,4.61727,4.1518931,-1.966113,7.5748372,6.4068799,6.1514549,4.601162
DE,85,.14,Delaware,5047000000,38.997635,-75.441498,1948.5432,8,98.699997,622,481.79999,107.6,11563.776,144.5,90.099998,7524,.91728622,186.5484,.83736062,107.47,69.925652,-.086335696,5.2286911,4.2474332,4.6772122,-1.966113,7.5748372,6.43294,6.1775289,4.678421,-.1775005,5.2225499,-.1314711,4.6444998,4.198164,-1.966113,7.5748372,6.418365,6.165628,4.6434288
DE,86,.14,Delaware,5047000000,38.997635,-75.441498,1948.5432,8,105.2,633,492.39999,109.6,12062.404,142.39999,93.300003,7940,.95985401,183.0609,.85127741,110.0584,72.445259,-.040974099,5.2098188,4.2828312,4.7010121,-1.966113,7.5748372,6.45047,6.1992912,4.6968369,-.16101719,5.2286911,-.086335696,4.6772122,4.2474332,-1.966113,7.5748372,6.43294,6.1775289,4.678421
DE,87,.14,Delaware,5047000000,38.997635,-75.441498,1948.5432,8,111.4,644,502,113.6,12960.506,141,100.3,8706,.98063391,180.88451,.88292259,114.089,76.637321,-.0195561,5.1978579,4.3390841,4.736979,-1.966113,7.5748372,6.4676991,6.2185998,4.7326841,-.1245177,5.2098188,-.040974099,4.7010121,4.2828312,-1.966113,7.5748372,6.45047,6.1992912,4.6968369
DE,88,.14,Delaware,5047000000,38.997635,-75.441498,1948.5432,8,119.3,660,513,118.3,14137,137.10001,109.2,9504,1.008453,176.386,.92307693,119.5013,80.33812,.0084175998,5.1726751,4.3862438,4.7833271,-1.966113,7.5748372,6.49224,6.2402759,4.7732239,-.080042802,5.1978579,-.0195561,4.736979,4.3390841,-1.966113,7.5748372,6.4676991,6.2185998,4.7326841
DE,89,.14,Delaware,5047000000,38.997635,-75.441498,1948.5432,8,124,673,522,124,14949,131.7,120.2,10403,1,169.7971,.96935481,120.5564,83.895157,0,5.134604,4.4295678,4.7921181,-1.966113,7.5748372,6.511745,6.257668,4.820282,-.031124599,5.1726751,.0084175998,4.7833271,4.3862438,-1.966113,7.5748372,6.49224,6.2402759,4.7732239
DE,90,.14,Delaware,5047000000,38.997635,-75.441498,1948.5432,8,140,681.20001,528.29999,130.7,16435,127.2,131.5,10938,1.071155,164.0141,1.006121,125.746,83.687843,.068737797,5.0999522,4.427094,4.8342638,-1.966113,7.5748372,6.5238562,6.2696638,4.8729048,.0061022998,5.134604,0,4.7921181,4.4295678,-1.966113,7.5748372,6.511745,6.257668,4.820282
DE,91,.14,Delaware,5047000000,38.997635,-75.441498,1948.5432,8,143.2,695.5,537.5,136.2,16732,118.8,141.60001,11327,1.0513951,153.72169,1.0396481,122.8488,83.164467,.050117899,5.0351439,4.4208202,4.8109541,-1.966113,7.5748372,6.544631,6.2869291,4.914124,.038881902,5.0999522,.068737797,4.8342638,4.427094,-1.966113,7.5748372,6.5238562,6.2696638,4.8729048
DE,92,.23999999,Delaware,5047000000,38.997635,-75.441498,1948.5432,8,174.7,704.70001,543.59998,140.3,18300,120,159.10001,11894,1.245189,155.5629,1.133999,130.4348,84.775482,.2192872,5.04705,4.4400058,4.870873,-1.427116,7.5748372,6.5577722,6.298213,4.9437828,.12575001,5.0351439,.050117899,4.8109541,4.4208202,-1.966113,7.5748372,6.544631,6.2869291,4.914124
