Datasets/panel/Baltagi and Levine/cigarette.csv
idstate,year,txrate,name,aland,ycoord,xcoord,land,state,price,pop,pop16,cpi,ndi,sales,pimin,comp,ppp,spp,mppp,ipc,ncom,lnprice,lnsales,lncomp,lnndi,lntxrate,lnland,lnpop,lnpop16,lncpi,lnminp,lnsales_lag,lnprice_lag,lnndi_lag,lncomp_lag,lntxrate_lag,lnland_lag,lnpop_lag,lnpop16_lag,lncpi_lag
DC,63,.02,District of Columbia,158100000,38.904148,-77.017097,61.048416,9,23.4,792,563.09998,30.6,2733.2266,246.39999,24.700001,3618,.76470578,346.56161,.80718958,89.321129,118.2353,-.26826411,5.8480611,4.772676,4.492238,-3.9120231,4.1116672,6.674562,6.333457,3.421,-.2141967,,,,,,,,,
DC,64,.02,District of Columbia,158100000,38.904148,-77.017097,61.048416,9,23.9,795,559.29999,31,2894.0046,235.3,25.200001,3865,.77096772,334.46011,.81290323,93.354988,124.6774,-.2601088,5.8125181,4.8257298,4.5364089,-3.9120231,4.1116672,6.6783419,6.3266859,3.4339869,-.2071432,5.8480611,-.26826411,4.492238,4.772676,-3.9120231,4.1116672,6.674562,6.333457,3.421
DC,65,.02,District of Columbia,158100000,38.904148,-77.017097,61.048416,9,24.1,802,560.20001,31.5,3068.4434,246.5,25.1,4200,.76507938,352.89719,.79682541,97.410896,133.3333,-.26777571,5.8661771,4.8928518,4.578938,-3.9120231,4.1116672,6.687109,6.3282938,3.4499879,-.2271197,5.8125181,-.2601088,4.5364089,4.8257298,-3.9120231,4.1116672,6.6783419,6.3266859,3.4339869
DC,66,.02,District of Columbia,158100000,38.904148,-77.017097,61.048416,9,24.1,806,559.29999,32.400002,3215.5605,295.89999,24.700001,4520,.74382722,426.41769,.76234567,99.245689,139.5062,-.2959466,6.055419,4.9381089,4.597599,-3.9120231,4.1116672,6.6920838,6.3266859,3.478158,-.27135521,5.8661771,-.26777571,4.578938,4.8928518,-3.9120231,4.1116672,6.687109,6.3282938,3.4499879
DC,67,.029999999,District of Columbia,158100000,38.904148,-77.017097,61.048416,9,26.6,808,559.29999,33.400002,3479.3206,249.8,26.299999,5099,.79640722,360.8768,.7874251,104.1713,152.6647,-.2276447,5.8885369,5.028244,4.6460371,-3.5065579,4.1116672,6.694562,6.3266859,3.5085559,-.238987,6.055419,-.2959466,4.597599,4.9381089,-3.9120231,4.1116672,6.6920838,6.3266859,3.478158
DC,68,.029999999,District of Columbia,158100000,38.904148,-77.017097,61.048416,9,26.700001,802,554.40002,34.799999,3752.5383,224.3,27.1,5480,.76724142,324.4744,.77873558,107.8316,157.4713,-.26495379,5.782207,5.0592432,4.6805711,-3.5065579,4.1116672,6.687109,6.3178859,3.5496171,-.25008371,5.8885369,-.2276447,4.6460371,5.028244,-3.5065579,4.1116672,6.694562,6.3266859,3.5085559
DC,69,.029999999,District of Columbia,158100000,38.904148,-77.017097,61.048416,9,27.200001,798,561.20001,36.700001,3907.0112,212.2,28.299999,5772,.74114442,301.7384,.77111721,106.4581,157.27521,-.2995598,5.7095599,5.0579972,4.6677508,-3.5065579,4.1116672,6.6821079,6.3300772,3.602777,-.25991499,5.782207,-.26495379,4.6805711,5.0592432,-3.5065579,4.1116672,6.687109,6.3178859,3.5496171
DC,70,.039999999,District of Columbia,158100000,38.904148,-77.017097,61.048416,9,28.5,756,563.09998,38.799999,4202.2964,200.39999,28.799999,6300,.73453611,269.0506,.74226803,108.3066,162.37109,-.30851609,5.5949001,5.0898852,4.6849661,-3.2188759,4.1116672,6.6280408,6.333457,3.6584201,-.29804489,5.7095599,-.2995598,4.6677508,5.0579972,-3.5065579,4.1116672,6.6821079,6.3300772,3.602777
DC,71,.039999999,District of Columbia,158100000,38.904148,-77.017097,61.048416,9,32.599998,750,560.20001,40.5,4600.5635,213,30.200001,6835,.80493832,285.16599,.74567902,113.5942,168.7654,-.2169897,5.6530709,5.12851,4.7326322,-3.2188759,4.1116672,6.6200728,6.3282938,3.7013021,-.29346001,5.5949001,-.30851609,4.6849661,5.0898852,-3.2188759,4.1116672,6.6280408,6.333457,3.6584201
DC,72,.039999999,District of Columbia,158100000,38.904148,-77.017097,61.048416,9,33.700001,744,558.29999,41.799999,4964.1533,220.60001,29.9,7415,.80622011,293.97531,.71531099,118.7597,177.3923,-.21539851,5.683496,5.1783638,4.777102,-3.2188759,4.1116672,6.612041,6.3248959,3.7328961,-.33503789,5.6530709,-.2169897,4.7326322,5.12851,-3.2188759,4.1116672,6.6200728,6.3282938,3.7013021
DC,73,.059999999,District of Columbia,158100000,38.904148,-77.017097,61.048416,9,34.5,734,553.40002,44.400002,5310.9292,209.39999,30.1,7952,.77702701,277.73691,.67792791,119.6155,179.09911,-.25228021,5.6266742,5.1879392,4.7842832,-2.813411,4.1116672,6.5985088,6.316081,3.7932401,-.38871431,5.683496,-.21539851,4.777102,5.1783638,-3.2188759,4.1116672,6.612041,6.3248959,3.7328961
DC,74,.059999999,District of Columbia,158100000,38.904148,-77.017097,61.048416,9,36,721,547.59998,49.299999,5894.1436,182.7,31.299999,8745,.73022312,240.5528,.63488841,119.5567,177.38341,-.31440511,5.4829402,5.1783128,4.7837911,-2.813411,4.1116672,6.5806389,6.3055449,3.8979239,-.45430601,5.6266742,-.25228021,4.7842832,5.1879392,-2.813411,4.1116672,6.5985088,6.316081,3.7932401
DC,75,.059999999,District of Columbia,158100000,38.904148,-77.017097,61.048416,9,39.400002,711,543.70001,53.799999,6587.6958,176.5,33.599998,9710,.73234212,230.8102,.62453532,122.4479,180.48331,-.31150761,5.441596,5.1956382,4.8076849,-2.813411,4.1116672,6.5666718,6.298398,3.9852729,-.47074741,5.4829402,-.31440511,4.7837911,5.1783128,-2.813411,4.1116672,6.5806389,6.3055449,3.8979239
DC,76,.1,District of Columbia,158100000,38.904148,-77.017097,61.048416,9,47.799999,697,536.90002,56.900002,7003.8271,167.7,37.900002,10613,.84007019,217.707,.66608077,123.0901,186.5202,-.1742698,5.3831501,5.228539,4.8129172,-2.3025849,4.1116672,6.5467849,6.2858119,4.041296,-.40634421,5.441596,-.31150761,4.8076849,5.1956382,-2.813411,4.1116672,6.5666718,6.298398,3.9852729
DC,77,.13,District of Columbia,158100000,38.904148,-77.017097,61.048416,9,51.900002,683,529.20001,60.599998,7770.938,136.7,38.400002,11560,.85643572,176.4288,.63366342,128.23331,190.75909,-.154976,5.1729169,5.2510109,4.8538508,-2.040221,4.1116672,6.526495,6.2713671,4.1042948,-.45623729,5.3831501,-.1742698,4.8129172,5.228539,-2.3025849,4.1116672,6.5467849,6.2858119,4.041296
DC,78,.13,District of Columbia,158100000,38.904148,-77.017097,61.048416,9,59.799999,671,523.29999,65.199997,8369.915,130.3,42.799999,12605,.91717792,167.0768,.65644169,128.37289,193.3282,-.086453803,5.118454,5.26439,4.854939,-2.040221,4.1116672,6.508769,6.2601552,4.1774588,-.4209213,5.1729169,-.154976,4.8538508,5.2510109,-2.040221,4.1116672,6.526495,6.2713671,4.1042948
DC,79,.13,District of Columbia,158100000,38.904148,-77.017097,61.048416,9,59.299999,656,514.59998,72.599998,9306.2109,128.5,45.799999,13819,.81680441,163.80881,.63085401,128.18469,190.34441,-.20235559,5.0987,5.2488351,4.8534722,-2.040221,4.1116672,6.4861612,6.2433901,4.284965,-.46068081,5.118454,-.086453803,4.854939,5.26439,-2.040221,4.1116672,6.508769,6.2601552,4.1774588
DC,80,.13,District of Columbia,158100000,38.904148,-77.017097,61.048416,9,65.599998,638,518.5,82.400002,10605.045,129.7,48.5,15256,.79611647,159.5923,.58859217,128.702,185.1456,-.22800981,5.0726218,5.2211428,4.8575001,-2.040221,4.1116672,6.4583378,6.2509398,4.4115849,-.53002173,5.0987,-.20235559,4.8534722,5.2488351,-2.040221,4.1116672,6.4861612,6.2433901,4.284965
DC,81,.13,District of Columbia,158100000,38.904148,-77.017097,61.048416,9,69,631,512.70001,90.900002,11612.798,131.89999,51.799999,16592,.75907588,162.3345,.56985688,127.7535,182.5302,-.27565351,5.0896592,5.2069159,4.8501029,-2.040221,4.1116672,6.4473062,6.2396908,4.5097599,-.56236988,5.0726218,-.22800981,4.8575001,5.2211428,-2.040221,4.1116672,6.4583378,6.2509398,4.4115849
DC,82,.13,District of Columbia,158100000,38.904148,-77.017097,61.048416,9,74.800003,631,512.70001,96.5,12167.64,132,56.400002,17628,.77512962,162.4576,.58445603,126.0895,182.6736,-.2547251,5.0904169,5.2077012,4.8369918,-2.040221,4.1116672,6.4473062,6.2396908,4.5695429,-.53707391,5.0896592,-.27565351,4.8501029,5.2069159,-2.040221,4.1116672,6.4473062,6.2396908,4.5097599
DC,83,.13,District of Columbia,158100000,38.904148,-77.017097,61.048416,9,86.300003,623,505.89999,99.599998,13222.68,124.5,68.800003,18506,.86646593,153.3179,.69076312,132.7578,185.80321,-.1433325,5.0325131,5.2246881,4.888526,-2.040221,4.1116672,6.434546,6.2263389,4.601162,-.36995831,5.0904169,-.2547251,4.8369918,5.2077012,-2.040221,4.1116672,6.4473062,6.2396908,4.5695429
DC,84,.13,District of Columbia,158100000,38.904148,-77.017097,61.048416,9,98.5,623,505.89999,103.9,14479.48,124.6,76,20091,.94802701,153.44099,.73147261,139.3598,193.36861,-.053372301,5.0333161,5.2645979,4.9370589,-2.040221,4.1116672,6.434546,6.2263389,4.6434288,-.31269559,5.0325131,-.1433325,4.888526,5.2246881,-2.040221,4.1116672,6.434546,6.2263389,4.601162
DC,85,.13,District of Columbia,158100000,38.904148,-77.017097,61.048416,9,100.4,623,502.89999,107.6,15439.945,122.1,83.599998,21493,.9330855,151.25929,.77695167,143.4939,199.7491,-.069258399,5.0189958,5.2970619,4.9662919,-2.040221,4.1116672,6.434546,6.2203908,4.678421,-.25237709,5.0333161,-.053372301,4.9370589,5.2645979,-2.040221,4.1116672,6.434546,6.2263389,4.6434288
DC,86,.13,District of Columbia,158100000,38.904148,-77.017097,61.048416,9,109.3,625,502.89999,109.6,15675.333,117.2,91.300003,22678,.99726278,145.6552,.83302921,143.0231,206.91611,-.0027409,4.9812422,5.3323131,4.963006,-2.040221,4.1116672,6.4377518,6.2203908,4.6968369,-.1826866,5.0189958,-.069258399,4.9662919,5.2970619,-2.040221,4.1116672,6.434546,6.2203908,4.678421
DC,87,.17,District of Columbia,158100000,38.904148,-77.017097,61.048416,9,112.5,622,501,113.6,16632.645,113,94.599998,24326,.99031693,140.2914,.83274651,146.41409,214.1373,-.0097302999,4.9437218,5.3666182,4.9864392,-1.771957,4.1116672,6.43294,6.2166061,4.7326841,-.183026,4.9812422,-.0027409,4.963006,5.3323131,-2.040221,4.1116672,6.4377518,6.2203908,4.6968369
DC,88,.17,District of Columbia,158100000,38.904148,-77.017097,61.048416,9,119,617,494,118.3,18397,105.4,102.1,26780,1.005917,131.6433,.86306,155.5114,226.3736,.0058998,4.880096,5.4221869,5.0467191,-1.771957,4.1116672,6.4248691,6.2025361,4.7732239,-.1472711,4.9437218,-.0097302999,4.9864392,5.3666182,-1.771957,4.1116672,6.43294,6.2166061,4.7326841
DC,89,.17,District of Columbia,158100000,38.904148,-77.017097,61.048416,9,135.89999,604,478,124,19937,101.1,109.4,28564,1.095968,127.7498,.88225812,160.7823,230.3548,.091637701,4.8500729,5.439621,5.0800509,-1.771957,4.1116672,6.403574,6.169611,4.820282,-.12527069,4.880096,.0058998,5.0467191,5.4221869,-1.771957,4.1116672,6.4248691,6.2025361,4.7732239
DC,90,.17,District of Columbia,158100000,38.904148,-77.017097,61.048416,9,145.7,587.5,465,130.7,19351,84.099998,128.60001,30448,1.114767,106.2554,.98393267,148.05659,232.961,.1086451,4.6658449,5.450871,4.9975948,-1.771957,4.1116672,6.3758759,6.1420369,4.8729048,-.0161977,4.8500729,.091637701,5.0800509,5.439621,-1.771957,4.1116672,6.403574,6.169611,4.820282
DC,91,.17,District of Columbia,158100000,38.904148,-77.017097,61.048416,9,143.3,578.79999,452,136.2,20231,82.199997,136.5,32085,1.052129,105.2596,1.002203,148.53889,235.57269,.050816,4.6564298,5.462019,5.0008469,-1.771957,4.1116672,6.3609571,6.1136818,4.914124,.0022002,4.6658449,.1086451,4.9975948,5.450871,-1.771957,4.1116672,6.3758759,6.1420369,4.8729048
DC,92,.17,District of Columbia,158100000,38.904148,-77.017097,61.048416,9,187.39999,570.09998,447.39999,140.3,22101,82.599998,157.89999,33791,1.335709,105.2531,1.125445,157.5267,240.84821,.2894623,4.6563678,5.4841671,5.0595951,-1.771957,4.1116672,6.3458118,6.1034532,4.9437828,.1181788,4.6564298,.050816,5.0008469,5.462019,-1.771957,4.1116672,6.3609571,6.1136818,4.914124
