Datasets/panel/Baltagi and Levine/cigarette.csv
idstate,year,txrate,name,aland,ycoord,xcoord,land,state,price,pop,pop16,cpi,ndi,sales,pimin,comp,ppp,spp,mppp,ipc,ncom,lnprice,lnsales,lncomp,lnndi,lntxrate,lnland,lnpop,lnpop16,lncpi,lnminp,lnsales_lag,lnprice_lag,lnndi_lag,lncomp_lag,lntxrate_lag,lnland_lag,lnpop_lag,lnpop16_lag,lncpi_lag
FL,63,.050000001,Florida,138900000000,28.45743,-82.409149,53624.855,10,26.299999,5532,3996.8,30.6,1980.6868,137.5,26.9,7948,.8594771,190.3147,.87908489,64.728317,259.73859,-.1514311,5.2486792,5.5596762,4.1701989,-2.9957321,10.88977,8.6183043,8.2932491,3.421,-.1288738,,,,,,,,,
FL,64,.079999998,Florida,138900000000,28.45743,-82.409149,53624.855,10,29.700001,5654,4087.2,31,2122.917,125.5,27.5,8788,.95806462,173.6096,.88709682,68.481194,283.48389,-.042840101,5.1568089,5.6471548,4.2265592,-2.5257289,10.88977,8.6401186,8.3156157,3.4339869,-.1198012,5.2486792,-.1514311,4.1701989,5.5596762,-2.9957321,10.88977,8.6183043,8.2932491,3.421
FL,65,.079999998,Florida,138900000000,28.45743,-82.409149,53624.855,10,29.700001,5796,4197.7002,31.5,2261.9863,131.10001,29.799999,9692,.94285709,181.01711,.94603169,71.80909,307.6825,-.058840498,5.1985922,5.7290678,4.2740111,-2.5257289,10.88977,8.6649237,8.3422918,3.4499879,-.055479199,5.1568089,-.042840101,4.2265592,5.6471548,-2.5257289,10.88977,8.6401186,8.3156157,3.4339869
FL,66,.079999998,Florida,138900000000,28.45743,-82.409149,53624.855,10,30,5914,4292.1001,32.400002,2430.5554,131.3,30.6,10795,.92592591,180.9157,.94444442,75.017143,333.17899,-.0769611,5.1980309,5.8086801,4.3177171,-2.5257289,10.88977,8.6850777,8.3645325,3.478158,-.057158399,5.1985922,-.058840498,4.2740111,5.7290678,-2.5257289,10.88977,8.6649237,8.3422918,3.4499879
FL,67,.079999998,Florida,138900000000,28.45743,-82.409149,53624.855,10,30.200001,6035,4401.6001,33.400002,2599.1245,132.8,31.5,11860,.90419161,182.0811,.94311368,77.818092,355.08981,-.100714,5.204452,5.8723712,4.3543739,-2.5257289,10.88977,8.7053308,8.3897238,3.5085559,-.058568399,5.1980309,-.0769611,4.3177171,5.8086801,-2.5257289,10.88977,8.6850777,8.3645325,3.478158
FL,68,.15000001,Florida,138900000000,28.45743,-82.409149,53624.855,10,32,6210,4559.2998,34.799999,2861.4602,129.3,33.299999,13523,.91954023,176.1132,.95689648,82.225868,388.59189,-.083881497,5.1711268,5.9625301,4.4094701,-1.89712,10.88977,8.7339163,8.4249239,3.5496171,-.044059999,5.204452,-.100714,4.3543739,5.8723712,-2.5257289,10.88977,8.7053308,8.3897238,3.5085559
FL,69,.15000001,Florida,138900000000,28.45743,-82.409149,53624.855,10,41.299999,6354,4733.1001,36.700001,3131.1709,121.2,34.200001,15671,1.1253411,162.70621,.93188012,85.318008,427.00269,.1180857,5.0919461,6.0567899,4.4463849,-1.89712,10.88977,8.7568398,8.4623356,3.602777,-.070551097,5.1711268,-.083881497,4.4094701,5.9625301,-1.89712,10.88977,8.7339163,8.4249239,3.5496171
FL,70,.15000001,Florida,138900000000,28.45743,-82.409149,53624.855,10,43.5,6789,5188.1001,38.799999,3444.0771,123.6,34.299999,17687,1.121134,161.7394,.88402063,88.764877,455.85049,.1143407,5.0859871,6.1221652,4.485991,-1.89712,10.88977,8.8230591,8.5541229,3.6584201,-.1232749,5.0919461,.1180857,4.4463849,6.0567899,-1.89712,10.88977,8.7568398,8.4623356,3.602777
FL,71,.15000001,Florida,138900000000,28.45743,-82.409149,53624.855,10,43.799999,7101,5471.3999,40.5,3693.77,123,35.799999,19522,1.081481,159.63429,.88395059,91.204201,482.02469,.078331798,5.072886,6.1779952,4.5131011,-1.89712,10.88977,8.8679895,8.6072893,3.7013021,-.1233541,5.0859871,.1143407,4.485991,6.1221652,-1.89712,10.88977,8.8230591,8.5541229,3.6584201
FL,72,.17,Florida,138900000000,28.45743,-82.409149,53624.855,10,46.799999,7407,5754.6001,41.799999,3978.2305,126,40.900002,22557,1.119617,162.18021,.97846901,95.172981,539.64117,.1129869,5.0887079,6.290905,4.555696,-1.771957,10.88977,8.910181,8.6577549,3.7328961,-.021766201,5.072886,.078331798,4.5131011,6.1779952,-1.89712,10.88977,8.8679895,8.6072893,3.7013021
FL,73,.17,Florida,138900000000,28.45743,-82.409149,53624.855,10,47.400002,7757,6073.1001,44.400002,4483.9375,132.60001,42.099998,26808,1.0675679,169.3663,.94819808,100.9896,603.78381,.065382801,5.1320629,6.4032159,4.6150169,-1.771957,10.88977,8.9563513,8.7116241,3.7932401,-.0531918,5.0887079,.1129869,4.555696,6.290905,-1.771957,10.88977,8.910181,8.6577549,3.7328961
FL,74,.17,Florida,138900000000,28.45743,-82.409149,53624.855,10,48.099998,8087,6387.5,49.299999,4813.7012,136,42.400002,29962,.97565919,172.185,.86004061,97.640999,607.74847,-.024641899,5.1485701,6.409761,4.5812969,-1.771957,10.88977,8.9980125,8.7620983,3.8979239,-.1507757,5.1320629,.065382801,4.6150169,6.4032159,-1.771957,10.88977,8.9563513,8.7116241,3.7932401
FL,75,.17,Florida,138900000000,28.45743,-82.409149,53624.855,10,51.700001,8253,6572.2998,53.799999,5129.7681,131.89999,44.5,31363,.96096659,165.6301,.82713747,95.348846,582.95538,-.039815601,5.1097569,6.3681111,4.5575418,-1.771957,10.88977,9.0183315,8.7906189,3.9852729,-.1897843,5.1485701,-.024641899,4.5812969,6.409761,-1.771957,10.88977,8.9980125,8.7620983,3.8979239
FL,76,.17,Florida,138900000000,28.45743,-82.409149,53624.855,10,55.900002,8348,6705.8999,56.900002,5436.353,130.3,47.900002,34029,.98242527,162.20711,.84182781,95.542229,598.04919,-.017730899,5.0888739,6.3936729,4.5595679,-1.771957,10.88977,9.0297775,8.8107433,4.041296,-.17217989,5.1097569,-.039815601,4.5575418,6.3681111,-1.771957,10.88977,9.0183315,8.7906189,3.9852729
FL,77,.17,Florida,138900000000,28.45743,-82.409149,53624.855,10,55.900002,8481,6862.6001,60.599998,5965.2388,133.10001,49.5,37974,.92244232,164.4888,.81683171,98.436287,626.63373,-.080730401,5.1028428,6.440362,4.5894089,-1.771957,10.88977,9.0455837,8.8338413,4.1042948,-.2023222,5.0888739,-.017730899,4.5595679,6.3936729,-1.771957,10.88977,9.0297775,8.8107433,4.041296
FL,78,.20999999,Florida,138900000000,28.45743,-82.409149,53624.855,10,66.300003,8661,7051.3999,65.199997,6677.4429,133.39999,54.700001,43961,1.016871,163.8508,.83895707,102.4148,674.24847,.0167305,5.0989561,6.5135989,4.6290312,-1.560648,10.88977,9.0665855,8.860981,4.1774588,-.1755957,5.1028428,-.080730401,4.5894089,6.440362,-1.771957,10.88977,9.0455837,8.8338413,4.1042948
FL,79,.20999999,Florida,138900000000,28.45743,-82.409149,53624.855,10,66.5,8860,7251.2998,72.599998,7425.4683,135.39999,56.599998,50569,.91597801,165.43851,.77961433,102.2792,696.54272,-.087762997,5.1085992,6.5461292,4.6277061,-1.560648,10.88977,9.0893021,8.888936,4.284965,-.24895591,5.0989561,.0167305,4.6290312,6.5135989,-1.560648,10.88977,9.0665855,8.860981,4.1774588
FL,80,.20999999,Florida,138900000000,28.45743,-82.409149,53624.855,10,69.800003,9749,8052.8999,82.400002,8227.2246,139,59.299999,58467,.84708738,168.2762,.71966022,99.844963,709.55103,-.1659514,5.125607,6.5646319,4.6036191,-1.560648,10.88977,9.1849203,8.9937878,4.4115849,-.32897621,5.1085992,-.087762997,4.6277061,6.5461292,-1.560648,10.88977,9.0893021,8.888936,4.284965
FL,81,.20999999,Florida,138900000000,28.45743,-82.409149,53624.855,10,72.800003,10183,8426.5996,90.900002,9132.2305,132.8,62.599998,66661,.80088007,160.48019,.68866879,100.4646,733.3443,-.22204401,5.0781708,6.5976148,4.6098051,-1.560648,10.88977,9.2284746,9.0391483,4.5097599,-.37299481,5.125607,-.1659514,4.6036191,6.5646319,-1.560648,10.88977,9.1849203,8.9937878,4.4115849
FL,82,.20999999,Florida,138900000000,28.45743,-82.409149,53624.855,10,79,10416,8626.4004,96.5,9545.2246,131.8,67.800003,72328,.81865293,159.1427,.7025907,98.914253,749.51288,-.2000951,5.0698009,6.6194229,4.5942531,-1.560648,10.88977,9.2510986,9.062583,4.5695429,-.35298079,5.0781708,-.22204401,4.6098051,6.5976148,-1.560648,10.88977,9.2284746,9.0391483,4.5097599
FL,83,.20999999,Florida,138900000000,28.45743,-82.409149,53624.855,10,90.5,10680,8855.5,99.599998,10352.249,127.6,78.900002,79500,.90863448,153.8895,.79216868,103.9382,798.19281,-.095812298,5.0362339,6.6823502,4.6437969,-1.560648,10.88977,9.2761278,9.0887938,4.601162,-.23298091,5.0698009,-.2000951,4.5942531,6.6194229,-1.560648,10.88977,9.2510986,9.062583,4.5695429
FL,84,.20999999,Florida,138900000000,28.45743,-82.409149,53624.855,10,99.300003,10976,9113.5996,103.9,11091.846,124.7,86.800003,89665,.95572668,150.18291,.8354187,106.755,862.99323,-.045283299,5.0118542,6.760407,4.670537,-1.560648,10.88977,9.3034668,9.1175232,4.6434288,-.17982221,5.0362339,-.095812298,4.6437969,6.6823502,-1.560648,10.88977,9.2761278,9.0887938,4.601162
FL,85,.20999999,Florida,138900000000,28.45743,-82.409149,53624.855,10,104.2,11053,9113.5996,107.6,11764.016,124.2,90.699997,98576,.96840149,150.6301,.84293681,109.331,916.13391,-.032108501,5.0148268,6.8201618,4.6943798,-1.560648,10.88977,9.3104572,9.1175232,4.678421,-.1708633,5.0118542,-.045283299,4.670537,6.760407,-1.560648,10.88977,9.3034668,9.1175232,4.6434288
FL,86,.20999999,Florida,138900000000,28.45743,-82.409149,53624.855,10,113.8,11373,9384.7998,109.6,12378.239,124.7,100.1,107401,1.038321,151.1181,.91332108,112.9401,979.93622,.0376052,5.0180621,6.8874869,4.7268581,-1.560648,10.88977,9.3389978,9.1468468,4.6968369,-.090667702,5.0148268,-.032108501,4.6943798,6.8201618,-1.560648,10.88977,9.3104572,9.1175232,4.678421
FL,87,.23999999,Florida,138900000000,28.45743,-82.409149,53624.855,10,120.8,12023,9649,113.6,13193.691,125.1,103.9,118252,1.06338,155.8791,.91461271,116.1417,1040.951,.061452899,5.0490808,6.9478898,4.7548108,-1.427116,10.88977,9.394577,9.1746092,4.7326841,-.089254603,5.0180621,.0376052,4.7268581,6.8874869,-1.560648,10.88977,9.3389978,9.1468468,4.6968369
FL,88,.23999999,Florida,138900000000,28.45743,-82.409149,53624.855,10,130.5,12335,9870,118.3,14144,119.5,109.2,129233,1.103128,149.3447,.92307693,119.5604,1092.418,.098149396,5.0062571,6.9961491,4.7838221,-1.427116,10.88977,9.4201956,9.1972551,4.7732239,-.080042802,5.0490808,.061452899,4.7548108,6.9478898,-1.427116,10.88977,9.394577,9.1746092,4.7326841
FL,89,.23999999,Florida,138900000000,28.45743,-82.409149,53624.855,10,139.8,12671,10113,124,15049,113.8,122.3,138703,1.127419,142.58479,.98629028,121.3629,1118.573,.1199313,4.9599371,7.0198088,4.7987852,-1.427116,10.88977,9.4470711,9.2215767,4.820282,-.0138045,5.0062571,.098149396,4.7838221,6.9961491,-1.427116,10.88977,9.4201956,9.1972551,4.7732239
FL,90,.23999999,Florida,138900000000,28.45743,-82.409149,53624.855,10,150.10001,12971.8,10353.1,130.7,15859,110.1,132.3,149050,1.148432,137.94859,1.012242,121.3389,1140.3979,.1383971,4.9268808,7.0391331,4.7985878,-1.427116,10.88977,9.4705334,9.2450409,4.8729048,.0121675,4.9599371,.1199313,4.7987852,7.0198088,-1.427116,10.88977,9.4470711,9.2215767,4.820282
FL,91,.23999999,Florida,138900000000,28.45743,-82.409149,53624.855,10,174.8,13311.7,10561.6,136.2,16254,98.199997,138.2,154145,1.283407,123.77,1.014684,119.3392,1131.755,.2495181,4.8184252,7.0315251,4.78197,-1.427116,10.88977,9.4963989,9.2649803,4.914124,.0145775,4.9268808,.1383971,4.7985878,7.0391331,-1.427116,10.88977,9.4705334,9.2450409,4.8729048
FL,92,.33899999,Florida,138900000000,28.45743,-82.409149,53624.855,10,187,13523.2,10664.3,140.3,17246,95.900002,159.5,163865,1.332858,121.609,1.13685,122.9223,1167.9611,.28732559,4.8008108,7.063015,4.811553,-1.081755,10.88977,9.5121622,9.2746572,4.9437828,.128261,4.8184252,.2495181,4.78197,7.0315251,-1.427116,10.88977,9.4963989,9.2649803,4.914124
