Datasets/panel/Baltagi and Levine/cigarette.csv
idstate,year,txrate,name,aland,ycoord,xcoord,land,state,price,pop,pop16,cpi,ndi,sales,pimin,comp,ppp,spp,mppp,ipc,ncom,lnprice,lnsales,lncomp,lnndi,lntxrate,lnland,lnpop,lnpop16,lncpi,lnminp,lnsales_lag,lnprice_lag,lnndi_lag,lncomp_lag,lntxrate_lag,lnland_lag,lnpop_lag,lnpop16_lag,lncpi_lag
GA,63,.050000001,Georgia,149000000000,32.629383,-83.42321,57513.883,11,26.9,4206,2768.3999,30.6,1743.9395,108.3,26.1,6091,.87908489,164.539,.85294122,56.991489,199.05231,-.1288738,5.103148,5.2935681,4.042902,-2.9957321,10.95978,8.3442669,7.9260249,3.421,-.1590647,,,,,,,,,
GA,64,.079999998,Georgia,149000000000,32.629383,-83.42321,57513.883,11,27.5,4304,2840,31,1865.9221,107.6,26.5,6667,.88709682,163.067,.85483873,60.19104,215.0645,-.1198012,5.094162,5.3709378,4.0975232,-2.5257289,10.95978,8.3673,7.95156,3.4339869,-.1568425,5.103148,-.1288738,4.042902,5.2935681,-2.9957321,10.95978,8.3442669,7.9260249,3.421
GA,65,.079999998,Georgia,149000000000,32.629383,-83.42321,57513.883,11,30.9,4391,2903.8999,31.5,2024.0862,103.5,26.200001,7338,.98095238,156.50281,.83174598,64.256706,232.95239,-.0192314,5.0530739,5.4508338,4.1628861,-2.5257289,10.95978,8.3873119,7.9738102,3.4499879,-.18422811,5.094162,-.1198012,4.0975232,5.3709378,-2.5257289,10.95978,8.3673,7.95156,3.4339869
GA,66,.079999998,Georgia,149000000000,32.629383,-83.42321,57513.883,11,30.6,4462,2965,32.400002,2193.6216,104.8,26.200001,8249,.94444442,157.71249,.80864203,67.704369,254.5988,-.057158399,5.0607738,5.5396891,4.2151508,-2.5257289,10.95978,8.4033527,7.9946318,3.478158,-.21239901,5.0530739,-.0192314,4.1628861,5.4508338,-2.5257289,10.95978,8.3873119,7.9738102,3.4499879
GA,67,.079999998,Georgia,149000000000,32.629383,-83.42321,57513.883,11,31.5,4490,2996.5,33.400002,2366.2581,106.7,27.299999,9005,.94311368,159.88091,.81736523,70.846046,269.61081,-.058568399,5.074429,5.5969791,4.260509,-2.5257289,10.95978,8.4096079,8.0052004,3.5085559,-.2016692,5.0607738,-.057158399,4.2151508,5.5396891,-2.5257289,10.95978,8.4033527,7.9946318,3.478158
GA,68,.079999998,Georgia,149000000000,32.629383,-83.42321,57513.883,11,33.299999,4579,3077.6001,34.799999,2530.6248,105,29.5,10067,.95689648,156.224,.84770119,72.719101,289.28159,-.044059999,5.051291,5.6674008,4.2866039,-2.5257289,10.95978,8.4292355,8.0319052,3.5496171,-.1652271,5.074429,-.058568399,4.260509,5.5969791,-2.5257289,10.95978,8.4096079,8.0052004,3.5085559
GA,69,.079999998,Georgia,149000000000,32.629383,-83.42321,57513.883,11,34.200001,4641,3113.8999,36.700001,2730.1387,108.6,29,11294,.93188012,161.85899,.7901907,74.390701,307.7384,-.070551097,5.0867252,5.72925,4.3093309,-2.5257289,10.95978,8.4426851,8.0436316,3.602777,-.23548099,5.051291,-.044059999,4.2866039,5.6674008,-2.5257289,10.95978,8.4292355,8.0319052,3.5496171
GA,70,.079999998,Georgia,149000000000,32.629383,-83.42321,57513.883,11,34.299999,4589,3159.7,38.799999,2955.4966,109.9,32.5,12127,.88402063,159.6136,.8376289,76.172592,312.55151,-.1232749,5.0727558,5.7447701,4.3330021,-2.5257289,10.95978,8.4314175,8.0582323,3.6584201,-.1771801,5.0867252,-.070551097,4.3093309,5.72925,-2.5257289,10.95978,8.4426851,8.0436316,3.602777
GA,71,.12,Georgia,149000000000,32.629383,-83.42321,57513.883,11,35.799999,4679,3243.7,40.5,3189.1245,115.7,34.299999,13243,.88395059,166.8959,.84691358,78.743813,326.98761,-.1233541,5.1173711,5.7899222,4.366199,-2.1202641,10.95978,8.45084,8.0844698,3.7013021,-.1661566,5.0727558,-.1232749,4.3330021,5.7447701,-2.5257289,10.95978,8.4314175,8.0582323,3.6584201
GA,72,.12,Georgia,149000000000,32.629383,-83.42321,57513.883,11,40.900002,4751,3314.3,41.799999,3467.2039,117,34.099998,14922,.97846901,167.7178,.81578952,82.947456,356.98569,-.021766201,5.122283,5.877696,4.4182081,-2.1202641,10.95978,8.4661102,8.1060019,3.7328961,-.20359901,5.1173711,-.1233541,4.366199,5.7899222,-2.1202641,10.95978,8.45084,8.0844698,3.7013021
GA,73,.12,Georgia,149000000000,32.629383,-83.42321,57513.883,11,42.400002,4826,3392.5,44.400002,3885.8733,119.8,33.5,16930,.95495498,170.42149,.7545045,87.519669,381.3063,-.046091098,5.1382751,5.943603,4.4718642,-2.1202641,10.95978,8.4817734,8.1293221,3.7932401,-.28169399,5.122283,-.021766201,4.4182081,5.877696,-2.1202641,10.95978,8.4661102,8.1060019,3.7328961
GA,74,.12,Georgia,149000000000,32.629383,-83.42321,57513.883,11,42.400002,4888,3463.1001,49.299999,4188.7627,123.7,35.200001,18540,.86004061,174.5966,.71399599,84.96476,376.06491,-.1507757,5.162478,5.9297619,4.4422359,-2.1202641,10.95978,8.4945383,8.1499205,3.8979239,-.33687791,5.1382751,-.046091098,4.4718642,5.943603,-2.1202641,10.95978,8.4817734,8.1293221,3.7932401
GA,75,.12,Georgia,149000000000,32.629383,-83.42321,57513.883,11,44.5,4926,3519.3999,53.799999,4493.7197,122.9,38.099998,19331,.82713747,172.0195,.7081784,83.52639,359.31229,-.1897843,5.1476078,5.884192,4.4251628,-2.1202641,10.95978,8.5022821,8.1660461,3.9852729,-.34505919,5.162478,-.1507757,4.4422359,5.9297619,-2.1202641,10.95978,8.4945383,8.1499205,3.8979239
GA,76,.12,Georgia,149000000000,32.629383,-83.42321,57513.883,11,47.900002,4968,3581.5,56.900002,4872.0728,125.9,41,21963,.84182781,174.6395,.7205624,85.625183,385.99301,-.17217989,5.162724,5.9558191,4.4499788,-2.1202641,10.95978,8.5107727,8.1835365,4.041296,-.32772329,5.1476078,-.1897843,4.4251628,5.884192,-2.1202641,10.95978,8.5022821,8.1660461,3.9852729
GA,77,.12,Georgia,149000000000,32.629383,-83.42321,57513.883,11,49.5,5027,3652.1001,60.599998,5279.3711,127.9,42.200001,24768,.81683171,176.05029,.69636959,87.11834,408.71289,-.2023222,5.1707702,6.0130129,4.467268,-2.1202641,10.95978,8.5225782,8.2030573,4.1042948,-.3618747,5.162724,-.17217989,4.4499788,5.9558191,-2.1202641,10.95978,8.5107727,8.1835365,4.041296
GA,78,.12,Georgia,149000000000,32.629383,-83.42321,57513.883,11,54.700001,5075,3711.3,65.199997,5893.4194,130.60001,49.200001,28094,.83895707,178.58839,.7546013,90.38987,430.88959,-.1755957,5.1850829,6.0658522,4.5041318,-2.1202641,10.95978,8.5320816,8.2191372,4.1774588,-.28156579,5.1707702,-.2023222,4.467268,6.0130129,-2.1202641,10.95978,8.5225782,8.2030573,4.1042948
GA,79,.12,Georgia,149000000000,32.629383,-83.42321,57513.883,11,56.599998,5117,3764.7,72.599998,6422.7007,131,50.200001,31562,.77961433,178.05589,.69146007,88.466957,434.73831,-.24895591,5.182097,6.0747442,4.4826288,-2.1202641,10.95978,8.5403233,8.2334232,4.284965,-.36894989,5.1850829,-.1755957,4.5041318,6.0658522,-2.1202641,10.95978,8.5320816,8.2191372,4.1774588
GA,80,.12,Georgia,149000000000,32.629383,-83.42321,57513.883,11,59.299999,5464,4036.7,82.400002,7014.0068,134,52.299999,35273,.71966022,181.37981,.6347087,85.121437,428.0704,-.32897621,5.200593,6.059288,4.4440789,-2.1202641,10.95978,8.6059361,8.3031826,4.4115849,-.4545891,5.182097,-.24895591,4.4826288,6.0747442,-2.1202641,10.95978,8.5403233,8.2334232,4.284965
GA,81,.12,Georgia,149000000000,32.629383,-83.42321,57513.883,11,62.599998,5574,4133.1001,90.900002,7744.8691,131.7,54.700001,39262,.68866879,177.6138,.60176009,85.20208,431.9252,-.37299481,5.1796122,6.068253,4.4450259,-2.1202641,10.95978,8.6258678,8.3267832,4.5097599,-.50789642,5.200593,-.32897621,4.4440789,6.059288,-2.1202641,10.95978,8.6059361,8.3031826,4.4115849
GA,82,.12,Georgia,149000000000,32.629383,-83.42321,57513.883,11,67.800003,5639,4197,96.5,8357.8838,131.2,61.900002,42282,.7025907,176.2775,.64145082,86.610191,438.1554,-.35298079,5.17206,6.0825739,4.4614182,-2.1202641,10.95978,8.6374617,8.3421249,4.5695429,-.44402269,5.1796122,-.37299481,4.4450259,6.068253,-2.1202641,10.95978,8.6258678,8.3267832,4.5097599
GA,83,.12,Georgia,149000000000,32.629383,-83.42321,57513.883,11,78.900002,5732,4283.7998,99.599998,9010.1816,128.60001,72.400002,46359,.79216868,172.0751,.72690767,90.463669,465.45181,-.23298091,5.1479311,6.1430092,4.5049481,-2.1202641,10.95978,8.65382,8.3625956,4.601162,-.31895581,5.17206,-.35298079,4.4614182,6.0825739,-2.1202641,10.95978,8.6374617,8.3421249,4.5695429
GA,84,.12,Georgia,149000000000,32.629383,-83.42321,57513.883,11,86.800003,5837,4382.1001,103.9,9955.0313,126.3,81.300003,52729,.8354187,168.2328,.78248322,95.813583,507.49759,-.17982221,5.125349,6.2294922,4.5624051,-2.1202641,10.95978,8.6719723,8.3852835,4.6434288,-.2452829,5.1479311,-.23298091,4.5049481,6.1430092,-2.1202641,10.95978,8.65382,8.3625956,4.601162
GA,85,.12,Georgia,149000000000,32.629383,-83.42321,57513.883,11,90.699997,5973,4486.1001,107.6,10577.35,128.8,83,58339,.84293681,171.4902,.77137548,98.302513,542.18402,-.1708633,5.144526,6.2956061,4.5880489,-2.1202641,10.95978,8.6950045,8.4087391,4.678421,-.25957999,5.125349,-.17982221,4.5624051,6.2294922,-2.1202641,10.95978,8.6719723,8.3852835,4.6434288
GA,86,.12,Georgia,149000000000,32.629383,-83.42321,57513.883,11,100.1,6100,4595.8999,109.6,11423.992,129,88.699997,63883,.91332108,171.2178,.80930662,104.2335,582.87408,-.090667702,5.1429372,6.3679709,4.6466341,-2.1202641,10.95978,8.7160444,8.4329205,4.6968369,-.2115775,5.144526,-.1708633,4.5880489,6.2956061,-2.1202641,10.95978,8.6950045,8.4087391,4.678421
GA,87,.12,Georgia,149000000000,32.629383,-83.42321,57513.883,11,103.9,6222,4698,113.6,12115.572,129.3,95.300003,69330,.91461271,171.24409,.83890849,106.6512,610.29932,-.089254603,5.1430898,6.413949,4.6695628,-2.1202641,10.95978,8.7358475,8.4548922,4.7326841,-.1756537,5.1429372,-.090667702,4.6466341,6.3679709,-2.1202641,10.95978,8.7160444,8.4329205,4.6968369
GA,88,.12,Georgia,149000000000,32.629383,-83.42321,57513.883,11,109.2,6342,4778,118.3,12925,124.1,99.900002,74908,.92307693,164.72211,.84446323,109.2561,633.20367,-.080042802,5.10426,6.4507918,4.6936951,-2.1202641,10.95978,8.7549496,8.471777,4.7732239,-.16905411,5.1430898,-.089254603,4.6695628,6.413949,-2.1202641,10.95978,8.7358475,8.4548922,4.7326841
GA,89,.12,Georgia,149000000000,32.629383,-83.42321,57513.883,11,122.4,6436,4842,124,13464,117.1,111.9,79045,.98709679,155.6496,.90241939,108.5806,637.45972,-.0129872,5.0476069,6.4574909,4.6874928,-2.1202641,10.95978,8.7696629,8.4850836,4.820282,-.1026759,5.10426,-.080042802,4.6936951,6.4507918,-2.1202641,10.95978,8.7549496,8.471777,4.7732239
GA,90,.12,Georgia,149000000000,32.629383,-83.42321,57513.883,11,132.3,6503.2998,4892.6001,130.7,14354,113.8,125.2,84071,1.012242,151.2643,.95791888,109.824,643.23651,.0121675,5.0190282,6.4665122,4.6988788,-2.1202641,10.95978,8.7800646,8.4954796,4.8729048,-.042992201,5.0476069,-.0129872,4.6874928,6.4574909,-2.1202641,10.95978,8.7696629,8.4850836,4.820282
GA,91,.12,Georgia,149000000000,32.629383,-83.42321,57513.883,11,138.2,6648.7998,4987.7002,136.2,14694,109.6,129,87232,1.014684,146.1011,.94713658,107.8855,640.46991,.0145775,4.9842992,6.4622021,4.6810699,-2.1202641,10.95978,8.8021917,8.5147305,4.914124,-.054311998,5.0190282,.0121675,4.6988788,6.4665122,-2.1202641,10.95978,8.7800646,8.4954796,4.8729048
GA,92,.12,Georgia,149000000000,32.629383,-83.42321,57513.883,11,159.5,6777.2998,5088.7002,140.3,15943,109.2,151.89999,94004,1.13685,145.4362,1.08268,113.6351,670.02142,.128261,4.9797368,6.507309,4.7329922,-2.1202641,10.95978,8.8213339,8.5347776,4.9437828,.079439297,4.9842992,.0145775,4.6810699,6.4622021,-2.1202641,10.95978,8.8021917,8.5147305,4.914124
