Datasets/panel/Baltagi and Levine/cigarette.csv
idstate,year,txrate,name,aland,ycoord,xcoord,land,state,price,pop,pop16,cpi,ndi,sales,pimin,comp,ppp,spp,mppp,ipc,ncom,lnprice,lnsales,lncomp,lnndi,lntxrate,lnland,lnpop,lnpop16,lncpi,lnminp,lnsales_lag,lnprice_lag,lnndi_lag,lncomp_lag,lntxrate_lag,lnland_lag,lnpop_lag,lnpop16_lag,lncpi_lag
ID,63,.07,Idaho,214000000000,44.302094,-114.59563,82643.547,13,28,689,451.60001,30.6,1938.8138,97,24.9,960,.91503268,147.99159,.81372547,63.359928,31.372549,-.088795498,4.9971552,3.4459331,4.1488318,-2.65926,11.32229,6.5352411,6.1127968,3.421,-.2061322,,,,,,,,,
ID,64,.07,Idaho,214000000000,44.302094,-114.59563,82643.547,13,29.4,687,453.5,31,2021.6064,90.099998,26.200001,1022,.94838709,136.4911,.84516132,65.213112,32.967739,-.0529925,4.9162588,3.4955299,4.17766,-2.65926,11.32229,6.5323339,6.1169949,3.4339869,-.16822781,4.9971552,-.088795498,4.1488318,3.4459331,-2.65926,11.32229,6.5352411,6.1127968,3.421
ID,65,.07,Idaho,214000000000,44.302094,-114.59563,82643.547,13,29.1,693,461.20001,31.5,2302.4724,95.199997,26.1,1119,.92380953,143.0477,.82857138,73.09436,35.523811,-.079249397,4.9631782,3.5702031,4.2917509,-2.65926,11.32229,6.5410299,6.133832,3.4499879,-.18805221,4.9162588,-.0529925,4.17766,3.4955299,-2.65926,11.32229,6.5323339,6.1169949,3.4339869
ID,66,.07,Idaho,214000000000,44.302094,-114.59563,82643.547,13,29.799999,700,468.89999,32.400002,2314.0005,94.5,26.5,1190,.91975302,141.07491,.81790119,71.419762,36.72839,-.083650097,4.9492912,3.60355,4.2685752,-2.65926,11.32229,6.5510802,6.1503901,3.478158,-.2010137,4.9631782,-.079249397,4.2917509,3.5702031,-2.65926,11.32229,6.5410299,6.133832,3.4499879
ID,67,.07,Idaho,214000000000,44.302094,-114.59563,82643.547,13,30.1,701,474.70001,33.400002,2445.0015,98.300003,27.4,1247,.90119761,145.1618,.82035917,73.203644,37.335331,-.1040308,4.977849,3.61994,4.2932448,-2.65926,11.32229,6.5525079,6.162683,3.5085559,-.1980129,4.9492912,-.083650097,4.2685752,3.60355,-2.65926,11.32229,6.5510802,6.1503901,3.478158
ID,68,.07,Idaho,214000000000,44.302094,-114.59563,82643.547,13,32,709,485.29999,34.799999,2559.2344,99.099998,32.299999,1350,.91954023,144.7803,.92816091,73.541222,38.79311,-.083881497,4.9752178,3.658242,4.2978458,-2.65926,11.32229,6.5638561,6.1847668,3.5496171,-.074550197,4.977849,-.1040308,4.2932448,3.61994,-2.65926,11.32229,6.5525079,6.162683,3.5085559
ID,69,.07,Idaho,214000000000,44.302094,-114.59563,82643.547,13,31.9,718,487.20001,36.700001,2813.9001,100.6,32.599998,1485,.86920983,148.257,.88828331,76.673027,40.463211,-.1401708,4.9989471,3.700393,4.33955,-2.65926,11.32229,6.5764689,6.1886749,3.602777,-.1184645,4.9752178,-.083881497,4.2978458,3.658242,-2.65926,11.32229,6.5638561,6.1847668,3.5496171
ID,70,.07,Idaho,214000000000,44.302094,-114.59563,82643.547,13,33.799999,713,493,38.799999,3058.0859,102.4,34,1630,.87113398,148.0957,.87628871,78.81665,42.010311,-.13795941,4.997859,3.737915,4.3671241,-2.65926,11.32229,6.5694809,6.2005091,3.6584201,-.13205969,4.9989471,-.1401708,4.33955,3.700393,-2.65926,11.32229,6.5764689,6.1886749,3.602777
ID,71,.07,Idaho,214000000000,44.302094,-114.59563,82643.547,13,33.599998,735,513.20001,40.5,3245.6792,108.5,34.400002,1777,.8296296,155.39259,.84938282,80.140228,43.876541,-.18677589,5.0459552,3.7813799,4.3837781,-2.65926,11.32229,6.5998712,6.240665,3.7013021,-.16324539,4.997859,-.13795941,4.3671241,3.737915,-2.65926,11.32229,6.5694809,6.2005091,3.6584201
ID,72,.07,Idaho,214000000000,44.302094,-114.59563,82643.547,13,33.700001,756,533.40002,41.799999,3615.626,126.1,34.400002,2012,.80622011,178.7244,.82296658,86.49823,48.133968,-.21539851,5.1858449,3.8739879,4.460124,-2.65926,11.32229,6.6280408,6.2792721,3.7328961,-.1948397,5.0459552,-.18677589,4.3837781,3.7813799,-2.65926,11.32229,6.5998712,6.240665,3.7013021
ID,73,.090999998,Idaho,214000000000,44.302094,-114.59563,82643.547,13,36.299999,772,547.90002,44.400002,4165.8296,121.8,34.400002,2299,.81756753,171.61819,.77477479,93.824989,51.779282,-.2014218,5.1452718,3.94699,4.541431,-2.3968959,11.32229,6.648984,6.3060932,3.7932401,-.25518289,5.1858449,-.21539851,4.460124,3.8739879,-2.65926,11.32229,6.6280408,6.2792721,3.7328961
ID,74,.090999998,Idaho,214000000000,44.302094,-114.59563,82643.547,13,38,794,568.09998,49.299999,4643.7212,125.6,35.799999,2634,.77079111,175.5437,.72616631,94.19313,53.42799,-.26033789,5.1678882,3.9783349,4.5453472,-2.3968959,11.32229,6.677083,6.342298,3.8979239,-.31997621,5.1452718,-.2014218,4.541431,3.94699,-2.3968959,11.32229,6.648984,6.3060932,3.7932401
ID,75,.090999998,Idaho,214000000000,44.302094,-114.59563,82643.547,13,40.299999,815,586.40002,53.799999,4804.0664,123.3,38.599998,2993,.74907058,171.36681,.71747208,89.294907,55.631969,-.28892201,5.143806,4.0187578,4.4919438,-2.3968959,11.32229,6.7031879,6.374002,3.9852729,-.33202121,5.1678882,-.26033789,4.5453472,3.9783349,-2.3968959,11.32229,6.677083,6.342298,3.8979239
ID,76,.090999998,Idaho,214000000000,44.302094,-114.59563,82643.547,13,42.5,836,604.70001,56.900002,5161.437,125.1,42.599998,3467,.7469244,172.9512,.74868178,90.710663,60.931461,-.29179129,5.1530089,4.1097498,4.5076752,-2.3968959,11.32229,6.7286291,6.4047332,4.041296,-.2894412,5.143806,-.28892201,4.4919438,4.0187578,-2.3968959,11.32229,6.7031879,6.374002,3.9852729
ID,77,.090999998,Idaho,214000000000,44.302094,-114.59563,82643.547,13,45.599998,859,623,60.599998,5555.4878,125,43.400002,3939,.75247532,172.3515,.71617168,91.674721,65,-.2843872,5.1495361,4.174387,4.5182471,-2.3968959,11.32229,6.7557688,6.434546,4.1042948,-.33383539,5.1530089,-.29179129,4.5076752,4.1097498,-2.3968959,11.32229,6.7286291,6.4047332,4.041296
ID,78,.090999998,Idaho,214000000000,44.302094,-114.59563,82643.547,13,51.5,882,640.29999,65.199997,6217.8286,122.8,49.5,4484,.78987741,169.1545,.75920248,95.365471,68.77301,-.2358776,5.1308122,4.2308121,4.5577159,-2.3968959,11.32229,6.7821922,6.461937,4.1774588,-.2754868,5.1495361,-.2843872,4.5182471,4.174387,-2.3968959,11.32229,6.7557688,6.434546,4.1042948
ID,79,.090999998,Idaho,214000000000,44.302094,-114.59563,82643.547,13,55.400002,905,655.70001,72.599998,6672.6636,117.5,51.700001,4995,.76308542,162.174,.71212119,91.909973,68.801651,-.2703853,5.0886698,4.2312279,4.5208101,-2.3968959,11.32229,6.8079352,6.485703,4.284965,-.3395071,5.1308122,-.2358776,4.5577159,4.2308121,-2.3968959,11.32229,6.7821922,6.461937,4.1774588
ID,80,.090999998,Idaho,214000000000,44.302094,-114.59563,82643.547,13,56.400002,944,677.90002,82.400002,7348.6284,115.2,55.299999,5368,.684466,160.4201,.67111647,89.182381,65.14563,-.3791163,5.077796,4.1766248,4.490684,-2.3968959,11.32229,6.8501258,6.5190001,4.4115849,-.39881259,5.0886698,-.2703853,4.5208101,4.2312279,-2.3968959,11.32229,6.8079352,6.485703,4.284965
ID,81,.090999998,Idaho,214000000000,44.302094,-114.59563,82643.547,13,59.200001,959,687.5,90.900002,8047.6494,114.1,55.900002,5863,.65126508,159.1591,.6149615,88.532997,64.499451,-.4288384,5.0699039,4.166656,4.483376,-2.3968959,11.32229,6.865891,6.533062,4.5097599,-.48619559,5.077796,-.3791163,4.490684,4.1766248,-2.3968959,11.32229,6.8501258,6.5190001,4.4115849
ID,82,.090999998,Idaho,214000000000,44.302094,-114.59563,82643.547,13,67.599998,965,691.29999,96.5,8138.8262,111.5,64.300003,5921,.70051807,155.6452,.66632128,84.340157,61.35751,-.35593501,5.0475788,4.1167178,4.4348578,-2.3968959,11.32229,6.872128,6.5385742,4.5695429,-.4059833,5.0699039,-.4288384,4.483376,4.166656,-2.3968959,11.32229,6.865891,6.533062,4.5097599
ID,83,.090999998,Idaho,214000000000,44.302094,-114.59563,82643.547,13,76.5,989,707.70001,99.599998,8744.5742,111.3,71,6311,.76807231,155.5401,.71285141,87.796928,63.363449,-.2638714,5.0469031,4.1488872,4.4750271,-2.3968959,11.32229,6.8966942,6.5620198,4.601162,-.33848229,5.0475788,-.35593501,4.4348578,4.1167178,-2.3968959,11.32229,6.872128,6.5385742,4.5695429
ID,84,.090999998,Idaho,214000000000,44.302094,-114.59563,82643.547,13,88.5,1001,717.29999,103.9,9148.0576,103.6,81.699997,6809,.85178047,144.57491,.78633302,88.046753,65.534157,-.16042639,4.9737978,4.1825709,4.4778681,-2.3968959,11.32229,6.9087548,6.5754938,4.6434288,-.240375,5.0469031,-.2638714,4.4750271,4.1488872,-2.3968959,11.32229,6.8966942,6.5620198,4.601162
ID,85,.090999998,Idaho,214000000000,44.302094,-114.59563,82643.547,13,97.599998,1004,723.09998,107.6,9493.9004,100.7,87.400002,7168,.90706319,139.8186,.81226772,88.233276,66.617104,-.097543202,4.9403458,4.1989608,4.4799838,-2.3968959,11.32229,6.911747,6.5835481,4.678421,-.20792539,4.9737978,-.16042639,4.4778681,4.1825709,-2.3968959,11.32229,6.9087548,6.5754938,4.6434288
ID,86,.090999998,Idaho,214000000000,44.302094,-114.59563,82643.547,13,99.900002,1002,726,109.6,9883.7588,96.699997,97.800003,7256,.9114964,133.46201,.89233577,90.180283,66.204376,-.092667602,4.893816,4.1927471,4.501811,-2.3968959,11.32229,6.9097528,6.5875502,4.6968369,-.1139127,4.9403458,-.097543202,4.4799838,4.1989608,-2.3968959,11.32229,6.911747,6.5835481,4.678421
ID,87,.18000001,Idaho,214000000000,44.302094,-114.59563,82643.547,13,107.1,998,726,113.6,10386.803,95,102.7,7554,.94278169,130.5923,.90404928,91.433121,66.496483,-.058920499,4.8720798,4.1971488,4.5156078,-1.714798,11.32229,6.9057531,6.5875502,4.7326841,-.1008714,4.893816,-.092667602,4.501811,4.1927471,-2.3968959,11.32229,6.9097528,6.5875502,4.6968369
ID,88,.18000001,Idaho,214000000000,44.302094,-114.59563,82643.547,13,121.9,1003,732,118.3,11177,84.5,112.9,8208,1.030431,115.7835,.95435327,94.480133,69.382919,.029977299,4.7517219,4.2396412,4.548389,-1.714798,11.32229,6.9107509,6.5957799,4.7732239,-.046721298,4.8720798,-.058920499,4.5156078,4.1971488,-1.714798,11.32229,6.9057531,6.5875502,4.7326841
ID,89,.18000001,Idaho,214000000000,44.302094,-114.59563,82643.547,13,133.60001,1014,742,124,12041,78.400002,118.6,8884,1.077419,107.1396,.95645159,97.104843,71.645157,.074568696,4.6741328,4.2717261,4.5757909,-1.714798,11.32229,6.921658,6.6093488,4.820282,-.044525102,4.7517219,.029977299,4.548389,4.2396412,-1.714798,11.32229,6.9107509,6.5957799,4.7732239
ID,90,.18000001,Idaho,214000000000,44.302094,-114.59563,82643.547,13,141.3,1027.3,751.70001,130.7,13318,90.099998,129.5,9820,1.081102,123.1339,.99081868,101.8975,75.133904,.077980697,4.813272,4.319272,4.6239672,-1.714798,11.32229,6.93469,6.6223369,4.8729048,-.0092236996,4.6741328,.074568696,4.5757909,4.2717261,-1.714798,11.32229,6.921658,6.6093488,4.820282
ID,91,.18000001,Idaho,214000000000,44.302094,-114.59563,82643.547,13,144.39999,1059.9,777.40002,136.2,14079,85.400002,127,10590,1.0602061,116.4336,.93245232,103.37,77.753304,.058462799,4.7573209,4.3535409,4.6383152,-1.714798,11.32229,6.96593,6.6559548,4.914124,-.069937304,4.813272,.077980697,4.6239672,4.319272,-1.714798,11.32229,6.93469,6.6223369,4.8729048
ID,92,.18000001,Idaho,214000000000,44.302094,-114.59563,82643.547,13,167.2,1088.5,802.20001,140.3,14572,85.099998,155.10001,11591,1.191732,115.4716,1.1054879,103.8632,82.615822,.1754076,4.7490249,4.4142008,4.643074,-1.714798,11.32229,6.9925561,6.6873579,4.9437828,.1002871,4.7573209,.058462799,4.6383152,4.3535409,-1.714798,11.32229,6.96593,6.6559548,4.914124
