Datasets/panel/Baltagi and Levine/cigarette.csv
idstate,year,txrate,name,aland,ycoord,xcoord,land,state,price,pop,pop16,cpi,ndi,sales,pimin,comp,ppp,spp,mppp,ipc,ncom,lnprice,lnsales,lncomp,lnndi,lntxrate,lnland,lnpop,lnpop16,lncpi,lnminp,lnsales_lag,lnprice_lag,lnndi_lag,lncomp_lag,lntxrate_lag,lnland_lag,lnpop_lag,lnpop16_lag,lncpi_lag
IL,63,.039999999,Illinois,143800000000,40.102875,-89.152611,55518.938,14,25.4,10369,7115.7998,30.6,2655.6912,145.5,24.1,22544,.83006531,212.0197,.78758168,86.787292,736.73199,-.1862509,5.356679,6.6022239,4.46346,-3.2188759,10.92448,9.2465763,8.8700733,3.421,-.2387882,,,,,,,,,
IL,64,.039999999,Illinois,143800000000,40.102875,-89.152611,55518.938,14,25.6,10538,7225.6001,31,2831.5508,144.5,25,24134,.82580638,210.74249,.80645162,91.340347,778.51611,-.1913949,5.350637,6.6573901,4.5145931,-3.2188759,10.92448,9.262743,8.8853865,3.4339869,-.2151114,5.356679,-.1862509,4.46346,6.6022239,-3.2188759,10.92448,9.2465763,8.8700733,3.421
IL,65,.039999999,Illinois,143800000000,40.102875,-89.152611,55518.938,14,26.200001,10641,7307.5,31.5,3037.7673,145.5,24.5,25949,.83174598,211.8735,.77777779,96.437057,823.77777,-.18422811,5.355989,6.713901,4.568891,-3.2188759,10.92448,9.2724705,8.896656,3.4499879,-.2513144,5.350637,-.1913949,4.5145931,6.6573901,-3.2188759,10.92448,9.262743,8.8853865,3.4339869
IL,66,.07,Illinois,143800000000,40.102875,-89.152611,55518.938,14,30,10787,7425.8999,32.400002,3229.3289,144.2,24.700001,28653,.92592591,209.46761,.76234567,99.670639,884.35181,-.0769611,5.3445692,6.7848549,4.601871,-2.65926,10.92448,9.2860966,8.9127293,3.478158,-.27135521,5.355989,-.18422811,4.568891,6.713901,-3.2188759,10.92448,9.2724705,8.896656,3.4499879
IL,67,.07,Illinois,143800000000,40.102875,-89.152611,55518.938,14,30.1,10887,7521.2998,33.400002,3391.5803,141.8,25,30578,.90119761,205.254,.74850303,101.5443,915.50891,-.1040308,5.3242478,6.8194799,4.6204948,-2.65926,10.92448,9.2953243,8.9254942,3.5085559,-.28968009,5.3445692,-.0769611,4.601871,6.7848549,-2.65926,10.92448,9.2860966,8.9127293,3.478158
IL,68,.090000004,Illinois,143800000000,40.102875,-89.152611,55518.938,14,35.599998,10958,7608.8999,34.799999,3582.095,132.60001,26.299999,33217,1.022988,190.9646,.75574708,102.9338,954.51147,.022728199,5.2520881,6.8611999,4.6340861,-2.4079461,10.92448,9.3018255,8.9370737,3.5496171,-.2800484,5.3242478,-.1040308,4.6204948,6.8194799,-2.65926,10.92448,9.2953243,8.9254942,3.5085559
IL,69,.090000004,Illinois,143800000000,40.102875,-89.152611,55518.938,14,35.200001,11047,7738,36.700001,3795.6389,130.39999,27,36568,.95912808,186.1629,.73569483,103.4234,996.40332,-.041730698,5.2266221,6.9041519,4.6388311,-2.4079461,10.92448,9.3099146,8.9538984,3.602777,-.3069399,5.2520881,.022728199,4.6340861,6.8611999,-2.4079461,10.92448,9.3018255,8.9370737,3.5496171
IL,70,.12,Illinois,143800000000,40.102875,-89.152611,55518.938,14,41.400002,11113,7860.2998,38.799999,4013.3699,124.8,28.299999,38762,1.06701,176.444,.72938138,103.4374,999.02063,.064860702,5.1730032,6.906775,4.6389661,-2.1202641,10.92448,9.3158712,8.9695797,3.6584201,-.3155584,5.2266221,-.041730698,4.6388311,6.9041519,-2.4079461,10.92448,9.3099146,8.9538984,3.602777
IL,71,.12,Illinois,143800000000,40.102875,-89.152611,55518.938,14,41.400002,11172,7963.2998,40.5,4319.0308,125.6,30.1,41129,1.022222,176.2088,.7432099,106.6427,1015.531,.021979,5.171669,6.9231672,4.6694841,-2.1202641,10.92448,9.321166,8.9825983,3.7013021,-.2967768,5.1730032,.064860702,4.6389661,6.906775,-2.1202641,10.92448,9.3158712,8.9695797,3.6584201
IL,72,.12,Illinois,143800000000,40.102875,-89.152611,55518.938,14,41.900002,11200,8054.7998,41.799999,4560.8379,126.6,30.6,44646,1.0023921,176.03419,.73205751,109.111,1068.0861,.0023896,5.1706781,6.9736242,4.6923652,-2.1202641,10.92448,9.3236694,8.9940233,3.7328961,-.31189629,5.171669,.021979,4.6694841,6.9231672,-2.1202641,10.92448,9.321166,8.9825983,3.7013021
IL,73,.12,Illinois,143800000000,40.102875,-89.152611,55518.938,14,41,11179,8110.6001,44.400002,5158.5518,124.4,30.6,49671,.92342341,171.463,.6891892,116.1836,1118.7159,-.079667397,5.1443672,7.019937,4.7551718,-2.1202641,10.92448,9.3217926,9.000927,3.7932401,-.37223941,5.1706781,.0023896,4.6923652,6.9736242,-2.1202641,10.92448,9.3236694,8.9940233,3.7328961
IL,74,.12,Illinois,143800000000,40.102875,-89.152611,55518.938,14,41.900002,11169,8177.1001,49.299999,5603.4351,131.89999,31.5,54534,.84989858,180.1606,.63894522,113.6599,1106.166,-.1626382,5.1938491,7.008656,4.733211,-2.1202641,10.92448,9.3208971,9.0090933,3.8979239,-.44793659,5.1443672,-.079667397,4.7551718,7.019937,-2.1202641,10.92448,9.3217926,9.000927,3.7932401
IL,75,.12,Illinois,143800000000,40.102875,-89.152611,55518.938,14,45.200001,11178,8255.0996,53.799999,6120.5464,131.8,33.299999,57145,.84014869,178.46671,.61895913,113.7648,1062.175,-.17417631,5.184402,6.9680738,4.7341328,-2.1202641,10.92448,9.321703,9.0185862,3.9852729,-.479716,5.1938491,-.1626382,4.733211,7.008656,-2.1202641,10.92448,9.3208971,9.0090933,3.8979239
IL,76,.12,Illinois,143800000000,40.102875,-89.152611,55518.938,14,48.400002,11209,8342.7002,56.900002,6523.5581,134.39999,36,63288,.85061508,180.57581,.63268888,114.6495,1112.267,-.1617955,5.1961498,7.0141559,4.7418799,-2.1202641,10.92448,9.3244724,9.0291424,4.041296,-.4577764,5.184402,-.17417631,4.7341328,6.9680738,-2.1202641,10.92448,9.321703,9.0185862,3.9852729
IL,77,.12,Illinois,143800000000,40.102875,-89.152611,55518.938,14,49.400002,11232,8417.9004,60.599998,7108.7104,134,36.900002,70031,.81518161,178.7961,.60891092,117.3055,1155.627,-.20434441,5.1862459,7.0523982,4.764781,-2.1202641,10.92448,9.3265219,9.0381165,4.1042948,-.49608329,5.1961498,-.1617955,4.7418799,7.0141559,-2.1202641,10.92448,9.3244724,9.0291424,4.041296
IL,78,.12,Illinois,143800000000,40.102875,-89.152611,55518.938,14,54.599998,11238,8472.7002,65.199997,7812.1494,136.7,41.400002,78227,.83742332,181.3158,.63496941,119.8182,1199.801,-.17742559,5.2002401,7.089911,4.7859759,-2.1202641,10.92448,9.3270559,9.0446043,4.1774588,-.45417851,5.1862459,-.20434441,4.764781,7.0523982,-2.1202641,10.92448,9.3265219,9.0381165,4.1042948
IL,79,.12,Illinois,143800000000,40.102875,-89.152611,55518.938,14,56.799999,11229,8505.5,72.599998,8642.249,135.3,43.400002,85606,.78236908,178.6237,.5977962,119.0392,1179.146,-.24542861,5.1852808,7.072546,4.7794528,-2.1202641,10.92448,9.3262548,9.0484686,4.284965,-.51450539,5.2002401,-.17742559,4.7859759,7.089911,-2.1202641,10.92448,9.3270559,9.0446043,4.1774588
IL,80,.12,Illinois,143800000000,40.102875,-89.152611,55518.938,14,60,11427,8673.0996,82.400002,9179.249,135.2,46.299999,90755,.72815531,178.129,.56189322,111.3987,1101.396,-.31724089,5.182508,7.004333,4.7131152,-2.1202641,10.92448,9.3437338,9.0679817,4.4115849,-.57644361,5.1852808,-.24542861,4.7794528,7.072546,-2.1202641,10.92448,9.3262548,9.0484686,4.284965
IL,81,.12,Illinois,143800000000,40.102875,-89.152611,55518.938,14,63.099998,11462,8714.5,90.900002,10134.963,133,49.400002,97439,.6941694,174.9321,.54345429,111.4957,1071.936,-.36503929,5.1643982,6.977222,4.7139859,-2.1202641,10.92448,9.3467922,9.0727434,4.5097599,-.60980958,5.182508,-.31724089,4.7131152,7.004333,-2.1202641,10.92448,9.3437338,9.0679817,4.4115849
IL,82,.12,Illinois,143800000000,40.102875,-89.152611,55518.938,14,69.599998,11448,8716.4004,96.5,10588.221,130.7,56.299999,100321,.7212435,171.65961,.58341968,109.7225,1039.5959,-.3267785,5.145514,6.9465871,4.6979542,-2.1202641,10.92448,9.3455706,9.0729618,4.5695429,-.53884852,5.1643982,-.36503929,4.7139859,6.977222,-2.1202641,10.92448,9.3467922,9.0727434,4.5097599
IL,83,.12,Illinois,143800000000,40.102875,-89.152611,55518.938,14,80.800003,11486,8759.7002,99.599998,11044.618,127.9,66.400002,103841,.81124502,167.7066,.66666669,110.8897,1042.58,-.20918509,5.1222162,6.9494538,4.7085361,-2.1202641,10.92448,9.3488846,9.0779171,4.601162,-.4054651,5.145514,-.3267785,4.6979542,6.9465871,-2.1202641,10.92448,9.3455706,9.0729618,4.5695429
IL,84,.12,Illinois,143800000000,40.102875,-89.152611,55518.938,14,89.599998,11511,8799.2002,103.9,12027.549,124,75.400002,113775,.86236757,162.21519,.72569782,115.7608,1095.043,-.1480736,5.0889239,6.998549,4.7515259,-2.1202641,10.92448,9.351058,9.0824165,4.6434288,-.32062161,5.1222162,-.20918509,4.7085361,6.9494538,-2.1202641,10.92448,9.3488846,9.0779171,4.601162
IL,85,.12,Illinois,143800000000,40.102875,-89.152611,55518.938,14,96.699997,11538,8832.9004,107.6,12644.104,121.6,79.300003,120108,.89869893,158.8403,.7369889,117.5103,1116.245,-.1068073,5.0679002,7.0177259,4.7665262,-2.1202641,10.92448,9.3534012,9.0862389,4.678421,-.30518249,5.0889239,-.1480736,4.7515259,6.998549,-2.1202641,10.92448,9.351058,9.0824165,4.6434288
IL,86,.2,Illinois,143800000000,40.102875,-89.152611,55518.938,14,108.4,11551,8864.7002,109.6,13314.046,118.2,85.400002,127365,.9890511,154.01849,.7791971,121.4785,1162.089,-.0110093,5.0370731,7.0579748,4.799737,-1.6094379,10.92448,9.3545275,9.0898323,4.6968369,-.2494913,5.0679002,-.1068073,4.7665262,7.0177259,-2.1202641,10.92448,9.3534012,9.0862389,4.678421
IL,87,.2,Illinois,143800000000,40.102875,-89.152611,55518.938,14,116.2,11582,8909,113.6,13970.38,109.5,90.5,136140,1.022887,142.3537,.79665488,122.9787,1198.416,.022629401,4.9583149,7.0887561,4.8120108,-1.6094379,10.92448,9.3572073,9.0948172,4.7326841,-.22733361,5.0370731,-.0110093,4.799737,7.0579748,-1.6094379,10.92448,9.3545275,9.0898323,4.6968369
IL,88,.2,Illinois,143800000000,40.102875,-89.152611,55518.938,14,124.1,11614,8961,118.3,15103,107.6,94.400002,147651,1.049028,139.4561,.79797119,127.6669,1248.106,.0478638,4.9377499,7.1293831,4.8494248,-1.6094379,10.92448,9.3599663,9.1006374,4.7732239,-.22568271,4.9583149,.022629401,4.8120108,7.0887561,-1.6094379,10.92448,9.3572073,9.0948172,4.7326841
IL,89,.2,Illinois,143800000000,40.102875,-89.152611,55518.938,14,132.7,11658,9003,124,16060,104.6,103.8,155817,1.070161,135.4467,.83709681,129.5161,1256.589,.067809299,4.9085779,7.1361561,4.8638048,-1.6094379,10.92448,9.3637476,9.1053133,4.820282,-.1778156,4.9377499,.0478638,4.8494248,7.1293831,-1.6094379,10.92448,9.3599663,9.1006374,4.7732239
IL,90,.2,Illinois,143800000000,40.102875,-89.152611,55518.938,14,147.3,11679.5,9019.5996,130.7,17510,94.099998,115.6,165428,1.127008,121.8503,.88446832,133.9709,1265.708,.1195667,4.802794,7.1433868,4.8976231,-1.6094379,10.92448,9.3655901,9.1071548,4.8729048,-.1227687,4.9085779,.067809299,4.8638048,7.1361561,-1.6094379,10.92448,9.3637476,9.1053133,4.820282
IL,91,.30000001,Illinois,143800000000,40.102875,-89.152611,55518.938,14,154.39999,11793.9,9080.0996,136.2,17908,96.099998,120.5,171237,1.1336271,124.8217,.88472837,131.48309,1257.2469,.1254223,4.8268871,7.1366801,4.8788791,-1.2039731,10.92448,9.3753376,9.1138401,4.914124,-.1224746,4.802794,.1195667,4.8976231,7.1433868,-1.6094379,10.92448,9.3655901,9.1071548,4.8729048
IL,92,.30000001,Illinois,143800000000,40.102875,-89.152611,55518.938,14,179.8,11883.8,9138.5,140.3,18914,94.800003,135.8,181259,1.28154,123.2789,.96792579,134.8111,1291.939,.2480621,4.8144488,7.1638989,4.9038739,-1.2039731,10.92448,9.3829317,9.1202517,4.9437828,-.032599799,4.8268871,.1254223,4.8788791,7.1366801,-1.2039731,10.92448,9.3753376,9.1138401,4.914124
