Datasets/panel/Baltagi and Levine/cigarette.csv
idstate,year,txrate,name,aland,ycoord,xcoord,land,state,price,pop,pop16,cpi,ndi,sales,pimin,comp,ppp,spp,mppp,ipc,ncom,lnprice,lnsales,lncomp,lnndi,lntxrate,lnland,lnpop,lnpop16,lncpi,lnminp,lnsales_lag,lnprice_lag,lnndi_lag,lncomp_lag,lntxrate_lag,lnland_lag,lnpop_lag,lnpop16_lag,lncpi_lag
IN,63,.039999999,Indiana,92790000000,39.903027,-86.283951,35826.129,15,24.4,4780,3206.7,30.6,2204.3264,138.5,24.1,8865,.79738557,206.4521,.78758168,72.036812,289.7059,-.2264169,5.3300691,5.6688662,4.2771769,-3.2188759,10.48643,8.4721956,8.072998,3.421,-.2387882,,,,,,,,,
IN,64,.039999999,Indiana,92790000000,39.903027,-86.283951,35826.129,15,26,4832,3244.2,31,2344.6111,134.3,25,9598,.83870971,200.03011,.80645162,75.632607,309.61292,-.1758907,5.2984681,5.735323,4.3258882,-3.2188759,10.48643,8.483016,8.0846243,3.4339869,-.2151114,5.3300691,-.2264169,4.2771769,5.6688662,-3.2188759,10.48643,8.4721956,8.072998,3.421
IN,65,.059999999,Indiana,92790000000,39.903027,-86.283951,35826.129,15,26,4893,3296.8999,31.5,2562.2585,135.3,24.5,10479,.82539678,200.80161,.77777779,81.341537,332.66669,-.191891,5.3023181,5.8071408,4.3986568,-2.813411,10.48643,8.4955606,8.1007376,3.4499879,-.2513144,5.2984681,-.1758907,4.3258882,5.735323,-3.2188759,10.48643,8.483016,8.0846243,3.4339869
IN,66,.059999999,Indiana,92790000000,39.903027,-86.283951,35826.129,15,28.799999,4973,3365.1001,32.400002,2702.5432,132.10001,24.700001,11642,.88888878,195.2195,.76234567,83.411827,359.32101,-.1177831,5.2741251,5.8842158,4.42379,-2.813411,10.48643,8.5117788,8.121213,3.478158,-.27135521,5.3023181,-.191891,4.3986568,5.8071408,-2.813411,10.48643,8.4955606,8.1007376,3.4499879
IN,67,.059999999,Indiana,92790000000,39.903027,-86.283951,35826.129,15,29.1,5012,3411.1001,33.400002,2784.0322,134.8,25,12154,.87125748,198.06441,.74850303,83.354263,363.89221,-.1378177,5.2885919,5.8968582,4.4231,-2.813411,10.48643,8.5195904,8.1347904,3.5085559,-.28968009,5.2741251,-.1177831,4.42379,5.8842158,-2.813411,10.48643,8.5117788,8.121213,3.478158
IN,68,.059999999,Indiana,92790000000,39.903027,-86.283951,35826.129,15,29.799999,5065,3472.5,34.799999,2970.7346,134.3,26.299999,13266,.85632181,195.8904,.75574708,85.365936,381.20691,-.155109,5.277555,5.9433422,4.4469471,-2.813411,10.48643,8.5301094,8.1526299,3.5496171,-.2800484,5.2885919,-.1378177,4.4231,5.8968582,-2.813411,10.48643,8.5195904,8.1347904,3.5085559
IN,69,.059999999,Indiana,92790000000,39.903027,-86.283951,35826.129,15,29.700001,5118,3514.8,36.700001,3194.5713,132.89999,27,14574,.8092643,193.5195,.73569483,87.04554,397.11169,-.2116297,5.265378,5.9842181,4.4664321,-2.813411,10.48643,8.5405188,8.1647377,3.602777,-.3069399,5.277555,-.155109,4.4469471,5.9433422,-2.813411,10.48643,8.5301094,8.1526299,3.5496171
IN,70,.059999999,Indiana,92790000000,39.903027,-86.283951,35826.129,15,30.6,5193,3616.5,38.799999,3304.9421,134.60001,28.299999,15037,.78865981,193.2747,.72938138,85.178917,387.55151,-.2374202,5.264112,5.9598489,4.4447541,-2.813411,10.48643,8.5550671,8.1932621,3.6584201,-.3155584,5.265378,-.2116297,4.4664321,5.9842181,-2.813411,10.48643,8.5405188,8.1647377,3.602777
IN,71,.059999999,Indiana,92790000000,39.903027,-86.283951,35826.129,15,32.200001,5239,3681.7,40.5,3570.0391,139.3,30.1,16030,.79506183,198.22169,.7432099,88.149109,395.80249,-.2293355,5.2893858,5.9809151,4.4790301,-2.813411,10.48643,8.5638857,8.2111301,3.7013021,-.2967768,5.264112,-.2374202,4.4447541,5.9598489,-2.813411,10.48643,8.5550671,8.1932621,3.6584201
IN,72,.059999999,Indiana,92790000000,39.903027,-86.283951,35826.129,15,32.5,5278,3743.1001,41.799999,3812.4426,149.2,30.6,17853,.77751201,210.3811,.73205751,91.206757,427.10529,-.25165629,5.3489208,6.0570312,4.5131292,-2.813411,10.48643,8.5713024,8.2276697,3.7328961,-.31189629,5.2893858,-.2293355,4.4790301,5.9809151,-2.813411,10.48643,8.5638857,8.2111301,3.7013021
IN,73,.059999999,Indiana,92790000000,39.903027,-86.283951,35826.129,15,32.900002,5304,3794.8999,44.400002,4427.2197,156,30.6,20138,.740991,218.0358,.6891892,99.712151,453.5585,-.29976681,5.3846588,6.117125,4.6022878,-2.813411,10.48643,8.5762167,8.2414131,3.7932401,-.37223941,5.3489208,-.25165629,4.5131292,6.0570312,-2.813411,10.48643,8.5713024,8.2276697,3.7328961
IN,74,.059999999,Indiana,92790000000,39.903027,-86.283951,35826.129,15,34.5,5318,3840,49.299999,4611.8589,159.60001,31.5,21742,.69979721,221.0294,.63894522,93.546837,441.01419,-.3569648,5.3982959,6.089077,4.5384622,-2.813411,10.48643,8.5788527,8.2532272,3.8979239,-.44793659,5.3846588,-.29976681,4.6022878,6.117125,-2.813411,10.48643,8.5762167,8.2414131,3.7932401
IN,75,.059999999,Indiana,92790000000,39.903027,-86.283951,35826.129,15,36.700001,5312,3869.8,53.799999,5024.4609,162.39999,33.299999,22372,.68215609,222.92329,.61895913,93.391472,415.8364,-.38249671,5.4068279,6.030292,4.5367999,-2.813411,10.48643,8.5777245,8.2609577,3.9852729,-.479716,5.3982959,-.3569648,4.5384622,6.089077,-2.813411,10.48643,8.5788527,8.2532272,3.8979239
IN,76,.059999999,Indiana,92790000000,39.903027,-86.283951,35826.129,15,38.700001,5326,3912,56.900002,5521.6465,166.60001,36,25498,.68014061,226.8179,.63268888,97.041237,448.11951,-.3854557,5.4241481,6.1050601,4.5751362,-2.813411,10.48643,8.5803556,8.2718039,4.041296,-.4577764,5.4068279,-.38249671,4.5367999,6.030292,-2.813411,10.48643,8.5777245,8.2609577,3.9852729
IN,77,.059999999,Indiana,92790000000,39.903027,-86.283951,35826.129,15,40.599998,5352,3960,60.599998,6012.6431,173,36.900002,28815,.669967,233.8121,.60891092,99.218536,475.49509,-.40052679,5.4545178,6.1643572,4.5973248,-2.813411,10.48643,8.5852261,8.2839994,4.1042948,-.49608329,5.4241481,-.3854557,4.5751362,6.1050601,-2.813411,10.48643,8.5803556,8.2718039,4.041296
IN,78,.105,Indiana,92790000000,39.903027,-86.283951,35826.129,15,50,5387,4013.7,65.199997,6663.5225,150.89999,41.400002,32488,.76687121,202.5309,.63496941,102.2013,498.2822,-.26543641,5.3108931,6.2111669,4.6269441,-2.2537949,10.48643,8.5917435,8.2974691,4.1774588,-.45417851,5.4545178,-.40052679,4.5973248,6.1643572,-2.813411,10.48643,8.5852261,8.2839994,4.1042948
IN,79,.105,Indiana,92790000000,39.903027,-86.283951,35826.129,15,52.5,5400,4045.3999,72.599998,7358.7573,148.89999,43.400002,35848,.72314048,198.75909,.5977962,101.3603,493.77411,-.32415169,5.2920928,6.2020779,4.618681,-2.2537949,10.48643,8.5941544,8.305336,4.284965,-.51450539,5.3108931,-.26543641,4.6269441,6.2111669,-2.2537949,10.48643,8.5917435,8.2974691,4.1774588
IN,80,.105,Indiana,92790000000,39.903027,-86.283951,35826.129,15,53.700001,5490,4103.8999,82.400002,7760.0127,146.89999,46.299999,37084,.65169901,196.5157,.56189322,94.174911,450.04849,-.4281725,5.2807431,6.109355,4.5451541,-2.2537949,10.48643,8.6106834,8.3196926,4.4115849,-.57644361,5.2920928,-.32415169,4.618681,6.2020779,-2.2537949,10.48643,8.5941544,8.305336,4.284965
IN,81,.105,Indiana,92790000000,39.903027,-86.283951,35826.129,15,58.299999,5468,4102,90.900002,8407.7979,148.5,49.400002,40117,.6413641,197.95171,.54345429,92.495033,441.33109,-.44415799,5.288023,6.0897961,4.5271549,-2.2537949,10.48643,8.6066685,8.3192301,4.5097599,-.60980958,5.2807431,-.4281725,4.5451541,6.109355,-2.2537949,10.48643,8.6106834,8.3196926,4.4115849
IN,82,.105,Indiana,92790000000,39.903027,-86.283951,35826.129,15,65.099998,5471,4115.3999,96.5,8612.0361,147.7,56.299999,40271,.67461139,196.3519,.58341968,89.243896,417.3161,-.39361849,5.2799091,6.033844,4.4913731,-2.2537949,10.48643,8.6072168,8.3224916,4.5695429,-.53884852,5.288023,-.44415799,4.5271549,6.0897961,-2.2537949,10.48643,8.6066685,8.3192301,4.5097599
IN,83,.105,Indiana,92790000000,39.903027,-86.283951,35826.129,15,75.699997,5479,4134.6001,99.599998,9060.7402,143,66.400002,42134,.76004022,189.4977,.66666669,90.971291,423.0321,-.27438399,5.2443771,6.0474482,4.5105438,-2.2537949,10.48643,8.6086779,8.3271456,4.601162,-.4054651,5.2799091,-.39361849,4.4913731,6.033844,-2.2537949,10.48643,8.6072168,8.3224916,4.5695429
IN,84,.105,Indiana,92790000000,39.903027,-86.283951,35826.129,15,85.199997,5498,4164.3999,103.9,10077.805,137.8,75.400002,46006,.82001919,181.9288,.72569782,96.995232,442.79111,-.1984275,5.2036161,6.0930982,4.5746622,-2.2537949,10.48643,8.6121397,8.3343277,4.6434288,-.32062161,5.2443771,-.27438399,4.5105438,6.0474482,-2.2537949,10.48643,8.6086779,8.3271456,4.601162
IN,85,.105,Indiana,92790000000,39.903027,-86.283951,35826.129,15,88.800003,5500,4186.3999,107.6,10502.784,135.3,79.300003,48669,.82527888,177.7542,.7369889,97.60952,452.31409,-.1920339,5.1804008,6.114377,4.5809751,-2.2537949,10.48643,8.6125031,8.3395967,4.678421,-.30518249,5.2036161,-.1984275,4.5746622,6.0930982,-2.2537949,10.48643,8.6121397,8.3343277,4.6434288
IN,86,.105,Indiana,92790000000,39.903027,-86.283951,35826.129,15,93.599998,5503,4211.3999,109.6,11140.255,137.60001,85.400002,51405,.85401458,179.8008,.7791971,101.6447,469.02371,-.15780701,5.1918492,6.1506529,4.6214828,-2.2537949,10.48643,8.6130486,8.3455505,4.6968369,-.2494913,5.1804008,-.1920339,4.5809751,6.114377,-2.2537949,10.48643,8.6125031,8.3395967,4.678421
IN,87,.105,Indiana,92790000000,39.903027,-86.283951,35826.129,15,100.1,5531,4244,113.6,11803.513,134,90.5,55166,.88116199,174.6357,.79665488,103.9042,485.61621,-.12651379,5.1627021,6.1854191,4.6434689,-2.2537949,10.48643,8.618124,8.3532619,4.7326841,-.22733361,5.1918492,-.15780701,4.6214828,6.1506529,-2.2537949,10.48643,8.6130486,8.3455505,4.6968369
IN,88,.155,Indiana,92790000000,39.903027,-86.283951,35826.129,15,109.3,5556,4275,118.3,12638,134,94.400002,59715,.92392218,174.153,.79797119,106.8301,504.776,-.079127401,5.159934,6.2241149,4.6712399,-1.8643301,10.48643,8.6226339,8.3605394,4.7732239,-.22568271,5.1627021,-.12651379,4.6434689,6.1854191,-2.2537949,10.48643,8.618124,8.3532619,4.7326841
IN,89,.155,Indiana,92790000000,39.903027,-86.283951,35826.129,15,119,5593,4301,124,13451,132.5,103.8,63532,.9596774,172.3024,.83709681,108.4758,512.35492,-.041158099,5.149251,6.239017,4.6865268,-1.8643301,10.48643,8.6292725,8.3666029,4.820282,-.1778156,5.159934,-.079127401,4.6712399,6.2241149,-1.8643301,10.48643,8.6226339,8.3605394,4.7732239
IN,90,.155,Indiana,92790000000,39.903027,-86.283951,35826.129,15,130.8,5613.2002,4316.6001,130.7,14441,128.3,115.6,67227,1.000765,166.8382,.88446832,110.4897,514.36108,.0007649,5.1170239,6.2429261,4.7049222,-1.8643301,10.48643,8.6328764,8.370223,4.8729048,-.1227687,5.149251,-.041158099,4.6865268,6.239017,-1.8643301,10.48643,8.6292725,8.3666029,4.820282
IN,91,.155,Indiana,92790000000,39.903027,-86.283951,35826.129,15,135.8,5680.1001,4373.5,136.2,14773,127.2,120.5,70267,.99706322,165.20151,.88472837,108.4655,515.91052,-.0029412,5.1071658,6.2459331,4.6864319,-1.8643301,10.48643,8.6447239,8.3833189,4.914124,-.1224746,5.1170239,.0007649,4.7049222,6.2429261,-1.8643301,10.48643,8.6328764,8.370223,4.8729048
IN,92,.155,Indiana,92790000000,39.903027,-86.283951,35826.129,15,153.5,5732.7002,4430.3999,140.3,15882,128.2,135.8,75192,1.094084,165.8839,.96792579,113.2003,535.93732,.089917503,5.1112881,6.2840171,4.7291579,-1.8643301,10.48643,8.6539421,8.396245,4.9437828,-.032599799,5.1071658,-.0029412,4.6864319,6.2459331,-1.8643301,10.48643,8.6447239,8.3833189,4.914124
