Datasets/panel/Baltagi and Levine/cigarette.csv
idstate,year,txrate,name,aland,ycoord,xcoord,land,state,price,pop,pop16,cpi,ndi,sales,pimin,comp,ppp,spp,mppp,ipc,ncom,lnprice,lnsales,lncomp,lnndi,lntxrate,lnland,lnpop,lnpop16,lncpi,lnminp,lnsales_lag,lnprice_lag,lnndi_lag,lncomp_lag,lntxrate_lag,lnland_lag,lnpop_lag,lnpop16_lag,lncpi_lag
IA,63,.039999999,Iowa,144700000000,42.070023,-93.493347,55857.129,16,26.4,2758,1880.7,30.6,2153.0144,114.9,25.4,3641,.86274499,168.498,.83006531,70.359947,118.9869,-.1476361,5.126924,4.7790141,4.253624,-3.2188759,10.93055,7.9222612,7.5393991,3.421,-.1862509,,,,,,,,,
IA,64,.050000001,Iowa,144700000000,42.070023,-93.493347,55857.129,16,27.9,2763,1889.4,31,2280.5627,109.7,25.6,3878,.89999998,160.42191,.82580638,73.566544,125.0968,-.1053605,5.0778069,4.8290882,4.2981901,-2.9957321,10.93055,7.9240718,7.544014,3.4339869,-.1913949,5.126924,-.1476361,4.253624,4.7790141,-3.2188759,10.93055,7.9222612,7.5393991,3.421
IA,65,.050000001,Iowa,144700000000,42.070023,-93.493347,55857.129,16,28.1,2758,1897.1,31.5,2537.7,116,26.1,4160,.8920635,168.64059,.82857138,80.561897,132.06351,-.114218,5.127769,4.8832831,4.3890262,-2.9957321,10.93055,7.9222612,7.5480819,3.4499879,-.18805221,5.0778069,-.1053605,4.2981901,4.8290882,-2.9957321,10.93055,7.9240718,7.544014,3.4339869
IA,66,.079999998,Iowa,144700000000,42.070023,-93.493347,55857.129,16,31.6,2764,1912.5,32.400002,2722.3899,108.2,26.200001,4674,.9753086,156.3737,.80864203,84.024384,144.2592,-.0250013,5.052249,4.971612,4.431107,-2.5257289,10.93055,7.9244342,7.5561671,3.478158,-.21239901,5.127769,-.114218,4.3890262,4.8832831,-2.9957321,10.93055,7.9222612,7.5480819,3.4499879
IA,67,.079999998,Iowa,144700000000,42.070023,-93.493347,55857.129,16,32,2772,1930.8,33.400002,2744.8384,113.7,27.5,5012,.95808381,163.23621,.82335317,82.180794,150.05991,-.042819999,5.0951982,5.011034,4.4089222,-2.5257289,10.93055,7.9273238,7.56569,3.5085559,-.19437,5.052249,-.0250013,4.431107,4.971612,-2.5257289,10.93055,7.9244342,7.5561671,3.478158
IA,68,.1,Iowa,144700000000,42.070023,-93.493347,55857.129,16,36.299999,2775,1950.1,34.799999,2918.304,109.2,29.200001,5448,1.043103,155.392,.83908051,83.859306,156.5517,.042200401,5.0459509,5.0533872,4.429141,-2.3025849,10.93055,7.9284058,7.5756359,3.5496171,-.1754486,5.0951982,-.042819999,4.4089222,5.011034,-2.5257289,10.93055,7.9273238,7.56569,3.5085559
IA,69,.1,Iowa,144700000000,42.070023,-93.493347,55857.129,16,36,2781,1963.6,36.700001,3165.2373,107.9,29.9,5957,.98092639,152.81619,.8147139,86.246246,162.3161,-.019257899,5.0292358,5.0895448,4.4572072,-2.3025849,10.93055,7.9305658,7.5825348,3.602777,-.2049183,5.0459509,.042200401,4.429141,5.0533872,-2.3025849,10.93055,7.9284058,7.5756359,3.5496171
IA,70,.1,Iowa,144700000000,42.070023,-93.493347,55857.129,16,37.700001,2825,2000.2,38.799999,3369.3145,108.5,33.900002,6412,.97164953,153.24091,.87371141,86.838013,165.25771,-.0287601,5.032012,5.1075058,4.464045,-2.3025849,10.93055,7.9462638,7.6010022,3.6584201,-.13500521,5.0292358,-.019257899,4.4572072,5.0895448,-2.3025849,10.93055,7.9305658,7.5825348,3.602777
IA,71,.13,Iowa,144700000000,42.070023,-93.493347,55857.129,16,38.5,2849,2036.8,40.5,3507.0667,108.4,34.700001,6882,.95061731,151.6259,.85679013,86.594238,169.9259,-.050643701,5.0214162,5.1353631,4.4612331,-2.040221,10.93055,7.9547229,7.6191349,3.7013021,-.15456229,5.032012,-.0287601,4.464045,5.1075058,-2.3025849,10.93055,7.9462638,7.6010022,3.6584201
IA,72,.13,Iowa,144700000000,42.070023,-93.493347,55857.129,16,41.900002,2856,2062.8,41.799999,3892.7725,109.4,37.700001,7484,1.0023921,151.4671,.90191388,93.128532,179.04311,.0023896,5.0203691,5.1876259,4.5339799,-2.040221,10.93055,7.9571772,7.6318202,3.7328961,-.1032362,5.0214162,-.050643701,4.4612331,5.1353631,-2.040221,10.93055,7.9547229,7.6191349,3.7013021
IA,73,.13,Iowa,144700000000,42.070023,-93.493347,55857.129,16,41.900002,2858,2084,44.400002,4829.4868,110.6,37.700001,8510,.9436937,151.677,.8490991,108.7722,191.6667,-.0579536,5.0217528,5.2557578,4.6892562,-2.040221,10.93055,7.9578772,7.642045,3.7932401,-.1635794,5.0203691,.0023896,4.5339799,5.1876259,-2.040221,10.93055,7.9571772,7.6318202,3.7328961
IA,74,.13,Iowa,144700000000,42.070023,-93.493347,55857.129,16,43.200001,2861,2108.1001,49.299999,4793.7734,116.1,38,9699,.87626779,157.5647,.77079111,97.236794,196.7343,-.13208351,5.0598359,5.2818542,4.5771489,-2.040221,10.93055,7.9589272,7.653543,3.8979239,-.26033789,5.0217528,-.0579536,4.6892562,5.2557578,-2.040221,10.93055,7.9578772,7.642045,3.7932401
IA,75,.13,Iowa,144700000000,42.070023,-93.493347,55857.129,16,45.400002,2873,2137,53.799999,5289.6812,120.5,42.799999,10615,.84386623,162.00121,.79553902,98.321213,197.30479,-.1697613,5.087604,5.28475,4.5882401,-2.040221,10.93055,7.9631119,7.6671581,3.9852729,-.2287354,5.0598359,-.13208351,4.5771489,5.2818542,-2.040221,10.93055,7.9589272,7.653543,3.8979239
IA,76,.13,Iowa,144700000000,42.070023,-93.493347,55857.129,16,47.799999,2894,2172.7,56.900002,5794.772,124.4,44.700001,12019,.84007019,165.6987,.78558868,101.8413,211.23019,-.1742698,5.1101708,5.3529491,4.6234159,-2.040221,10.93055,7.9703951,7.6837258,4.041296,-.2413218,5.087604,-.1697613,4.5882401,5.28475,-2.040221,10.93055,7.9631119,7.6671581,3.9852729
IA,77,.13,Iowa,144700000000,42.070023,-93.493347,55857.129,16,49.400002,2903,2195.8,60.599998,6047.8276,125.5,45.900002,13511,.81518161,165.91969,.75742579,99.799141,222.9538,-.20434441,5.1115041,5.4069648,4.603159,-2.040221,10.93055,7.9734998,7.6943021,4.1042948,-.27782971,5.1101708,-.1742698,4.6234159,5.3529491,-2.040221,10.93055,7.9703951,7.6837258,4.041296
IA,78,.13,Iowa,144700000000,42.070023,-93.493347,55857.129,16,54.599998,2906,2213.1001,65.199997,7016.1743,127.1,49.900002,15043,.83742332,166.8938,.76533753,107.61,230.7209,-.17742559,5.1173568,5.4412088,4.678514,-2.040221,10.93055,7.9745331,7.7021489,4.1774588,-.26743841,5.1115041,-.20434441,4.603159,5.4069648,-2.040221,10.93055,7.9734998,7.6943021,4.1042948
IA,79,.13,Iowa,144700000000,42.070023,-93.493347,55857.129,16,56.400002,2902,2219.8999,72.599998,7617.1816,124.2,52.200001,16849,.77685952,162.3625,.71900833,104.9199,232.0799,-.25249571,5.0898309,5.447082,4.6531968,-2.040221,10.93055,7.973155,7.7052169,4.284965,-.32988241,5.1173568,-.17742559,4.678514,5.4412088,-2.040221,10.93055,7.9745331,7.7021489,4.1774588
IA,80,.13,Iowa,144700000000,42.070023,-93.493347,55857.129,16,58.799999,2913,2213.1001,82.400002,7957.9902,124.6,57.299999,18015,.71359217,164.0051,.69538832,96.577553,218.6286,-.33744359,5.0998979,5.3873739,4.5703459,-2.040221,10.93055,7.9769392,7.7021489,4.4115849,-.36328489,5.0898309,-.25249571,4.6531968,5.447082,-2.040221,10.93055,7.973155,7.7052169,4.284965
IA,81,.13,Iowa,144700000000,42.070023,-93.493347,55857.129,16,61.400002,2899,2206.3999,90.900002,8951.8467,132.89999,59.900002,19183,.67546761,174.618,.65896589,98.480164,211.0341,-.3923502,5.162601,5.3520198,4.5898552,-2.040221,10.93055,7.9721208,7.6991181,4.5097599,-.4170835,5.0998979,-.33744359,4.5703459,5.3873739,-2.040221,10.93055,7.9769392,7.7021489,4.4115849
IA,82,.18000001,Iowa,144700000000,42.070023,-93.493347,55857.129,16,72.800003,2905,2212.2,96.5,9118.1689,116.2,64.699997,19213,.75440419,152.59061,.6704663,94.4888,199.0984,-.281827,5.0277591,5.2937989,4.548481,-1.714798,10.93055,7.9741888,7.7017431,4.5695429,-.39978179,5.162601,-.3923502,4.5898552,5.3520198,-2.040221,10.93055,7.9721208,7.6991181,4.5097599
IA,83,.18000001,Iowa,144700000000,42.070023,-93.493347,55857.129,16,84,2905,2216,99.599998,9124.292,115.6,74.800003,19785,.84337348,151.5424,.75100398,91.60936,198.64461,-.1703454,5.020865,5.2915168,4.5175328,-1.714798,10.93055,7.9741888,7.7034588,4.601162,-.28634429,5.0277591,-.281827,4.548481,5.2937989,-1.714798,10.93055,7.9741888,7.7017431,4.5695429
IA,84,.18000001,Iowa,144700000000,42.070023,-93.493347,55857.129,16,93.300003,2910,2218.8999,103.9,10180.391,111.2,84.800003,21062,.89797878,145.8344,.81616938,97.982582,202.7141,-.1076088,4.9824719,5.3117971,4.5847902,-1.714798,10.93055,7.9759078,7.7047672,4.6434288,-.2031333,5.020865,-.1703454,4.5175328,5.2915168,-1.714798,10.93055,7.9741888,7.7034588,4.601162
IA,85,.18000001,Iowa,144700000000,42.070023,-93.493347,55857.129,16,99.5,2880,2209.3,107.6,10668.136,109.4,92.300003,21659,.92472118,142.61169,.85780668,99.146248,201.29179,-.078263,4.960125,5.3047562,4.5965958,-1.714798,10.93055,7.9655461,7.7004309,4.678421,-.1533764,4.9824719,-.1076088,4.5847902,5.3117971,-1.714798,10.93055,7.9759078,7.7047672,4.6434288
IA,86,.25999999,Iowa,144700000000,42.070023,-93.493347,55857.129,16,104.8,2850,2195.8,109.6,11155.88,104.1,101.9,22334,.95620441,135.11481,.92974448,101.7872,203.7774,-.0447836,4.9061251,5.317028,4.6228852,-1.347074,10.93055,7.9550738,7.6943021,4.6968369,-.072845399,4.960125,-.078263,4.5965958,5.3047562,-1.714798,10.93055,7.9655461,7.7004309,4.678421
IA,87,.25999999,Iowa,144700000000,42.070023,-93.493347,55857.129,16,117.1,2834,2190,113.6,11623.217,101.1,108.5,23921,1.03081,130.8299,.95510572,102.317,210.5722,.030344799,4.873898,5.3498292,4.6280761,-1.347074,10.93055,7.9494438,7.6916571,4.7326841,-.045933299,4.9061251,-.0447836,4.6228852,5.317028,-1.347074,10.93055,7.9550738,7.6943021,4.6968369
IA,88,.34,Iowa,144700000000,42.070023,-93.493347,55857.129,16,124.2,2834,2203,118.3,12213,100.2,114.6,25843,1.049873,128.89999,.96872348,103.2375,218.45309,.048669301,4.8590369,5.3865709,4.637033,-1.07881,10.93055,7.9494438,7.697576,4.7732239,-.031776,4.873898,.030344799,4.6280761,5.3498292,-1.347074,10.93055,7.9494438,7.6916571,4.7326841
IA,89,.31,Iowa,144700000000,42.070023,-93.493347,55857.129,16,145.10001,2840,2209,124,13138,94.400002,118.9,27607,1.170161,121.3653,.95887101,105.9516,222.6371,.1571417,4.7988052,5.4055429,4.662982,-1.171183,10.93055,7.95156,7.700295,4.820282,-.041998699,4.8590369,.048669301,4.637033,5.3865709,-1.07881,10.93055,7.9494438,7.697576,4.7732239
IA,90,.31,Iowa,144700000000,42.070023,-93.493347,55857.129,16,149.60001,2846.1001,2213.8,130.7,14647,95.400002,129.10001,29481,1.144606,122.6479,.98775828,112.0658,225.56239,.1350605,4.8093181,5.4185972,4.7190862,-1.171183,10.93055,7.9537048,7.702466,4.8729048,-.0123173,4.7988052,.1571417,4.662982,5.4055429,-1.171183,10.93055,7.95156,7.700295,4.820282
IA,91,.31,Iowa,144700000000,42.070023,-93.493347,55857.129,16,155.39999,2864.6001,2228.3,136.2,14873,97.099998,132.5,30910,1.140969,124.8273,.97283411,109.1997,226.94569,.131878,4.826931,5.4247112,4.6931782,-1.171183,10.93055,7.9601841,7.7089939,4.914124,-.027541701,4.8093181,.1350605,4.7190862,5.4185972,-1.171183,10.93055,7.9537048,7.702466,4.8729048
IA,92,.36000001,Iowa,144700000000,42.070023,-93.493347,55857.129,16,178.5,2882,2238.7,140.3,16089,95.199997,153.10001,32972,1.272274,122.5561,1.091233,114.6757,235.0107,.2408056,4.808569,5.459631,4.7421079,-1.021651,10.93055,7.9662399,7.7136512,4.9437828,.087308399,4.826931,.131878,4.6931782,5.4247112,-1.171183,10.93055,7.9601841,7.7089939,4.914124
