Datasets/panel/Baltagi and Levine/cigarette.csv
idstate,year,txrate,name,aland,ycoord,xcoord,land,state,price,pop,pop16,cpi,ndi,sales,pimin,comp,ppp,spp,mppp,ipc,ncom,lnprice,lnsales,lncomp,lnndi,lntxrate,lnland,lnpop,lnpop16,lncpi,lnminp,lnsales_lag,lnprice_lag,lnndi_lag,lncomp_lag,lntxrate_lag,lnland_lag,lnpop_lag,lnpop16_lag,lncpi_lag
KY,63,.025,Kentucky,102300000000,37.53368,-85.292984,39486.34,18,24.1,3121,2106.7,30.6,1724.5822,126.3,24.4,3868,.78758168,187.1089,.79738557,56.358891,126.4052,-.2387882,5.2316909,4.8394928,4.0317402,-3.688879,10.58371,8.0459089,7.6528778,3.421,-.2264169,,,,,,,,,
KY,64,.025,Kentucky,102300000000,37.53368,-85.292984,39486.34,18,25,3163,2142.2,31,1792.8512,127,25.200001,4096,.80645162,187.51801,.81290323,57.833912,132.129,-.2151114,5.2338748,4.883779,4.0575752,-3.688879,10.58371,8.0592766,7.669589,3.4339869,-.2071432,5.2316909,-.2387882,4.0317402,4.8394928,-3.688879,10.58371,8.0459089,7.6528778,3.421
KY,65,.025,Kentucky,102300000000,37.53368,-85.292984,39486.34,18,24.5,3173,2157.6001,31.5,1935.6912,128.7,25.1,4426,.77777779,189.2682,.79682541,61.450508,140.5079,-.2513144,5.243165,4.9452639,4.1182318,-3.688879,10.58371,8.0624332,7.6767521,3.4499879,-.2271197,5.2338748,-.2151114,4.0575752,4.883779,-3.688879,10.58371,8.0592766,7.669589,3.4339869
KY,66,.025,Kentucky,102300000000,37.53368,-85.292984,39486.34,18,24.700001,3181,2176.8,32.400002,2089.0339,134,24.700001,4964,.76234567,195.8168,.76234567,64.476357,153.2099,-.27135521,5.2771788,5.0318089,4.1662979,-3.688879,10.58371,8.0649509,7.6856108,3.478158,-.27135521,5.243165,-.2513144,4.1182318,4.9452639,-3.688879,10.58371,8.0624332,7.6767521,3.4499879
KY,67,.025,Kentucky,102300000000,37.53368,-85.292984,39486.34,18,25,3201,2207.5,33.400002,2237.1255,139.3,26.299999,5398,.74850303,201.9929,.7874251,66.979797,161.61681,-.28968009,5.3082318,5.085228,4.204391,-3.688879,10.58371,8.0712175,7.699616,3.5085559,-.238987,5.2771788,-.27135521,4.1662979,5.0318089,-3.688879,10.58371,8.0649509,7.6856108,3.478158
KY,68,.025,Kentucky,102300000000,37.53368,-85.292984,39486.34,18,26.299999,3224,2242.1001,34.799999,2405.1724,142.8,27.1,6001,.75574708,205.33749,.77873558,69.114151,172.4425,-.2800484,5.3246551,5.150064,4.2357602,-3.688879,10.58371,8.0783777,7.715168,3.5496171,-.25008371,5.3082318,-.28968009,4.204391,5.085228,-3.688879,10.58371,8.0712175,7.699616,3.5085559
KY,69,.025,Kentucky,102300000000,37.53368,-85.292984,39486.34,18,27,3232,2256.5,36.700001,2587.9236,146.3,28.299999,6609,.73569483,209.54649,.77111721,70.515633,180.0817,-.3069399,5.344945,5.1934109,4.2558341,-3.688879,10.58371,8.0808563,7.72157,3.602777,-.25991499,5.3246551,-.2800484,4.2357602,5.150064,-3.688879,10.58371,8.0783777,7.715168,3.5496171
KY,70,.025,Kentucky,102300000000,37.53368,-85.292984,39486.34,18,28.299999,3219,2270,38.799999,2812.6863,155.8,28.799999,7154,.72938138,220.93401,.74226803,72.491913,184.3815,-.3155584,5.3978639,5.2170072,4.2834749,-3.688879,10.58371,8.0768261,7.7275348,3.6584201,-.29804489,5.344945,-.3069399,4.2558341,5.1934109,-3.688879,10.58371,8.0808563,7.72157,3.602777
KY,71,.029999999,Kentucky,102300000000,37.53368,-85.292984,39486.34,18,30.1,3280,2330.5,40.5,3006.9907,163.5,30.200001,7799,.7432099,230.11369,.74567902,74.246681,192.5679,-.2967768,5.4385729,5.2604489,4.3073931,-3.5065579,10.58371,8.0955992,7.7538381,3.7013021,-.29346001,5.3978639,-.3155584,4.2834749,5.2170072,-3.688879,10.58371,8.0768261,7.7275348,3.6584201
KY,72,.029999999,Kentucky,102300000000,37.53368,-85.292984,39486.34,18,30.6,3303,2360.3,41.799999,3239.1055,179.39999,29.9,8592,.73205751,251.05209,.71531099,77.490562,205.5502,-.31189629,5.525661,5.3256912,4.3501558,-3.5065579,10.58371,8.1025867,7.7665439,3.7328961,-.33503789,5.4385729,-.2967768,4.3073931,5.2604489,-3.5065579,10.58371,8.0955992,7.7538381,3.7013021
KY,73,.029999999,Kentucky,102300000000,37.53368,-85.292984,39486.34,18,30.6,3325,2396.8,44.400002,3653.9714,201.89999,30.1,9802,.6891892,280.08911,.67792791,82.296654,220.76579,-.37223941,5.635108,5.3971019,4.4103298,-3.5065579,10.58371,8.1092253,7.7818899,3.7932401,-.38871431,5.525661,-.31189629,4.3501558,5.3256912,-3.5065579,10.58371,8.1025867,7.7665439,3.7328961
KY,74,.029999999,Kentucky,102300000000,37.53368,-85.292984,39486.34,18,31.5,3356,2440,49.299999,4052.0327,212.39999,31.299999,11008,.63894522,292.13708,.63488841,82.191338,223.286,-.44793659,5.6772232,5.408453,4.40905,-3.5065579,10.58371,8.1185045,7.7997532,3.8979239,-.45430601,5.635108,-.37223941,4.4103298,5.3971019,-3.5065579,10.58371,8.1092253,7.7818899,3.7932401
KY,75,.029999999,Kentucky,102300000000,37.53368,-85.292984,39486.34,18,33.299999,3392,2484.2,53.799999,4380.7749,223,33.599998,11814,.61895913,304.49081,.62453532,81.427048,219.59109,-.479716,5.7186408,5.391767,4.3997068,-3.5065579,10.58371,8.1291752,7.8177061,3.9852729,-.47074741,5.6772232,-.44793659,4.40905,5.408453,-3.5065579,10.58371,8.1185045,7.7997532,3.8979239
KY,76,.029999999,Kentucky,102300000000,37.53368,-85.292984,39486.34,18,36,3439,2537,56.900002,4802.9927,230.89999,37.900002,13453,.63268888,312.99371,.66608077,84.411118,236.4323,-.4577764,5.7461829,5.465662,4.435699,-3.5065579,10.58371,8.1429358,7.838737,4.041296,-.40634421,5.7186408,-.479716,4.3997068,5.391767,-3.5065579,10.58371,8.1291752,7.8177061,3.9852729
KY,77,.029999999,Kentucky,102300000000,37.53368,-85.292984,39486.34,18,36.900002,3468,2574.5,60.599998,5232.563,229.39999,38.400002,15150,.60891092,309.01501,.63366342,86.345917,250,-.49608329,5.7333899,5.521461,4.4583621,-3.5065579,10.58371,8.1513338,7.8534112,4.1042948,-.45623729,5.7461829,-.4577764,4.435699,5.465662,-3.5065579,10.58371,8.1429358,7.838737,4.041296
KY,78,.029999999,Kentucky,102300000000,37.53368,-85.292984,39486.34,18,41.400002,3490,2603.3,65.199997,5753.5083,224.7,42.799999,17227,.63496941,301.23419,.65644169,88.244003,264.2178,-.45417851,5.7078881,5.5767741,4.4801059,-3.5065579,10.58371,8.1576567,7.8645349,4.1774588,-.4209213,5.7333899,-.49608329,4.4583621,5.521461,-3.5065579,10.58371,8.1513338,7.8534112,4.1042948
KY,79,.029999999,Kentucky,102300000000,37.53368,-85.292984,39486.34,18,43.400002,3527,2641.7,72.599998,6409.9419,214.89999,45.799999,19404,.5977962,286.9184,.63085401,88.291206,267.27271,-.51450539,5.6591978,5.5882702,4.4806399,-3.5065579,10.58371,8.1682034,7.879178,4.284965,-.46068081,5.7078881,-.45417851,4.4801059,5.5767741,-3.5065579,10.58371,8.1576567,7.8645349,4.1774588
KY,80,.029999999,Kentucky,102300000000,37.53368,-85.292984,39486.34,18,46.299999,3661,2737.8,82.400002,6775.4443,215.3,48.5,20595,.56189322,287.90021,.58859217,82.226257,249.9393,-.57644361,5.6626139,5.5212178,4.4094748,-3.5065579,10.58371,8.205492,7.9149098,4.4115849,-.53002173,5.6591978,-.51450539,4.4806399,5.5882702,-3.5065579,10.58371,8.1682034,7.879178,4.284965
KY,81,.029999999,Kentucky,102300000000,37.53368,-85.292984,39486.34,18,49.400002,3662,2745.5,90.900002,7506.4482,209.7,51.799999,22359,.54345429,279.70181,.56985688,82.579193,245.9736,-.60980958,5.6337242,5.5052242,4.4137578,-3.5065579,10.58371,8.2057648,7.9177179,4.5097599,-.56236988,5.6626139,-.57644361,4.4094748,5.5212178,-3.5065579,10.58371,8.205492,7.9149098,4.4115849
KY,82,.029999999,Kentucky,102300000000,37.53368,-85.292984,39486.34,18,56.299999,3667,2757,96.5,7988.5332,210.60001,56.400002,23251,.58341968,280.11249,.58445603,82.78273,240.94299,-.53884852,5.635191,5.48456,4.4162192,-3.5065579,10.58371,8.2071285,7.9218979,4.5695429,-.53707391,5.6337242,-.60980958,4.4137578,5.5052242,-3.5065579,10.58371,8.2057648,7.9177179,4.5097599
KY,83,.029999999,Kentucky,102300000000,37.53368,-85.292984,39486.34,18,66.400002,3714,2800.2,99.599998,8272.1123,201.10001,68.800003,24127,.66666669,266.72571,.69076312,83.053337,242.239,-.4054651,5.5862212,5.489924,4.4194832,-3.5065579,10.58371,8.2198648,7.9374461,4.601162,-.36995831,5.635191,-.53884852,4.4162192,5.48456,-3.5065579,10.58371,8.2071285,7.9218979,4.5695429
KY,84,.029999999,Kentucky,102300000000,37.53368,-85.292984,39486.34,18,75.400002,3723,2812.7,103.9,9062.9834,183.2,76,26445,.72569782,242.49071,.73147261,87.227943,254.52361,-.32062161,5.490963,5.5393929,4.4685249,-3.5065579,10.58371,8.2222853,7.9418998,4.6434288,-.31269559,5.5862212,-.4054651,4.4194832,5.489924,-3.5065579,10.58371,8.2198648,7.9374461,4.601162
KY,85,.029999999,Kentucky,102300000000,37.53368,-85.292984,39486.34,18,79.300003,3728,2829.1001,107.6,9282.4951,182.39999,83.599998,27861,.7369889,240.3546,.77695167,86.268539,258.93121,-.30518249,5.4821148,5.5565619,4.4574652,-3.5065579,10.58371,8.2236271,7.9477139,4.678421,-.25237709,5.490963,-.32062161,4.4685249,5.5393929,-3.5065579,10.58371,8.2222853,7.9418998,4.6434288
KY,86,.029999999,Kentucky,102300000000,37.53368,-85.292984,39486.34,18,85.400002,3726,2841.6001,109.6,9722.5684,179.8,91.300003,29122,.7791971,235.7597,.83302921,88.709557,265.7117,-.2494913,5.4628129,5.5824118,4.4853678,-3.5065579,10.58371,8.2230902,7.9521232,4.6968369,-.1826866,5.4821148,-.30518249,4.4574652,5.5565619,-3.5065579,10.58371,8.2236271,7.9477139,4.678421
KY,87,.029999999,Kentucky,102300000000,37.53368,-85.292984,39486.34,18,90.5,3727,2855,113.6,10328.588,171.2,94.599998,31211,.79665488,223.4895,.83274651,90.92067,274.74469,-.22733361,5.4093642,5.6158419,4.5099869,-3.5065579,10.58371,8.2233591,7.9568272,4.7326841,-.183026,5.4628129,-.2494913,4.4853678,5.5824118,-3.5065579,10.58371,8.2230902,7.9521232,4.6968369
KY,88,.029999999,Kentucky,102300000000,37.53368,-85.292984,39486.34,18,94.400002,3727,2867,118.3,11089,173.2,102.1,33229,.79797119,225.15401,.86306,93.736259,280.8876,-.22568271,5.4167838,5.6379552,4.5404849,-3.5065579,10.58371,8.2233591,7.9610209,4.7732239,-.1472711,5.4093642,-.22733361,4.5099869,5.6158419,-3.5065579,10.58371,8.2233591,7.9568272,4.7326841
KY,89,.029999999,Kentucky,102300000000,37.53368,-85.292984,39486.34,18,103.8,3727,2874,124,11873,171.60001,109.4,35254,.83709681,222.5307,.88225812,95.75,284.30649,-.1778156,5.4050651,5.650053,4.5617399,-3.5065579,10.58371,8.2233591,7.96346,4.820282,-.12527069,5.4167838,-.22568271,4.5404849,5.6379552,-3.5065579,10.58371,8.2233591,7.9610209,4.7732239
KY,90,.029999999,Kentucky,102300000000,37.53368,-85.292984,39486.34,18,115.6,3735.1001,2880.3,130.7,12879,182.5,128.60001,37823,.88446832,236.66141,.98393267,98.538643,289.38791,-.1227687,5.46663,5.667768,4.5904489,-3.5065579,10.58371,8.2255297,7.9656501,4.8729048,-.0161977,5.4050651,-.1778156,4.5617399,5.650053,-3.5065579,10.58371,8.2233591,7.96346,4.820282
KY,91,.029999999,Kentucky,102300000000,37.53368,-85.292984,39486.34,18,120.5,3763.5,2903.6001,136.2,13338,170.8,132.5,39611,.88472837,221.3824,.97283411,97.92952,290.82971,-.1224746,5.3998909,5.6727381,4.5842481,-3.5065579,10.58371,8.2331047,7.9737072,4.914124,-.027541701,5.46663,-.1227687,4.5904489,5.667768,-3.5065579,10.58371,8.2255297,7.9656501,4.8729048
KY,92,.029999999,Kentucky,102300000000,37.53368,-85.292984,39486.34,18,135.8,3806.1001,2942.1001,140.3,14664,167.60001,153.10001,43066,.96792579,216.8187,1.091233,104.5189,306.95651,-.032599799,5.3790622,5.726706,4.6493678,-3.5065579,10.58371,8.24436,7.9868789,4.9437828,.087308399,5.3998909,-.1224746,4.5842481,5.6727381,-3.5065579,10.58371,8.2331047,7.9737072,4.914124
