Datasets/panel/Baltagi and Levine/cigarette.csv
idstate,year,txrate,name,aland,ycoord,xcoord,land,state,price,pop,pop16,cpi,ndi,sales,pimin,comp,ppp,spp,mppp,ipc,ncom,lnprice,lnsales,lncomp,lnndi,lntxrate,lnland,lnpop,lnpop16,lncpi,lnminp,lnsales_lag,lnprice_lag,lnndi_lag,lncomp_lag,lntxrate_lag,lnland_lag,lnpop_lag,lnpop16_lag,lncpi_lag
LA,63,.079999998,Louisiana,111900000000,30.857771,-91.803276,43203.883,19,30.1,3410,2194,30.6,1675.9379,114,27,4436,.9836601,177.1832,.88235289,54.769211,144.9673,-.016474901,5.1771851,4.9765081,4.0031281,-2.5257289,10.67369,8.1344671,7.693481,3.421,-.12516309,,,,,,,,,
LA,64,.079999998,Louisiana,111900000000,30.857771,-91.803276,43203.883,19,30.1,3493,2253.6001,31,1782.5702,114,27.299999,4794,.97096783,176.69591,.88064522,57.50227,154.6452,-.029462,5.1744299,5.0411329,4.051825,-2.5257289,10.67369,8.1585159,7.720284,3.4339869,-.1271005,5.1771851,-.016474901,4.0031281,4.9765081,-2.5257289,10.67369,8.1344671,7.693481,3.421
LA,65,.079999998,Louisiana,111900000000,30.857771,-91.803276,43203.883,19,30.299999,3560,2305.5,31.5,1910.3278,117.5,27.200001,5265,.96190482,181.4357,.86349207,60.645321,167.1429,-.038839798,5.200902,5.1188488,4.105042,-2.5257289,10.67369,8.177516,7.743053,3.4499879,-.1467706,5.1744299,-.029462,4.051825,5.0411329,-2.5257289,10.67369,8.1585159,7.720284,3.4339869
LA,66,.079999998,Louisiana,111900000000,30.857771,-91.803276,43203.883,19,30,3624,2363.2,32.400002,2054.1809,119.7,30.299999,5961,.92592591,183.5616,.93518507,63.400639,183.98151,-.0769611,5.2125502,5.2148352,4.1494741,-2.5257289,10.67369,8.1953325,7.7677722,3.478158,-.067010798,5.200902,-.038839798,4.105042,5.1188488,-2.5257289,10.67369,8.177516,7.743053,3.4499879
LA,67,.079999998,Louisiana,111900000000,30.857771,-91.803276,43203.883,19,31.5,3663,2404.5,33.400002,2236.2605,120,30.4,6531,.94311368,182.80721,.91017962,66.953903,195.53889,-.058568399,5.2084322,5.2757592,4.2040038,-2.5257289,10.67369,8.2060385,7.7850971,3.5085559,-.094113298,5.2125502,-.0769611,4.1494741,5.2148352,-2.5257289,10.67369,8.1953325,7.7677722,3.478158
LA,68,.079999998,Louisiana,111900000000,30.857771,-91.803276,43203.883,19,32.5,3710,2455.5,34.799999,2413.3103,117.3,30.9,7213,.93390799,177.22791,.88793099,69.348,207.2701,-.068377301,5.1774359,5.334023,4.2391372,-2.5257289,10.67369,8.2187872,7.8060861,3.5496171,-.1188612,5.2084322,-.058568399,4.2040038,5.2757592,-2.5257289,10.67369,8.2060385,7.7850971,3.5085559
LA,69,.079999998,Louisiana,111900000000,30.857771,-91.803276,43203.883,19,33.299999,3745,2467,36.700001,2511.895,115.9,30.9,7755,.90735692,175.9406,.8419618,68.444008,211.30791,-.0972194,5.170146,5.3533158,4.226016,-2.5257289,10.67369,8.2281771,7.8107581,3.602777,-.1720206,5.1774359,-.068377301,4.2391372,5.334023,-2.5257289,10.67369,8.2187872,7.8060861,3.5496171
LA,70,.079999998,Louisiana,111900000000,30.857771,-91.803276,43203.883,19,34.299999,3643,2467,38.799999,2709.0642,115.9,36.200001,8269,.88402063,171.1487,.93298972,69.821243,213.11861,-.1232749,5.1425319,5.3618488,4.2459378,-2.5257289,10.67369,8.2005615,7.8107581,3.6584201,-.069361098,5.170146,-.0972194,4.226016,5.3533158,-2.5257289,10.67369,8.2281771,7.8107581,3.602777
LA,71,.11,Louisiana,111900000000,30.857771,-91.803276,43203.883,19,39.299999,3696,2530.5,40.5,2877.0603,119.8,37.5,8918,.97037041,174.9776,.92592591,71.038528,220.19749,-.0300775,5.1646581,5.3945251,4.2632222,-2.2072749,10.67369,8.2150068,7.8361721,3.7013021,-.0769611,5.1425319,-.1232749,4.2459378,5.3618488,-2.5257289,10.67369,8.2005615,7.8107581,3.6584201
LA,72,.11,Louisiana,111900000000,30.857771,-91.803276,43203.883,19,40,3737,2580.5,41.799999,3075.2354,125.3,37.400002,9817,.95693779,181.4556,.89473689,73.570229,234.85651,-.044016901,5.2010112,5.4589739,4.2982411,-2.2072749,10.67369,8.226038,7.8557391,3.7328961,-.1112256,5.1646581,-.0300775,4.2632222,5.3945251,-2.2072749,10.67369,8.2150068,7.8361721,3.7013021
LA,73,.11,Louisiana,111900000000,30.857771,-91.803276,43203.883,19,39.900002,3753,2616,44.400002,3410.2219,126.7,37.299999,10920,.89864868,181.76801,.84008998,76.806801,245.94591,-.1068631,5.2027311,5.5051122,4.3412929,-2.2072749,10.67369,8.2303104,7.8694019,3.7932401,-.17424621,5.2010112,-.044016901,4.2982411,5.4589739,-2.2072749,10.67369,8.226038,7.8557391,3.7328961
LA,74,.11,Louisiana,111900000000,30.857771,-91.803276,43203.883,19,41.599998,3774,2658.3,49.299999,3855.8645,129.89999,41.400002,12401,.84381342,184.4196,.83975661,78.212273,251.5416,-.1698239,5.2172141,5.5276079,4.359426,-2.2072749,10.67369,8.2358904,7.8854418,3.8979239,-.1746432,5.2027311,-.1068631,4.3412929,5.5051122,-2.2072749,10.67369,8.2303104,7.8694019,3.7932401
LA,75,.11,Louisiana,111900000000,30.857771,-91.803276,43203.883,19,44.299999,3829,2722.8,53.799999,4252.2148,133.60001,43,14038,.82341999,187.8781,.7992565,79.037453,260.92941,-.19428881,5.2357931,5.56425,4.3699222,-2.2072749,10.67369,8.2503586,7.9094162,3.9852729,-.2240734,5.2172141,-.1698239,4.359426,5.5276079,-2.2072749,10.67369,8.2358904,7.8854418,3.8979239
LA,76,.11,Louisiana,111900000000,30.857771,-91.803276,43203.883,19,48.099998,3883,2781.3999,56.900002,4694.8394,139.60001,46.400002,16183,.84534258,194.88989,.81546569,82.510353,284.41129,-.1680132,5.2724352,5.6504211,4.4129238,-2.2072749,10.67369,8.2643633,7.9307098,4.041296,-.2039959,5.2357931,-.19428881,4.3699222,5.56425,-2.2072749,10.67369,8.2503586,7.9094162,3.9852729
LA,77,.11,Louisiana,111900000000,30.857771,-91.803276,43203.883,19,48.900002,3935,2839.1001,60.599998,5161.6069,140,48.799999,18253,.80693072,194.04041,.80528051,85.175034,301.20459,-.2145175,5.2680659,5.7077899,4.4447079,-2.2072749,10.67369,8.2776661,7.951242,4.1042948,-.2165646,5.2724352,-.1680132,4.4129238,5.6504211,-2.2072749,10.67369,8.2643633,7.9307098,4.041296
LA,78,.11,Louisiana,111900000000,30.857771,-91.803276,43203.883,19,54.200001,3978,2889.1001,65.199997,5786.3115,142.7,53.599998,21289,.8312884,196.48351,.82208592,88.747124,326.5184,-.1847785,5.2805791,5.788486,4.4857912,-2.2072749,10.67369,8.2885342,7.9686999,4.1774588,-.19591039,5.2680659,-.2145175,4.4447079,5.7077899,-2.2072749,10.67369,8.2776661,7.951242,4.1042948
LA,79,.11,Louisiana,111900000000,30.857771,-91.803276,43203.883,19,57.099998,4018,2933.3,72.599998,6416.0459,140.10001,56.5,24199,.78650129,191.9073,.77823693,88.37529,333.31961,-.24016079,5.2570128,5.8091021,4.4815922,-2.2072749,10.67369,8.2985392,7.9838829,4.284965,-.25072429,5.2805791,-.1847785,4.4857912,5.788486,-2.2072749,10.67369,8.2885342,7.9686999,4.1774588
LA,80,.11,Louisiana,111900000000,30.857771,-91.803276,43203.883,19,60,4204,3079.3999,82.400002,7284.1934,143.8,59.700001,28063,.72815531,196.3159,.72451448,88.400414,340.5704,-.31724089,5.2797251,5.8306222,4.4818759,-2.2072749,10.67369,8.343792,8.0324898,4.4115849,-.32225341,5.2570128,-.24016079,4.4815922,5.8091021,-2.2072749,10.67369,8.2985392,7.9838829,4.284965
LA,81,.11,Louisiana,111900000000,30.857771,-91.803276,43203.883,19,62.599998,4308,3160.2,90.900002,8164.4131,144,63,32381,.68866879,196.3015,.69306928,89.817528,356.22659,-.37299481,5.2796521,5.875567,4.4977798,-2.2072749,10.67369,8.3682289,8.0583906,4.5097599,-.36662531,5.2797251,-.31724089,4.4818759,5.8306222,-2.2072749,10.67369,8.343792,8.0324898,4.4115849
LA,82,.11,Louisiana,111900000000,30.857771,-91.803276,43203.883,19,70.300003,4362,3200.6001,96.5,8669.4072,143.89999,69.199997,34024,.72849739,196.1169,.71709841,89.838417,352.58029,-.31677109,5.2787108,5.8652778,4.498013,-2.2072749,10.67369,8.3806858,8.0710936,4.5695429,-.33254221,5.2796521,-.37299481,4.4977798,5.875567,-2.2072749,10.67369,8.3682289,8.0583906,4.5097599
LA,83,.11,Louisiana,111900000000,30.857771,-91.803276,43203.883,19,80.699997,4438,3256.3999,99.599998,8984.2744,133.7,78.599998,33951,.81024092,182.2137,.78915662,90.20356,340.8735,-.2104236,5.2051802,5.831511,4.502069,-2.2072749,10.67369,8.3979588,8.088378,4.601162,-.23679049,5.2787108,-.31677109,4.498013,5.8652778,-2.2072749,10.67369,8.3806858,8.0710936,4.5695429
LA,84,.11,Louisiana,111900000000,30.857771,-91.803276,43203.883,19,90.699997,4462,3274.6001,103.9,9465.126,128.89999,89,35773,.87295473,175.6403,.85659289,91.098419,344.30219,-.1358716,5.168438,5.8415198,4.51194,-2.2072749,10.67369,8.4033527,8.0939512,4.6434288,-.1547925,5.2051802,-.2104236,4.502069,5.831511,-2.2072749,10.67369,8.3979588,8.088378,4.601162
LA,85,.16,Louisiana,111900000000,30.857771,-91.803276,43203.883,19,103,4485,3294.8,107.6,9747.8018,125,96.400002,36381,.9572491,170.1545,.8959108,90.592957,338.1134,-.043691602,5.1367068,5.8233809,4.5063758,-1.832582,10.67369,8.408494,8.1001015,4.678421,-.1099144,5.168438,-.1358716,4.51194,5.8415198,-2.2072749,10.67369,8.4033527,8.0939512,4.6434288
LA,86,.16,Louisiana,111900000000,30.857771,-91.803276,43203.883,19,105.1,4499,3313.1001,109.6,9902.7207,121.2,103.6,35136,.95894158,164.5826,.94525552,90.353287,320.58401,-.041925099,5.1034131,5.770144,4.503727,-1.832582,10.67369,8.4116106,8.1056395,4.6968369,-.0563001,5.1367068,-.043691602,4.5063758,5.8233809,-1.832582,10.67369,8.408494,8.1001015,4.678421
LA,87,.16,Louisiana,111900000000,30.857771,-91.803276,43203.883,19,117.8,4461,3290,113.6,10098.884,116.5,113,35170,1.036972,157.9655,.99471831,88.898628,309.59509,.036304899,5.062376,5.7352648,4.4874969,-1.832582,10.67369,8.4031286,8.0986433,4.7326841,-.0052956999,5.1034131,-.041925099,4.503727,5.770144,-1.832582,10.67369,8.4116106,8.1056395,4.6968369
LA,88,.16,Louisiana,111900000000,30.857771,-91.803276,43203.883,19,120.4,4408,3250,118.3,10793,110.9,119.9,37121,1.017751,150.41451,1.013525,91.234154,313.78699,.017595701,5.0133948,5.748714,4.5134292,-1.832582,10.67369,8.3911762,8.0864115,4.7732239,.0134342,5.062376,.036304899,4.4874969,5.7352648,-1.832582,10.67369,8.4031286,8.0986433,4.7326841
LA,89,.16,Louisiana,111900000000,30.857771,-91.803276,43203.883,19,130.7,4382,3239,124,11348,103.6,125.8,38745,1.054032,140.1591,1.014516,91.516129,312.45969,.052623,4.9427781,5.7444749,4.5165148,-1.832582,10.67369,8.3852606,8.0830202,4.820282,.0144118,5.0133948,.017595701,4.5134292,5.748714,-1.832582,10.67369,8.3911762,8.0864115,4.7732239
LA,90,.16,Louisiana,111900000000,30.857771,-91.803276,43203.883,19,143.39999,4348,3213.8999,130.7,12764,101.5,139.89999,42112,1.097169,137.3167,1.07039,97.65876,322.20349,.092733301,4.9222898,5.7751832,4.58148,-1.832582,10.67369,8.377471,8.0752401,4.8729048,.068023302,4.9427781,.052623,4.5165148,5.7444749,-1.832582,10.67369,8.3852606,8.0830202,4.820282
LA,91,.16,Louisiana,111900000000,30.857771,-91.803276,43203.883,19,149.60001,4381,3239.6001,136.2,13349,107.2,142.7,44821,1.098385,144.9695,1.047724,98.010277,329.08221,.0938408,4.9765229,5.796308,4.585073,-1.832582,10.67369,8.3850327,8.0832052,4.914124,.046620101,4.9222898,.092733301,4.58148,5.7751832,-1.832582,10.67369,8.377471,8.0752401,4.8729048
LA,92,.2,Louisiana,111900000000,30.857771,-91.803276,43203.883,19,178.10001,4417,3274.6001,140.3,14163,108.5,160.8,47242,1.269423,146.3521,1.1461149,100.948,336.72131,.2385622,4.9860148,5.8192558,4.6146049,-1.6094379,10.67369,8.3932161,8.0939512,4.9437828,.1363783,4.9765229,.0938408,4.585073,5.796308,-1.832582,10.67369,8.3850327,8.0832052,4.914124
