Datasets/panel/Baltagi and Levine/cigarette.csv
idstate,year,txrate,name,aland,ycoord,xcoord,land,state,price,pop,pop16,cpi,ndi,sales,pimin,comp,ppp,spp,mppp,ipc,ncom,lnprice,lnsales,lncomp,lnndi,lntxrate,lnland,lnpop,lnpop16,lncpi,lnminp,lnsales_lag,lnprice_lag,lnndi_lag,lncomp_lag,lntxrate_lag,lnland_lag,lnpop_lag,lnpop16_lag,lncpi_lag
ME,63,.059999999,Maine,79880000000,45.390602,-68.657486,30843.137,20,26.700001,985,669.70001,30.6,1878.7179,138.39999,24.200001,1477,.87254912,203.5598,.79084969,61.396011,48.267971,-.1363364,5.3159599,3.8767681,4.1173449,-2.813411,10.33667,6.892642,6.5068302,3.421,-.23464739,,,,,,,,,
ME,64,.059999999,Maine,79880000000,45.390602,-68.657486,30843.137,20,26.799999,984,668.70001,31,2042.64,137.39999,24.700001,1567,.86451608,202.1857,.79677421,65.891617,50.548389,-.1455854,5.309186,3.922931,4.1880112,-2.813411,10.33667,6.8916259,6.5053349,3.4339869,-.22718389,5.3159599,-.1363364,4.1173449,3.8767681,-2.813411,10.33667,6.892642,6.5068302,3.421
ME,65,.059999999,Maine,79880000000,45.390602,-68.657486,30843.137,20,27.200001,986,671.59998,31.5,2212.9487,139.10001,24.700001,1649,.86349207,204.2177,.784127,70.252342,52.349209,-.1467706,5.3191872,3.957937,4.2520938,-2.813411,10.33667,6.8936558,6.5096631,3.4499879,-.2431843,5.309186,-.1455854,4.1880112,3.922931,-2.813411,10.33667,6.8916259,6.5053349,3.4339869
ME,66,.079999998,Maine,79880000000,45.390602,-68.657486,30843.137,20,29.6,985,673.5,32.400002,2356.6467,135.10001,25.9,1793,.91358018,197.58501,.79938269,72.736008,55.3395,-.090384103,5.2861691,4.0134869,4.2868371,-2.5257289,10.33667,6.892642,6.5124879,3.478158,-.2239155,5.3191872,-.1467706,4.2520938,3.957937,-2.813411,10.33667,6.8936558,6.5096631,3.4499879
ME,67,.079999998,Maine,79880000000,45.390602,-68.657486,30843.137,20,30.299999,982,674.5,33.400002,2447.1233,136,26.5,1923,.90718561,198.0015,.79341322,73.267159,57.574848,-.097408302,5.2882738,4.0530858,4.2941132,-2.5257289,10.33667,6.8895912,6.5139718,3.5085559,-.2314112,5.2861691,-.090384103,4.2868371,4.0134869,-2.5257289,10.33667,6.892642,6.5124879,3.478158
ME,68,.1,Maine,79880000000,45.390602,-68.657486,30843.137,20,32,978,676.40002,34.799999,2613.1743,135.60001,29.9,2080,.91954023,196.0627,.85919541,75.091217,59.770111,-.083881497,5.2784338,4.0905061,4.3187041,-2.3025849,10.33667,6.885509,6.5167851,3.5496171,-.15175889,5.2882738,-.097408302,4.2941132,4.0530858,-2.5257289,10.33667,6.8895912,6.5139718,3.5085559
ME,69,.12,Maine,79880000000,45.390602,-68.657486,30843.137,20,33.400002,978,680.20001,36.700001,2827.1245,135.2,29.9,2252,.91008168,194.3922,.8147139,77.033363,61.3624,-.094220899,5.2698779,4.116797,4.3442392,-2.1202641,10.33667,6.885509,6.522387,3.602777,-.2049183,5.2784338,-.083881497,4.3187041,4.0905061,-2.3025849,10.33667,6.885509,6.5167851,3.5496171
ME,70,.12,Maine,79880000000,45.390602,-68.657486,30843.137,20,38,993,697.5,38.799999,3103.8762,128.5,31.4,2435,.97938138,182.9398,.80927843,79.996811,62.757729,-.0208341,5.209157,4.1392822,4.3819871,-2.1202641,10.33667,6.9007311,6.547503,3.6584201,-.2116123,5.2698779,-.094220899,4.3442392,4.116797,-2.1202641,10.33667,6.885509,6.522387,3.602777
ME,71,.12,Maine,79880000000,45.390602,-68.657486,30843.137,20,38.799999,1012,716.70001,40.5,3280.5715,133.2,34.099998,2563,.95802468,188.082,.84197527,81.00177,63.283951,-.042881701,5.2368779,4.1476321,4.3944712,-2.1202641,10.33667,6.9196839,6.574657,3.7013021,-.1720046,5.209157,-.0208341,4.3819871,4.1392822,-2.1202641,10.33667,6.9007311,6.547503,3.6584201
ME,72,.14,Maine,79880000000,45.390602,-68.657486,30843.137,20,41.5,1028,734,41.799999,3507.2949,136.5,36.099998,2822,.992823,191.17439,.86363631,83.906578,67.511963,-.0072029,5.2531862,4.2123051,4.4297042,-1.966113,10.33667,6.93537,6.5985088,3.7328961,-.14660349,5.2368779,-.042881701,4.3944712,4.1476321,-2.1202641,10.33667,6.9196839,6.574657,3.7013021
ME,73,.14,Maine,79880000000,45.390602,-68.657486,30843.137,20,41,1037,747.40002,44.400002,3870.2654,138,36.900002,3130,.92342341,191.4718,.83108109,87.168137,70.495491,-.079667397,5.2547402,4.255549,4.4678388,-1.966113,10.33667,6.944087,6.616601,3.7932401,-.1850279,5.2531862,-.0072029,4.4297042,4.2123051,-1.966113,10.33667,6.93537,6.5985088,3.7328961
ME,74,.14,Maine,79880000000,45.390602,-68.657486,30843.137,20,41.799999,1048,760.79999,49.299999,4234.3003,142.10001,37.900002,3410,.84787017,195.7424,.76876271,85.888443,69.168358,-.1650278,5.2767992,4.2365441,4.4530492,-1.966113,10.33667,6.954639,6.6343699,3.8979239,-.26297289,5.2547402,-.079667397,4.4678388,4.255549,-1.966113,10.33667,6.944087,6.616601,3.7932401
ME,75,.16,Maine,79880000000,45.390602,-68.657486,30843.137,20,46.700001,1058,776.20001,53.799999,4492.9565,140.7,40.799999,3630,.86802977,191.7812,.75836432,83.512207,67.472122,-.14152931,5.2563548,4.2117152,4.424993,-1.832582,10.33667,6.9641361,6.6544099,3.9852729,-.27659139,5.2767992,-.1650278,4.4530492,4.2365441,-1.966113,10.33667,6.954639,6.6343699,3.8979239
ME,76,.16,Maine,79880000000,45.390602,-68.657486,30843.137,20,49.900002,1072,792.5,56.900002,5028.3647,144.89999,43.900002,4208,.87697709,196.00349,.77152902,88.371964,73.954308,-.1312743,5.278132,4.3034468,4.481555,-1.832582,10.33667,6.977282,6.6751919,4.041296,-.259381,5.2563548,-.14152931,4.424993,4.2117152,-1.832582,10.33667,6.9641361,6.6544099,3.9852729
ME,77,.16,Maine,79880000000,45.390602,-68.657486,30843.137,20,50.900002,1084,808.79999,60.599998,5440.2988,145.60001,45,4614,.83993411,195.1414,.74257427,89.773911,76.138618,-.17443191,5.273725,4.3325558,4.4972939,-1.832582,10.33667,6.9884129,6.6955519,4.1042948,-.2976324,5.278132,-.1312743,4.481555,4.3034468,-1.832582,10.33667,6.977282,6.6751919,4.041296
ME,78,.16,Maine,79880000000,45.390602,-68.657486,30843.137,20,55,1092,819.29999,65.199997,5882.0371,143.89999,49.700001,5162,.84355831,191.7964,.76226997,90.215286,79.171783,-.1701262,5.256434,4.3716202,4.5021992,-1.832582,10.33667,6.9957662,6.7084498,4.1774588,-.27145451,5.273725,-.17443191,4.4972939,4.3325558,-1.832582,10.33667,6.9884129,6.6955519,4.1042948
ME,79,.16,Maine,79880000000,45.390602,-68.657486,30843.137,20,54.5,1097,828.90002,72.599998,6445.1201,138.5,53.200001,5744,.75068867,183.29649,.73278242,88.775757,79.118462,-.2867642,5.2111049,4.3709459,4.486114,-1.832582,10.33667,7.0003338,6.720099,4.284965,-.31090641,5.256434,-.1701262,4.5021992,4.3716202,-1.832582,10.33667,6.9957662,6.7084498,4.1774588
ME,80,.16,Maine,79880000000,45.390602,-68.657486,30843.137,20,59,1125,851,82.400002,7097.6152,141.2,55.299999,6385,.71601939,186.6628,.67111647,86.136108,77.487862,-.334048,5.2293029,4.350121,4.4559288,-1.832582,10.33667,7.025538,6.7464118,4.4115849,-.39881259,5.2111049,-.2867642,4.486114,4.3709459,-1.832582,10.33667,7.0003338,6.720099,4.284965
ME,81,.16,Maine,79880000000,45.390602,-68.657486,30843.137,20,62.900002,1133,862.5,90.900002,7850.167,138.89999,58.400002,6960,.69196922,182.4622,.64246428,86.360474,76.567657,-.3682138,5.206543,4.3381748,4.4585299,-1.832582,10.33667,7.0326238,6.7598348,4.5097599,-.44244409,5.2293029,-.334048,4.4559288,4.350121,-1.832582,10.33667,7.025538,6.7464118,4.4115849
ME,82,.16,Maine,79880000000,45.390602,-68.657486,30843.137,20,69.699997,1133,864.40002,96.5,8341.9336,139.5,67,7486,.72227979,182.8476,.69430047,86.444908,77.575127,-.32534271,5.208653,4.3512468,4.459507,-1.832582,10.33667,7.0326238,6.7620358,4.5695429,-.3648504,5.206543,-.3682138,4.4585299,4.3381748,-1.832582,10.33667,7.0326238,6.7598348,4.5097599
ME,83,.16,Maine,79880000000,45.390602,-68.657486,30843.137,20,80.800003,1146,877.90002,99.599998,8962.4961,135.39999,74.699997,8029,.81124502,176.7495,.75,89.984901,80.61245,-.20918509,5.1747341,4.3896532,4.4996419,-1.832582,10.33667,7.0440331,6.7775331,4.601162,-.28768209,5.208653,-.32534271,4.459507,4.3512468,-1.832582,10.33667,7.0326238,6.7620358,4.5695429
ME,84,.2,Maine,79880000000,45.390602,-68.657486,30843.137,20,93.699997,1156,890.29999,103.9,9851.2939,135.5,90.5,8843,.90182859,175.9384,.87102979,94.815147,85.11068,-.1033307,5.1701341,4.443953,4.551929,-1.6094379,10.33667,7.052721,6.7915578,4.6434288,-.13807911,5.1747341,-.20918509,4.4996419,4.3896532,-1.832582,10.33667,7.0440331,6.7775331,4.601162
ME,85,.2,Maine,79880000000,45.390602,-68.657486,30843.137,20,98.099998,1165,899.90002,107.6,10501.661,127.9,89.199997,9457,.91171002,165.5778,.82899618,97.599083,87.890343,-.092433304,5.1094408,4.47609,4.5808678,-1.6094379,10.33667,7.0604758,6.8022838,4.678421,-.1875397,5.1701341,-.1033307,4.551929,4.443953,-1.6094379,10.33667,7.052721,6.7915578,4.6434288
ME,86,.28,Maine,79880000000,45.390602,-68.657486,30843.137,20,112.7,1172,908.59998,109.6,11146.705,119,100,10297,1.028285,153.4977,.91240883,101.7035,93.950729,.027891999,5.0336862,4.5427699,4.6220622,-1.272966,10.33667,7.0664668,6.8119049,4.6968369,-.091667198,5.1094408,-.092433304,4.5808678,4.47609,-1.6094379,10.33667,7.0604758,6.8022838,4.678421
ME,87,.28,Maine,79880000000,45.390602,-68.657486,30843.137,20,121.2,1187,922,113.6,12056.792,125,102,11375,1.066901,160.92731,.89788729,106.1337,100.132,.064758599,5.0809531,4.6064901,4.6647,-1.272966,10.33667,7.079185,6.8265448,4.7326841,-.1077107,5.0336862,.027891999,4.6220622,4.5427699,-1.272966,10.33667,7.0664668,6.8119049,4.6968369
ME,88,.28,Maine,79880000000,45.390602,-68.657486,30843.137,20,129,1205,940,118.3,13068,125,113.5,12597,1.090448,160.2394,.95942521,110.4649,106.4835,.086588599,5.0766692,4.6679902,4.7046981,-1.272966,10.33667,7.0942349,6.84588,4.7732239,-.041421,5.0809531,.064758599,4.6647,4.6064901,-1.272966,10.33667,7.079185,6.8265448,4.7326841
ME,89,.28,Maine,79880000000,45.390602,-68.657486,30843.137,20,144.39999,1222,953,124,14110,122.4,125.9,13548,1.164516,156.9494,1.015323,113.7903,109.2581,.1523056,5.055923,4.6937132,4.7343569,-1.272966,10.33667,7.1082439,6.8596148,4.820282,.0152064,5.0766692,.086588599,4.7046981,4.6679902,-1.272966,10.33667,7.0942349,6.84588,4.7732239
ME,90,.28,Maine,79880000000,45.390602,-68.657486,30843.137,20,160.10001,1230,959.20001,130.7,14975,117.5,135.89999,14113,1.224943,150.67239,1.039786,114.5754,107.9801,.20289411,5.0151081,4.6819472,4.7412329,-1.272966,10.33667,7.114769,6.8660998,4.8729048,.039014701,5.055923,.1523056,4.7343569,4.6937132,-1.272966,10.33667,7.1082439,6.8596148,4.820282
ME,91,.31,Maine,79880000000,45.390602,-68.657486,30843.137,20,158.89999,1237,963.29999,136.2,15093,116.1,153.89999,14059,1.166667,149.0872,1.129956,110.815,103.2232,.15415061,5.0045309,4.6368942,4.7078619,-1.171183,10.33667,7.1204438,6.8703651,4.914124,.1221786,5.0151081,.20289411,4.7412329,4.6819472,-1.272966,10.33667,7.114769,6.8660998,4.8729048
ME,92,.33000001,Maine,79880000000,45.390602,-68.657486,30843.137,20,187.7,1237,968.29999,140.3,16298,114.7,164.39999,14648,1.337847,146.5289,1.171775,116.1654,104.4048,.291062,4.9872231,4.6482759,4.7550149,-1.108663,10.33667,7.1204438,6.8755422,4.9437828,.15851951,5.0045309,.15415061,4.7078619,4.6368942,-1.171183,10.33667,7.1204438,6.8703651,4.914124
