Datasets/panel/Baltagi and Levine/cigarette.csv
idstate,year,txrate,name,aland,ycoord,xcoord,land,state,price,pop,pop16,cpi,ndi,sales,pimin,comp,ppp,spp,mppp,ipc,ncom,lnprice,lnsales,lncomp,lnndi,lntxrate,lnland,lnpop,lnpop16,lncpi,lnminp,lnsales_lag,lnprice_lag,lnndi_lag,lncomp_lag,lntxrate_lag,lnland_lag,lnpop_lag,lnpop16_lag,lncpi_lag
MD,63,.059999999,Maryland,25140000000,38.946659,-76.674492,9707.2412,21,28.200001,3351,2238,30.6,2312.3069,122.7,23.4,6082,.92156857,183.72099,.76470578,75.565582,198.75819,-.081678003,5.213418,5.292089,4.3250008,-2.813411,9.1806278,8.1170139,7.7133379,3.421,-.26826411,,,,,,,,,
MD,64,.059999999,Maryland,25140000000,38.946659,-76.674492,9707.2412,21,28.5,3442,2299.3,31,2483.397,122.2,23.9,6609,.91935492,182.9306,.77096772,80.109581,213.1935,-.084083103,5.2091069,5.3621998,4.3833961,-2.813411,9.1806278,8.1438084,7.7403598,3.4339869,-.2601088,5.213418,-.081678003,4.3250008,5.292089,-2.813411,9.1806278,8.1170139,7.7133379,3.421
MD,65,.059999999,Maryland,25140000000,38.946659,-76.674492,9707.2412,21,27.9,3534,2365.3999,31.5,2629.6011,121,24.1,7174,.88571429,180.7787,.76507938,83.479401,227.746,-.1213608,5.1972742,5.4282308,4.4246001,-2.813411,9.1806278,8.170186,7.768703,3.4499879,-.26777571,5.2091069,-.084083103,4.3833961,5.3621998,-2.813411,9.1806278,8.1438084,7.7403598,3.4339869
MD,66,.059999999,Maryland,25140000000,38.946659,-76.674492,9707.2412,21,28.200001,3608,2425.8,32.400002,2780.9897,121,24.1,8053,.87037033,179.9687,.74382722,85.833023,248.54939,-.1388365,5.1927829,5.5156422,4.452404,-2.813411,9.1806278,8.1909084,7.7939172,3.478158,-.2959466,5.1972742,-.1213608,4.4246001,5.4282308,-2.813411,9.1806278,8.170186,7.768703,3.4499879
MD,67,.059999999,Maryland,25140000000,38.946659,-76.674492,9707.2412,21,29.4,3680,2485.2,33.400002,2967.6335,121.7,26.299999,8571,.88023949,180.2092,.7874251,88.851303,256.61679,-.1275613,5.194118,5.5475841,4.4869642,-2.813411,9.1806278,8.2106676,7.818109,3.5085559,-.238987,5.1927829,-.1388365,4.452404,5.5156422,-2.813411,9.1806278,8.1909084,7.7939172,3.478158
MD,68,.059999999,Maryland,25140000000,38.946659,-76.674492,9707.2412,21,30.9,3716,2523.6001,34.799999,3140.7971,121.7,26.700001,9558,.88793099,179.2032,.76724142,90.252792,274.65521,-.1188612,5.18852,5.6155171,4.502614,-2.813411,9.1806278,8.2204027,7.8334422,3.5496171,-.26495379,5.194118,-.1275613,4.4869642,5.5475841,-2.813411,9.1806278,8.2106676,7.818109,3.5085559
MD,69,.059999999,Maryland,25140000000,38.946659,-76.674492,9707.2412,21,30.700001,3765,2563.8,36.700001,3384.4707,122.3,27.200001,10735,.83651233,179.6004,.74114442,92.21991,292.50681,-.17851409,5.1907339,5.6784878,4.5241761,-2.813411,9.1806278,8.2335033,7.849246,3.602777,-.2995598,5.18852,-.1188612,4.502614,5.6155171,-2.813411,9.1806278,8.2204027,7.8334422,3.5496171
MD,70,.059999999,Maryland,25140000000,38.946659,-76.674492,9707.2412,21,32.599998,3922,2723.8999,38.799999,3702.8018,123.5,28.5,11754,.84020609,177.8212,.73453611,95.433037,302.93811,-.174108,5.180779,5.7135291,4.5584249,-2.813411,9.1806278,8.2743568,7.9098201,3.6584201,-.30851609,5.1907339,-.17851409,4.5241761,5.6784878,-2.813411,9.1806278,8.2335033,7.849246,3.602777
MD,71,.059999999,Maryland,25140000000,38.946659,-76.674492,9707.2412,21,34.200001,4011,2816.8999,40.5,3968.2505,126.7,30.200001,12782,.84444451,180.40891,.74567902,97.981491,315.60489,-.16907629,5.1952262,5.7544909,4.5847788,-2.813411,9.1806278,8.2967958,7.9433918,3.7013021,-.29346001,5.180779,-.174108,4.5584249,5.7135291,-2.813411,9.1806278,8.2743568,7.9098201,3.6584201
MD,72,.059999999,Maryland,25140000000,38.946659,-76.674492,9707.2412,21,34.299999,4062,2884,41.799999,4212.9609,133.2,29.9,14077,.82057422,187.6069,.71531099,100.7885,336.77039,-.197751,5.2343488,5.8194008,4.6130252,-2.813411,9.1806278,8.3094311,7.9669342,3.7328961,-.33503789,5.1952262,-.16907629,4.5847788,5.7544909,-2.813411,9.1806278,8.2967958,7.9433918,3.7013021
MD,73,.059999999,Maryland,25140000000,38.946659,-76.674492,9707.2412,21,35.299999,4082,2933.8,44.400002,4684.7549,137.3,30.1,15737,.79504502,191.035,.67792791,105.5125,354.43689,-.2293565,5.2524571,5.8705311,4.6588292,-2.813411,9.1806278,8.3143415,7.9840541,3.7932401,-.38871431,5.2343488,-.197751,4.6130252,5.8194008,-2.813411,9.1806278,8.3094311,7.9669342,3.7328961
MD,74,.059999999,Maryland,25140000000,38.946659,-76.674492,9707.2412,21,35.799999,4099,2980.8,49.299999,5073.5957,144.8,31.299999,17394,.72616631,199.1194,.63488841,102.9127,352.81949,-.31997621,5.2939048,5.8659568,4.6338811,-2.813411,9.1806278,8.3184986,7.9999471,3.8979239,-.45430601,5.2524571,-.2293565,4.6588292,5.8705311,-2.813411,9.1806278,8.3143415,7.9840541,3.7932401
MD,75,.1,Maryland,25140000000,38.946659,-76.674492,9707.2412,21,39.5,4115,3028.7,53.799999,5543.3154,146.10001,33.599998,18636,.73420078,198.5015,.62453532,103.0356,346.39401,-.30897269,5.2907972,5.8475771,4.6350751,-2.3025849,9.1806278,8.3223944,8.0158892,3.9852729,-.47074741,5.2939048,-.31997621,4.6338811,5.8659568,-2.813411,9.1806278,8.3184986,7.9999471,3.8979239
MD,76,.1,Maryland,25140000000,38.946659,-76.674492,9707.2412,21,46.099998,4123,3071.8,56.900002,6029.6255,137.10001,37.900002,20549,.8101933,184.017,.66608077,105.9688,361.1423,-.2104824,5.2150278,5.8892722,4.6631451,-2.3025849,9.1806278,8.3243361,8.0300188,4.041296,-.40634421,5.2907972,-.30897269,4.6350751,5.8475771,-2.3025849,9.1806278,8.3223944,8.0158892,3.9852729
MD,77,.1,Maryland,25140000000,38.946659,-76.674492,9707.2412,21,49.200001,4138,3114.8999,60.599998,6435.0571,135.7,38.400002,22464,.81188118,180.2711,.63366342,106.1891,370.69312,-.2084012,5.1944618,5.9153738,4.6652212,-2.3025849,9.1806278,8.3279676,8.043952,4.1042948,-.45623729,5.2150278,-.2104824,4.6631451,5.8892722,-2.3025849,9.1806278,8.3243361,8.0300188,4.041296
MD,78,.1,Maryland,25140000000,38.946659,-76.674492,9707.2412,21,52.099998,4148,3153.3,65.199997,7184.7422,134.10001,42.799999,25054,.79907978,176.4015,.65644169,110.1954,384.26379,-.2242945,5.1727619,5.9513292,4.7022548,-2.3025849,9.1806278,8.3303814,8.0562048,4.1774588,-.4209213,5.1944618,-.2084012,4.6652212,5.9153738,-2.3025849,9.1806278,8.3279676,8.043952,4.1042948
MD,79,.1,Maryland,25140000000,38.946659,-76.674492,9707.2412,21,56.200001,4148,3181.1001,72.599998,7917.8369,131.89999,45.799999,27725,.77410471,171.9912,.63085401,109.0611,381.88708,-.25604811,5.1474428,5.9451251,4.6919079,-2.3025849,9.1806278,8.3303814,8.0649824,4.284965,-.46068081,5.1727619,-.2242945,4.7022548,5.9513292,-2.3025849,9.1806278,8.3303814,8.0562048,4.1774588
MD,80,.1,Maryland,25140000000,38.946659,-76.674492,9707.2412,21,58.099998,4216,3230.8999,82.400002,8888.3838,131.5,48.5,30522,.70509708,171.5943,.58859217,107.8687,370.4126,-.3494198,5.145133,5.914618,4.6809149,-2.3025849,9.1806278,8.3466415,8.0805159,4.4115849,-.53002173,5.1474428,-.25604811,4.6919079,5.9451251,-2.3025849,9.1806278,8.3303814,8.0649824,4.284965
MD,81,.13,Maryland,25140000000,38.946659,-76.674492,9707.2412,21,62.799999,4263,3287.5,90.900002,9726.2061,137.10001,51.799999,33696,.69086909,177.78169,.56985688,106.999,370.69312,-.36980489,5.1805558,5.9153738,4.6728191,-2.040221,9.1806278,8.357728,8.0978823,4.5097599,-.56236988,5.145133,-.3494198,4.6809149,5.914618,-2.3025849,9.1806278,8.3466415,8.0805159,4.4115849
MD,82,.13,Maryland,25140000000,38.946659,-76.674492,9707.2412,21,65.400002,4265,3302.8,96.5,10426.119,131.3,56.400002,35545,.67772019,169.55141,.58445603,108.0427,368.34201,-.38902071,5.1331558,5.9090118,4.6825271,-2.040221,9.1806278,8.3581972,8.1025257,4.5695429,-.53707391,5.1805558,-.36980489,4.6728191,5.9153738,-2.040221,9.1806278,8.357728,8.0978823,4.5097599
MD,83,.13,Maryland,25140000000,38.946659,-76.674492,9707.2412,21,74.900002,4304,3346.8999,99.599998,11464.065,128.2,68.800003,38742,.75200808,164.8609,.69076312,115.1011,388.97589,-.28500819,5.1051021,5.9635181,4.745811,-2.040221,9.1806278,8.3673,8.1157894,4.601162,-.36995831,5.1331558,-.38902071,4.6825271,5.9090118,-2.040221,9.1806278,8.3581972,8.1025257,4.5695429
MD,84,.13,Maryland,25140000000,38.946659,-76.674492,9707.2412,21,84.199997,4349,3391.8999,103.9,12555.931,122.5,76,43025,.81039459,157.0661,.73147261,120.8463,414.1001,-.210234,5.0566669,6.0261078,4.7945189,-2.040221,9.1806278,8.3777008,8.1291456,4.6434288,-.31269559,5.1051021,-.28500819,4.745811,5.9635181,-2.040221,9.1806278,8.3673,8.1157894,4.601162
MD,85,.13,Maryland,25140000000,38.946659,-76.674492,9707.2412,21,90.099998,4391,3434.1001,107.6,13494.333,121.9,83.599998,46995,.83736062,155.867,.77695167,125.412,436.7565,-.1775005,5.0490031,6.0793762,4.831604,-2.040221,9.1806278,8.3873119,8.14151,4.678421,-.25237709,5.0566669,-.210234,4.7945189,6.0261078,-2.040221,9.1806278,8.3777008,8.1291456,4.6434288
MD,86,.13,Maryland,25140000000,38.946659,-76.674492,9707.2412,21,93.300003,4461,3496.3999,109.6,14247.129,121.8,91.300003,51054,.85127741,155.4026,.83302921,129.9921,465.8212,-.16101719,5.04602,6.1438022,4.8674731,-2.040221,9.1806278,8.4031286,8.1594887,4.6968369,-.1826866,5.0490031,-.1775005,4.831604,6.0793762,-2.040221,9.1806278,8.3873119,8.14151,4.678421
MD,87,.13,Maryland,25140000000,38.946659,-76.674492,9707.2412,21,100.3,4535,3552,113.6,15111.911,119.3,94.599998,55855,.88292259,152.3157,.83274651,133.0274,491.6813,-.1245177,5.0259562,6.1978312,4.8905549,-2.040221,9.1806278,8.4195805,8.1752663,4.7326841,-.183026,5.04602,-.16101719,4.8674731,6.1438022,-2.040221,9.1806278,8.4031286,8.1594887,4.6968369
MD,88,.13,Maryland,25140000000,38.946659,-76.674492,9707.2412,21,109.2,4622,3612,118.3,16491,115,102.1,61080,.92307693,147.15669,.86306,139.3998,516.31451,-.080042802,4.991498,6.246716,4.937346,-2.040221,9.1806278,8.4385824,8.1920166,4.7732239,-.1472711,5.0259562,-.1245177,4.8905549,6.1978312,-2.040221,9.1806278,8.4195805,8.1752663,4.7326841
MD,89,.13,Maryland,25140000000,38.946659,-76.674492,9707.2412,21,120.2,4694,3658,124,17489,109,109.4,65424,.96935481,139.87041,.88225812,141.0403,527.61292,-.031124599,4.9407158,6.268363,4.9490461,-2.040221,9.1806278,8.4540405,8.2046719,4.820282,-.12527069,4.991498,-.080042802,4.937346,6.246716,-2.040221,9.1806278,8.4385824,8.1920166,4.7732239
MD,90,.13,Maryland,25140000000,38.946659,-76.674492,9707.2412,21,131.5,4747.6001,3699.8,130.7,18172,102.8,128.60001,69539,1.006121,131.91341,.98393267,139.036,532.05048,.0061022998,4.8821459,6.2767391,4.934732,-2.040221,9.1806278,8.465395,8.2160339,4.8729048,-.0161977,4.9407158,-.031124599,4.9490461,6.268363,-2.040221,9.1806278,8.4540405,8.2046719,4.820282
MD,91,.13,Maryland,25140000000,38.946659,-76.674492,9707.2412,21,141.60001,4826.1001,3737.3999,136.2,18477,97.599998,136.5,71075,1.0396481,126.0308,1.002203,135.6608,521.8429,.038881902,4.8365259,6.2573671,4.9101582,-2.040221,9.1806278,8.4817944,8.2261457,4.914124,.0022002,4.8821459,.0061022998,4.934732,6.2767391,-2.040221,9.1806278,8.465395,8.2160339,4.8729048
MD,92,.16,Maryland,25140000000,38.946659,-76.674492,9707.2412,21,159.10001,4871.7998,3760.2,140.3,19746,91.699997,157.89999,73694,1.133999,118.8086,1.125445,140.7413,525.26007,.12575001,4.777514,6.2638941,4.9469228,-1.832582,9.1806278,8.4912186,8.2322273,4.9437828,.1181788,4.8365259,.038881902,4.9101582,6.2573671,-2.040221,9.1806278,8.4817944,8.2261457,4.914124
