Datasets/panel/Baltagi and Levine/cigarette.csv
idstate,year,txrate,name,aland,ycoord,xcoord,land,state,price,pop,pop16,cpi,ndi,sales,pimin,comp,ppp,spp,mppp,ipc,ncom,lnprice,lnsales,lncomp,lnndi,lntxrate,lnland,lnpop,lnpop16,lncpi,lnminp,lnsales_lag,lnprice_lag,lnndi_lag,lncomp_lag,lntxrate_lag,lnland_lag,lnpop_lag,lnpop16_lag,lncpi_lag
MA,63,.059999999,Massachusetts,20200000000,42.156521,-71.489594,7800.0586,22,28,5252,3669.3999,30.6,2498.0022,142.2,24.200001,11004,.91503268,203.5304,.79084969,81.634064,359.60779,-.088795498,5.315815,5.8850141,4.402246,-2.813411,8.9618864,8.5663643,8.2077837,3.421,-.23464739,,,,,,,,,
MA,64,.059999999,Massachusetts,20200000000,42.156521,-71.489594,7800.0586,22,28.4,5287,3686.8,31,2653.9272,138.7,24.700001,11631,.91612899,198.9006,.79677421,85.610558,375.19351,-.0875981,5.2928052,5.9274421,4.4498091,-2.813411,8.9618864,8.5730066,8.2125139,3.4339869,-.22718389,5.315815,-.088795498,4.402246,5.8850141,-2.813411,8.9618864,8.5663643,8.2077837,3.421
MA,65,.079999998,Massachusetts,20200000000,42.156521,-71.489594,7800.0586,22,28.4,5361,3740.8,31.5,2802.3762,136.5,24.700001,12418,.90158731,195.6203,.784127,88.964317,394.2222,-.1035984,5.276175,5.9769149,4.488235,-2.5257289,8.9618864,8.5869045,8.2270546,3.4499879,-.2431843,5.2928052,-.0875981,4.4498091,5.9274421,-2.813411,8.9618864,8.5730066,8.2125139,3.4339869
MA,66,.1,Massachusetts,20200000000,42.156521,-71.489594,7800.0586,22,31,5403,3779.3,32.400002,2983.9326,131.60001,25.9,13613,.95679009,188.1393,.79938269,92.09668,420.1543,-.0441713,5.2371831,6.0406222,4.5228391,-2.3025849,8.9618864,8.5947094,8.2372942,3.478158,-.2239155,5.276175,-.1035984,4.488235,5.9769149,-2.5257289,8.9618864,8.5869045,8.2270546,3.4499879
MA,67,.1,Massachusetts,20200000000,42.156521,-71.489594,7800.0586,22,33.599998,5434,3812.1001,33.400002,3187.9165,130.2,26.5,14664,1.005988,185.595,.79341322,95.446587,439.0419,.0059699998,5.223567,6.0845952,4.558567,-2.3025849,8.9618864,8.6004295,8.2459354,3.5085559,-.2314112,5.2371831,-.0441713,4.5228391,6.0406222,-2.3025849,8.9618864,8.5947094,8.2372942,3.478158
MA,68,.1,Massachusetts,20200000000,42.156521,-71.489594,7800.0586,22,35.099998,5438,3839.1001,34.799999,3401.5122,128,29.9,15959,1.008621,181.3092,.85919541,97.744614,458.59189,.0085837003,5.2002029,6.128161,4.5823579,-2.3025849,8.9618864,8.6011667,8.2529936,3.5496171,-.15175889,5.223567,.0059699998,4.558567,6.0845952,-2.3025849,8.9618864,8.6004295,8.2459354,3.5085559
MA,69,.12,Massachusetts,20200000000,42.156521,-71.489594,7800.0586,22,35,5467,3914.3,36.700001,3626.8557,129.7,29.9,17479,.95367843,181.14861,.8147139,98.824402,476.267,-.047428701,5.199317,6.1659789,4.5933452,-2.1202641,8.9618864,8.6064854,8.2723923,3.602777,-.2049183,5.2002029,.0085837003,4.5823579,6.128161,-2.3025849,8.9618864,8.6011667,8.2529936,3.5496171
MA,70,.12,Massachusetts,20200000000,42.156521,-71.489594,7800.0586,22,39.599998,5689,4076.2,38.799999,3931.2297,124.3,31.4,18779,1.020619,173.4809,.80927843,101.3204,483.99481,.0204089,5.1560669,6.1820741,4.618288,-2.1202641,8.9618864,8.6462898,8.3129206,3.6584201,-.2116123,5.199317,-.047428701,4.5933452,6.1659789,-2.1202641,8.9618864,8.6064854,8.2723923,3.602777
MA,71,.16,Massachusetts,20200000000,42.156521,-71.489594,7800.0586,22,41,5741,4151.3999,40.5,4199.2925,121.4,34.099998,19868,1.012346,167.8849,.84197527,103.6862,490.5679,.0122701,5.1232791,6.1955638,4.6413689,-1.832582,8.9618864,8.6553888,8.3312006,3.7013021,-.1720046,5.1560669,.0204089,4.618288,6.1820741,-2.1202641,8.9618864,8.6462898,8.3129206,3.6584201
MA,72,.16,Massachusetts,20200000000,42.156521,-71.489594,7800.0586,22,46,5767,4211.1001,41.799999,4442.7915,117.9,36.099998,21625,1.100479,161.4612,.86363631,106.2869,517.34448,.095745102,5.0842652,6.2487092,4.666142,-1.832582,8.9618864,8.6599073,8.345479,3.7328961,-.14660349,5.1232791,.0122701,4.6413689,6.1955638,-1.832582,8.9618864,8.6553888,8.3312006,3.7013021
MA,73,.16,Massachusetts,20200000000,42.156521,-71.489594,7800.0586,22,46,5793,4274.7998,44.400002,4861.4395,121.2,36.900002,23848,1.036036,164.24429,.83108109,109.4919,537.11713,.035401899,5.1013551,6.2862158,4.6958499,-1.832582,8.9618864,8.6644058,8.3604927,3.7932401,-.1850279,5.0842652,.095745102,4.666142,6.2487092,-1.832582,8.9618864,8.6599073,8.345479,3.7328961
MA,74,.16,Massachusetts,20200000000,42.156521,-71.489594,7800.0586,22,46.299999,5789,4313.2998,49.299999,5272.6113,124.3,37.900002,25475,.93914813,166.82651,.76876271,106.9495,516.73431,-.062782101,5.1169538,6.247529,4.6723571,-1.832582,8.9618864,8.6637144,8.3694582,3.8979239,-.26297289,5.1013551,.035401899,4.6958499,6.2862158,-1.832582,8.9618864,8.6644058,8.3604927,3.7932401
MA,75,.16,Massachusetts,20200000000,42.156521,-71.489594,7800.0586,22,49.400002,5778,4350.8999,53.799999,5721.1621,126.1,40.799999,26558,.91821557,167.46091,.75836432,106.3413,493.6431,-.085322998,5.12075,6.2018132,4.6666541,-1.832582,8.9618864,8.6618128,8.3781376,3.9852729,-.27659139,5.1169538,-.062782101,4.6723571,6.247529,-1.832582,8.9618864,8.6637144,8.3694582,3.8979239
MA,76,.20999999,Massachusetts,20200000000,42.156521,-71.489594,7800.0586,22,57.400002,5769,4389.5,56.900002,6115.2461,116.9,43.900002,28969,1.008787,153.6385,.77152902,107.4736,509.12119,.0087489998,5.0346022,6.232686,4.6772451,-1.560648,8.9618864,8.6602535,8.3869715,4.041296,-.259381,5.12075,-.085322998,4.6666541,6.2018132,-1.832582,8.9618864,8.6618128,8.3781376,3.9852729
MA,77,.20999999,Massachusetts,20200000000,42.156521,-71.489594,7800.0586,22,57.299999,5768,4432.7998,60.599998,6611.8564,118.9,45,31795,.94554448,154.71381,.74257427,109.1065,524.66998,-.055994298,5.0415769,6.2627702,4.6923251,-1.560648,8.9618864,8.6600809,8.3967867,4.1042948,-.2976324,5.0346022,.0087489998,4.6772451,6.232686,-1.560648,8.9618864,8.6602535,8.3869715,4.041296
MA,78,.20999999,Massachusetts,20200000000,42.156521,-71.489594,7800.0586,22,61.799999,5771,4477.2002,65.199997,7274.0034,120.5,49.700001,35525,.94785279,155.3215,.76226997,111.5645,544.862,-.0535561,5.0454969,6.3005319,4.714602,-1.560648,8.9618864,8.6606007,8.4067535,4.1774588,-.27145451,5.0415769,-.055994298,4.6923251,6.2627702,-1.560648,8.9618864,8.6600809,8.3967867,4.1042948
MA,79,.20999999,Massachusetts,20200000000,42.156521,-71.489594,7800.0586,22,64.5,5769,4513.7998,72.599998,8027.9961,118.2,53.200001,39765,.88842982,151.06911,.73278242,110.5785,547.72729,-.1182997,5.0177369,6.305778,4.7057252,-1.560648,8.9618864,8.6602535,8.4148951,4.284965,-.31090641,5.0454969,-.0535561,4.714602,6.3005319,-1.560648,8.9618864,8.6606007,8.4067535,4.1774588
MA,80,.20999999,Massachusetts,20200000000,42.156521,-71.489594,7800.0586,22,68.199997,5737,4493.6001,82.400002,8940.0498,120.5,55.299999,44322,.82766992,153.8429,.67111647,108.4958,537.88843,-.1891409,5.0359321,6.2876511,4.6867108,-1.560648,8.9618864,8.6546917,8.4104099,4.4115849,-.39881259,5.0177369,-.1182997,4.7057252,6.305778,-1.560648,8.9618864,8.6602535,8.4148951,4.284965
MA,81,.20999999,Massachusetts,20200000000,42.156521,-71.489594,7800.0586,22,70.800003,5773,4552.2998,90.900002,9837.1523,123.2,58.400002,48789,.77887791,156.2361,.64246428,108.2195,536.73273,-.249901,5.0513682,6.2855,4.6841621,-1.560648,8.9618864,8.6609468,8.4233875,4.5097599,-.44244409,5.0359321,-.1891409,4.6867108,6.2876511,-1.560648,8.9618864,8.6546917,8.4104099,4.4115849
MA,82,.20999999,Massachusetts,20200000000,42.156521,-71.489594,7800.0586,22,78.099998,5781,4577.3999,96.5,10820.761,122.3,66.800003,52777,.80932641,154.4581,.69222802,112.1322,546.91193,-.21155301,5.0399232,6.3042879,4.7196789,-1.560648,8.9618864,8.6623316,8.4288864,4.5695429,-.3678399,5.0513682,-.249901,4.6841621,6.2855,-1.560648,8.9618864,8.6609468,8.4233875,4.5097599
MA,83,.20999999,Massachusetts,20200000000,42.156521,-71.489594,7800.0586,22,88.699997,5767,4585.1001,99.599998,11715.727,119.8,74.699997,57908,.89056218,150.6808,.75,117.6278,581.40558,-.1159023,5.0151639,6.365448,4.7675252,-1.560648,8.9618864,8.6599073,8.4305668,4.601162,-.28768209,5.0399232,-.21155301,4.7196789,6.3042879,-1.560648,8.9618864,8.6623316,8.4288864,4.5695429
MA,84,.25999999,Massachusetts,20200000000,42.156521,-71.489594,7800.0586,22,101.4,5798,4627.5,103.9,13018.661,116,90.5,65723,.97593838,145.3416,.87102979,125.2999,632.56012,-.024355801,4.9790859,6.4497752,4.8307099,-1.347074,8.9618864,8.6652679,8.4397717,4.6434288,-.13807911,5.0151639,-.1159023,4.7675252,6.365448,-1.560648,8.9618864,8.6599073,8.4305668,4.601162
MA,85,.25999999,Massachusetts,20200000000,42.156521,-71.489594,7800.0586,22,108.3,5823,4663.2002,107.6,13860.229,117.2,89.199997,71770,1.006506,146.3492,.82899618,128.8125,667.00739,.0064845001,4.9859948,6.5028009,4.8583579,-1.347074,8.9618864,8.6695709,8.4474573,4.678421,-.1875397,4.9790859,-.024355801,4.8307099,6.4497752,-1.347074,8.9618864,8.6652679,8.4397717,4.6434288
MA,86,.25999999,Massachusetts,20200000000,42.156521,-71.489594,7800.0586,22,115,5834,4679.6001,109.6,14869.468,115.8,100,77885,1.04927,144.36639,.91240883,135.6703,710.62958,.048094701,4.9723549,6.5661511,4.9102278,-1.347074,8.9618864,8.6714582,8.4509678,4.6968369,-.091667198,4.9859948,.0064845001,4.8583579,6.5028009,-1.347074,8.9618864,8.6695709,8.4474573,4.678421
MA,87,.25999999,Massachusetts,20200000000,42.156521,-71.489594,7800.0586,22,120.4,5855,4695,113.6,16086.964,113.8,102,85220,1.059859,141.9167,.89788729,141.6106,750.17609,.058136001,4.9552398,6.6203079,4.9530811,-1.347074,8.9618864,8.6750517,8.4542532,4.7326841,-.1077107,4.9723549,.048094701,4.9102278,6.5661511,-1.347074,8.9618864,8.6714582,8.4509678,4.6968369
MA,88,.25999999,Massachusetts,20200000000,42.156521,-71.489594,7800.0586,22,131.60001,5889,4722,118.3,17690,111.7,113.5,93335,1.112426,139.3056,.95942521,149.5351,788.96869,.1065433,4.9366698,6.6707268,5.0075312,-1.347074,8.9618864,8.6808414,8.4599876,4.7732239,-.041421,4.9552398,.058136001,4.9530811,6.6203079,-1.347074,8.9618864,8.6750517,8.4542532,4.7326841
MA,89,.25999999,Massachusetts,20200000000,42.156521,-71.489594,7800.0586,22,148.60001,5913,4726,124,18636,104.4,125.9,96887,1.198387,130.62151,1.015323,150.2903,781.3468,.1809766,4.872304,6.6610188,5.012569,-1.347074,8.9618864,8.6849089,8.4608355,4.820282,.0152064,4.9366698,.1065433,5.0075312,6.6707268,-1.347074,8.9618864,8.6808414,8.4599876,4.7732239
MA,90,.25999999,Massachusetts,20200000000,42.156521,-71.489594,7800.0586,22,152.39999,5913,4726,130.7,19051,99.400002,135.89999,98579,1.166029,124.3657,1.039786,145.76131,754.23871,.153604,4.823226,6.6257091,4.9819698,-1.347074,8.9618864,8.6849089,8.4608355,4.8729048,.039014701,4.872304,.1809766,5.012569,6.6610188,-1.347074,8.9618864,8.6849089,8.4608355,4.820282
MA,91,.25999999,Massachusetts,20200000000,42.156521,-71.489594,7800.0586,22,163.3,5893.2998,4678.7998,136.2,19385,93.5,150.10001,98459,1.198972,117.7703,1.102056,142.3275,722.90009,.1814646,4.7687359,6.583271,4.9581299,-1.347074,8.9618864,8.681571,8.4507971,4.914124,.097177401,4.823226,.153604,4.9819698,6.6257091,-1.347074,8.9618864,8.6849089,8.4608355,4.8729048
MA,92,.25999999,Massachusetts,20200000000,42.156521,-71.489594,7800.0586,22,175.89999,5895.2998,4668,140.3,20822,90.5,164.39999,102739,1.253742,114.2941,1.171775,148.4106,732.28082,.2261326,4.7387738,6.5961642,4.9999819,-1.347074,8.9618864,8.6819115,8.4484863,4.9437828,.15851951,4.7687359,.1814646,4.9581299,6.583271,-1.347074,8.9618864,8.681571,8.4507971,4.914124
