Datasets/panel/Baltagi and Levine/cigarette.csv
idstate,year,txrate,name,aland,ycoord,xcoord,land,state,price,pop,pop16,cpi,ndi,sales,pimin,comp,ppp,spp,mppp,ipc,ncom,lnprice,lnsales,lncomp,lnndi,lntxrate,lnland,lnpop,lnpop16,lncpi,lnminp,lnsales_lag,lnprice_lag,lnndi_lag,lncomp_lag,lntxrate_lag,lnland_lag,lnpop_lag,lnpop16_lag,lncpi_lag
MI,63,.07,Michigan,146400000000,44.841084,-85.659317,56538.891,23,28.799999,8036,5265.5,30.6,2251.0007,126.7,24.4,16419,.94117641,193.36459,.79738557,73.562111,536.5686,-.0606247,5.2645769,6.2851939,4.29813,-2.65926,10.94268,8.9916868,8.5689316,3.421,-.2264169,,,,,,,,,
MI,64,.07,Michigan,146400000000,44.841084,-85.659317,56538.891,23,29.299999,8161,5362.7998,31,2462.5308,125,26,17996,.94516128,190.2225,.83870971,79.436478,580.51611,-.056399699,5.2481942,6.3639169,4.374958,-2.65926,10.94268,9.007122,8.5872412,3.4339869,-.1758907,5.2645769,-.0606247,4.29813,6.2851939,-2.65926,10.94268,8.9916868,8.5689316,3.421
MI,65,.07,Michigan,146400000000,44.841084,-85.659317,56538.891,23,28.700001,8317,5494.3999,31.5,2675.0588,131.8,26,20102,.91111112,199.5087,.82539678,84.922501,638.15881,-.0930904,5.2958579,6.4585872,4.4417391,-2.65926,10.94268,9.0260572,8.6114845,3.4499879,-.191891,5.2481942,-.056399699,4.374958,6.3639169,-2.65926,10.94268,9.007122,8.5872412,3.4339869
MI,66,.07,Michigan,146400000000,44.841084,-85.659317,56538.891,23,29.200001,8496,5646.1001,32.400002,2845.6799,134.5,26.299999,22259,.90123463,202.3896,.81172842,87.82962,687.00623,-.1039897,5.310194,6.5323429,4.475399,-2.65926,10.94268,9.0473509,8.6387215,3.478158,-.20858949,5.2958579,-.0930904,4.4417391,6.4585872,-2.65926,10.94268,9.0260572,8.6114845,3.4499879
MI,67,.07,Michigan,146400000000,44.841084,-85.659317,56538.891,23,30,8608,5758.7002,33.400002,2906.5447,134.39999,27,23034,.89820361,200.8987,.80838323,87.022293,689.64069,-.1073586,5.3028011,6.53617,4.4661641,-2.65926,10.94268,9.0604477,8.6584673,3.5085559,-.21271899,5.310194,-.1039897,4.475399,6.5323429,-2.65926,10.94268,9.0473509,8.6387215,3.478158
MI,68,.07,Michigan,146400000000,44.841084,-85.659317,56538.891,23,32,8673,5849.2998,34.799999,3126.0571,134.2,29.799999,25825,.91954023,198.9839,.85632181,89.829231,742.09772,-.083881497,5.2932239,6.6094809,4.49791,-2.65926,10.94268,9.0679703,8.674077,3.5496171,-.155109,5.3028011,-.1073586,4.4661641,6.53617,-2.65926,10.94268,9.0604477,8.6584673,3.5085559
MI,69,.07,Michigan,146400000000,44.841084,-85.659317,56538.891,23,31.9,8766,5892.2002,36.700001,3303.6628,133.39999,29.700001,28490,.86920983,198.4631,.8092643,90.018059,776.29431,-.1401708,5.2906032,6.654531,4.50001,-2.65926,10.94268,9.0786362,8.681385,3.602777,-.2116297,5.2932239,-.083881497,4.49791,6.6094809,-2.65926,10.94268,9.0679703,8.674077,3.5496171
MI,70,.11,Michigan,146400000000,44.841084,-85.659317,56538.891,23,33.700001,8875,6064.8999,38.799999,3415.4146,128.60001,30.6,28804,.86855668,188.1853,.78865981,88.026154,742.37122,-.1409224,5.2374272,6.609849,4.477634,-2.2072749,10.94268,9.0909939,8.7102737,3.6584201,-.2374202,5.2906032,-.1401708,4.50001,6.654531,-2.65926,10.94268,9.0786362,8.681385,3.602777
MI,71,.11,Michigan,146400000000,44.841084,-85.659317,56538.891,23,39.200001,8965,6198.3999,40.5,3710.7585,126.1,32.200001,31386,.96790117,182.38361,.79506183,91.623657,774.96301,-.032625198,5.2061119,6.6528149,4.5176902,-2.2072749,10.94268,9.1010838,8.7320461,3.7013021,-.2293355,5.2374272,-.1409224,4.477634,6.609849,-2.2072749,10.94268,9.0909939,8.7102737,3.6584201
MI,72,.11,Michigan,146400000000,44.841084,-85.659317,56538.891,23,40,9015,6301.3999,41.799999,4008.0981,131.39999,32.5,35138,.95693779,187.9854,.77751201,95.88752,840.62201,-.044016901,5.2363639,6.7341418,4.5631762,-2.2072749,10.94268,9.1066456,8.7485275,3.7328961,-.25165629,5.2061119,-.032625198,4.5176902,6.6528149,-2.2072749,10.94268,9.1010838,8.7320461,3.7013021
MI,73,.11,Michigan,146400000000,44.841084,-85.659317,56538.891,23,40.200001,9060,6398.7002,44.400002,4496.0146,133.7,32.900002,40111,.9054054,189.3075,.740991,101.2616,903.40088,-.099372499,5.2433729,6.8061662,4.6177068,-2.2072749,10.94268,9.1116247,8.7638502,3.7932401,-.29976681,5.2363639,-.044016901,4.5631762,6.7341418,-2.2072749,10.94268,9.1066456,8.7485275,3.7328961
MI,74,.11,Michigan,146400000000,44.841084,-85.659317,56538.891,23,41.099998,9096,6488.3999,49.299999,4812.312,138.8,34.5,41829,.83367139,194.5818,.69979721,97.612823,848.45837,-.181916,5.270853,6.7434211,4.5810089,-2.2072749,10.94268,9.1155901,8.777771,3.8979239,-.3569648,5.2433729,-.099372499,4.6177068,6.8061662,-2.2072749,10.94268,9.1116247,8.7638502,3.7932401
MI,75,.11,Michigan,146400000000,44.841084,-85.659317,56538.891,23,44.400002,9092,6553.2998,53.799999,5141.5811,136.8,36.700001,42535,.82527888,189.7953,.68215609,95.56842,790.6134,-.1920339,5.2459459,6.6728091,4.5598431,-2.2072749,10.94268,9.1151505,8.7877235,3.9852729,-.38249671,5.270853,-.181916,4.5810089,6.7434211,-2.2072749,10.94268,9.1155901,8.777771,3.8979239
MI,76,.11,Michigan,146400000000,44.841084,-85.659317,56538.891,23,47.900002,9100,6621.8999,56.900002,5686.3711,138,38.700001,49214,.84182781,189.64349,.68014061,99.936218,864.9209,-.17217989,5.2451458,6.7626381,4.6045318,-2.2072749,10.94268,9.1160297,8.7981377,4.041296,-.3854557,5.2459459,-.1920339,4.5598431,6.6728091,-2.2072749,10.94268,9.1151505,8.7877235,3.9852729
MI,77,.11,Michigan,146400000000,44.841084,-85.659317,56538.891,23,48.299999,9138,6704.8999,60.599998,6325.9502,140.3,40.599998,56343,.79702967,191.2126,.669967,104.3886,929.7525,-.22686329,5.253386,6.834918,4.6481209,-2.2072749,10.94268,9.1201973,8.8105936,4.1042948,-.40052679,5.2451458,-.17217989,4.6045318,6.7626381,-2.2072749,10.94268,9.1160297,8.7981377,4.041296
MI,78,.11,Michigan,146400000000,44.841084,-85.659317,56538.891,23,54,9181,6787.8999,65.199997,7044.355,141.8,50,63768,.8282209,191.7921,.76687121,108.0423,978.03693,-.1884754,5.256412,6.8855472,4.6825218,-2.2072749,10.94268,9.1248913,8.822897,4.1774588,-.26543641,5.253386,-.22686329,4.6481209,6.834918,-2.2072749,10.94268,9.1201973,8.8105936,4.1042948
MI,79,.11,Michigan,146400000000,44.841084,-85.659317,56538.891,23,57.200001,9207,6849,72.599998,7732.8257,140.89999,52.5,69932,.78787881,189.40961,.72314048,106.5128,963.25067,-.23841099,5.2439122,6.8703141,4.6682649,-2.2072749,10.94268,9.1277189,8.8318577,4.284965,-.32415169,5.256412,-.1884754,4.6825218,6.8855472,-2.2072749,10.94268,9.1248913,8.822897,4.1774588
MI,80,.11,Michigan,146400000000,44.841084,-85.659317,56538.891,23,60.299999,9262,6880.3999,82.400002,8329.501,140.7,53.700001,70867,.73179609,189.4023,.65169901,101.0862,860.03638,-.31225339,5.2438731,6.7569752,4.615973,-2.2072749,10.94268,9.1336756,8.8364325,4.4115849,-.4281725,5.2439122,-.23841099,4.6682649,6.8703141,-2.2072749,10.94268,9.1277189,8.8318577,4.284965
MI,81,.11,Michigan,146400000000,44.841084,-85.659317,56538.891,23,61.799999,9204,6871.8999,90.900002,9004.0029,139.5,58.299999,74887,.67986798,186.8418,.6413641,99.053932,823.83942,-.3858566,5.2302618,6.713975,4.595665,-2.2072749,10.94268,9.1273937,8.8351955,4.5097599,-.44415799,5.2438731,-.31225339,4.615973,6.7569752,-2.2072749,10.94268,9.1336756,8.8364325,4.4115849
MI,82,.20999999,Michigan,146400000000,44.841084,-85.659317,56538.891,23,68,9109,6828,96.5,9337.2627,137.3,65.099998,74275,.70466322,183.16721,.67461139,96.759201,769.68909,-.35003531,5.2104001,6.645987,4.572226,-1.560648,10.94268,9.1170177,8.8287868,4.5695429,-.39361849,5.2302618,-.3858566,4.595665,6.713975,-2.2072749,10.94268,9.1273937,8.8351955,4.5097599
MI,83,.20999999,Michigan,146400000000,44.841084,-85.659317,56538.891,23,87.699997,9069,6828,99.599998,10002.784,128.3,75.699997,78580,.88052207,170.409,.76004022,100.4296,788.95581,-.1272403,5.1382022,6.6707101,4.609457,-1.560648,10.94268,9.1126165,8.8287868,4.601162,-.27438399,5.2104001,-.35003531,4.572226,6.645987,-1.560648,10.94268,9.1170177,8.8287868,4.5695429
MI,84,.20999999,Michigan,146400000000,44.841084,-85.659317,56538.891,23,97,9075,6864.2002,103.9,11039.481,128.2,85.199997,87163,.93358999,169.4902,.82001919,106.251,838.91241,-.068717897,5.1327949,6.7321062,4.6658039,-1.560648,10.94268,9.1132784,8.834075,4.6434288,-.1984275,5.1382022,-.1272403,4.609457,6.6707101,-1.560648,10.94268,9.1126165,8.8287868,4.601162
MI,85,.20999999,Michigan,146400000000,44.841084,-85.659317,56538.891,23,101.4,9085,6913.7998,107.6,11760.88,126.6,88.800003,95931,.94237918,166.3573,.82527888,109.3019,891.55212,-.059347499,5.1141381,6.792964,4.6941128,-1.560648,10.94268,9.1143799,8.8412743,4.678421,-.1920339,5.1327949,-.068717897,4.6658039,6.7321062,-1.560648,10.94268,9.1132784,8.834075,4.6434288
MI,86,.20999999,Michigan,146400000000,44.841084,-85.659317,56538.891,23,106,9139,6992,109.6,12501.235,126.5,93.599998,102340,.96715331,165.3438,.85401458,114.0624,933.75922,-.0333983,5.108027,6.8392191,4.7367449,-1.560648,10.94268,9.120306,8.8525219,4.6968369,-.15780701,5.1141381,-.059347499,4.6941128,6.792964,-1.560648,10.94268,9.1143799,8.8412743,4.678421
MI,87,.20999999,Michigan,146400000000,44.841084,-85.659317,56538.891,23,111.4,9200,7055,113.6,13064.983,122.1,100.1,105687,.98063391,159.2233,.88116199,115.0087,930.34332,-.0195561,5.0703068,6.8355541,4.745008,-1.560648,10.94268,9.1269588,8.8614922,4.7326841,-.12651379,5.108027,-.0333983,4.7367449,6.8392191,-1.560648,10.94268,9.120306,8.8525219,4.6968369
MI,88,.25,Michigan,146400000000,44.841084,-85.659317,56538.891,23,122.2,9240,7090,118.3,13957.002,121.1,108.4,113794,1.032967,157.8228,.91631442,117.9797,961.9104,.032435201,5.0614729,6.8689208,4.7705131,-1.386294,10.94268,9.1312971,8.8664408,4.7732239,-.087395698,5.0703068,-.0195561,4.745008,6.8355541,-1.560648,10.94268,9.1269588,8.8614922,4.7326841
MI,89,.25,Michigan,146400000000,44.841084,-85.659317,56538.891,23,133,9273,7108,124,14757,116.6,119,119499,1.0725811,152.11481,.9596774,119.0081,963.7016,.070067599,5.0246348,6.8707819,4.779191,-1.386294,10.94268,9.1348619,8.8689766,4.820282,-.041158099,5.0614729,.032435201,4.7705131,6.8689208,-1.386294,10.94268,9.1312971,8.8664408,4.7732239
MI,90,.25,Michigan,146400000000,44.841084,-85.659317,56538.891,23,143.89999,9315.0996,7140.2998,130.7,15560,114.4,130.8,124364,1.1009949,149.24409,1.000765,119.0513,951.52258,.0962139,5.0055828,6.8580632,4.7795539,-1.386294,10.94268,9.1393919,8.8735104,4.8729048,.0007649,5.0246348,.070067599,4.779191,6.8707819,-1.386294,10.94268,9.1348619,8.8689766,4.820282
MI,91,.25,Michigan,146400000000,44.841084,-85.659317,56538.891,23,144.89999,9388.2002,7183.5,136.2,15938,110.3,135.8,127771,1.063877,144.1524,.99706322,117.0191,938.1131,.061919399,4.970871,6.8438711,4.7623372,-1.386294,10.94268,9.1472092,8.8795424,4.914124,-.0029412,5.0055828,.0962139,4.7795539,6.8580632,-1.386294,10.94268,9.1393919,8.8735104,4.8729048
MI,92,.25,Michigan,146400000000,44.841084,-85.659317,56538.891,23,176.7,9457.4004,7226.7002,140.3,17154,107.6,153.5,137326,1.259444,140.8134,1.094084,122.2666,978.80261,.2306703,4.9474349,6.8863301,4.8062038,-1.386294,10.94268,9.1545525,8.8855381,4.9437828,.089917503,4.970871,.061919399,4.7623372,6.8438711,-1.386294,10.94268,9.1472092,8.8795424,4.914124
