Datasets/panel/Baltagi and Levine/cigarette.csv
idstate,year,txrate,name,aland,ycoord,xcoord,land,state,price,pop,pop16,cpi,ndi,sales,pimin,comp,ppp,spp,mppp,ipc,ncom,lnprice,lnsales,lncomp,lnndi,lntxrate,lnland,lnpop,lnpop16,lncpi,lnminp,lnsales_lag,lnprice_lag,lnndi_lag,lncomp_lag,lntxrate_lag,lnland_lag,lnpop_lag,lnpop16_lag,lncpi_lag
MN,63,.079999998,Minnesota,206200000000,46.316135,-94.199478,79626.539,24,28.700001,3507,2314.2,30.6,2067.251,112.6,26.4,5756,.93790847,170.63699,.86274499,67.55722,188.1046,-.064102903,5.1395388,5.2369981,4.212975,-2.5257289,11.2851,8.1625166,7.746819,3.421,-.1476361,,,,,,,,,
MN,64,.079999998,Minnesota,206200000000,46.316135,-94.199478,79626.539,24,30.1,3529,2333.3999,31,2157.0879,104.7,27.9,6143,.97096783,158.3468,.89999998,69.583481,198.1613,-.029462,5.0647869,5.2890811,4.242527,-2.5257289,11.2851,8.1687698,7.7550821,3.4339869,-.1053605,5.1395388,-.064102903,4.212975,5.2369981,-2.5257289,11.2851,8.1625166,7.746819,3.421
MN,65,.079999998,Minnesota,206200000000,46.316135,-94.199478,79626.539,24,30.200001,3562,2367.8999,31.5,2360.7188,109.2,28.1,6686,.95873022,164.2681,.8920635,74.943451,212.254,-.042145599,5.1015,5.3577828,4.3167338,-2.5257289,11.2851,8.1780777,7.7697592,3.4499879,-.114218,5.0647869,-.029462,4.242527,5.2890811,-2.5257289,11.2851,8.1687698,7.7550821,3.4339869
MN,66,.079999998,Minnesota,206200000000,46.316135,-94.199478,79626.539,24,30.299999,3585,2398.6001,32.400002,2527.4163,110.7,30.200001,7401,.93518507,165.45461,.93209869,78.006668,228.4259,-.067010798,5.1086969,5.4312119,4.3567939,-2.5257289,11.2851,8.184514,7.78264,3.478158,-.070316501,5.1015,-.042145599,4.3167338,5.3577828,-2.5257289,11.2851,8.1780777,7.7697592,3.4499879
MN,67,.079999998,Minnesota,206200000000,46.316135,-94.199478,79626.539,24,30.9,3625,2444.7,33.400002,2669.1594,114.4,30.5,8023,.92514962,169.63229,.91317362,79.914948,240.20959,-.077799797,5.1336331,5.4815121,4.3809628,-2.5257289,11.2851,8.1956091,7.8016782,3.5085559,-.090829298,5.1086969,-.067010798,4.3567939,5.4312119,-2.5257289,11.2851,8.184514,7.78264,3.478158
MN,68,.079999998,Minnesota,206200000000,46.316135,-94.199478,79626.539,24,32.700001,3663,2493.6001,34.799999,2876.7827,113.7,32.299999,8923,.93965518,167.0208,.92816091,82.666168,256.40811,-.062242199,5.1181178,5.5467701,4.4148111,-2.5257289,11.2851,8.2060385,7.8214831,3.5496171,-.074550197,5.1336331,-.077799797,4.3809628,5.4815121,-2.5257289,11.2851,8.1956091,7.8016782,3.5085559
MN,69,.13,Minnesota,206200000000,46.316135,-94.199478,79626.539,24,32.799999,3700,2516.7,36.700001,3071.4297,112.3,32.299999,10002,.89373291,165.1011,.88010901,83.690178,272.53409,-.1123483,5.1065578,5.6077638,4.4271221,-2.040221,11.2851,8.2160883,7.8307042,3.602777,-.1277096,5.1181178,-.062242199,4.4148111,5.5467701,-2.5257289,11.2851,8.2060385,7.8214831,3.5496171
MN,70,.13,Minnesota,206200000000,46.316135,-94.199478,79626.539,24,39.099998,3805,2624.1001,38.799999,3331.9573,104.3,37.299999,10786,1.007732,151.2372,.96134019,85.875191,277.98969,.0077022002,5.0188489,5.627584,4.4528952,-2.040221,11.2851,8.244071,7.8724928,3.6584201,-.0394269,5.1065578,-.1123483,4.4271221,5.6077638,-2.040221,11.2851,8.2160883,7.8307042,3.602777
MN,71,.13,Minnesota,206200000000,46.316135,-94.199478,79626.539,24,40.099998,3853,2690.3,40.5,3524.6079,116.4,38.5,11541,.99012339,166.70599,.95061731,87.027359,284.96301,-.0099256998,5.1162319,5.652359,4.4662228,-2.040221,11.2851,8.2566071,7.897408,3.7013021,-.050643701,5.0188489,.0077022002,4.4528952,5.627584,-2.040221,11.2851,8.244071,7.8724928,3.6584201
MN,72,.18000001,Minnesota,206200000000,46.316135,-94.199478,79626.539,24,45.200001,3870,2734.5,41.799999,3757.186,96.800003,38.900002,12492,1.08134,136.9962,.93062198,89.884827,298.85172,.078200802,4.9199529,5.6999469,4.498529,-1.714798,11.2851,8.2610102,7.9137039,3.7328961,-.071902104,5.1162319,-.0099256998,4.4662228,5.652359,-2.040221,11.2851,8.2566071,7.897408,3.7013021
MN,73,.18000001,Minnesota,206200000000,46.316135,-94.199478,79626.539,24,45.599998,3891,2783.3999,44.400002,4514.812,106.8,39.400002,14029,1.027027,149.299,.88738739,101.685,315.96841,.0266682,5.0059509,5.7556419,4.6218791,-1.714798,11.2851,8.2664213,7.931428,3.7932401,-.1194736,4.9199529,.078200802,4.498529,5.6999469,-1.714798,11.2851,8.2610102,7.9137039,3.7328961
MN,74,.18000001,Minnesota,206200000000,46.316135,-94.199478,79626.539,24,47,3907,2829.3999,49.299999,4644.5767,110.6,39.900002,15565,.95334679,152.7229,.8093307,94.21048,315.72009,-.047776502,5.028625,5.7548561,4.5455308,-1.714798,11.2851,8.270525,7.9478202,3.8979239,-.2115477,5.0059509,.0266682,4.6218791,5.7556419,-1.714798,11.2851,8.2664213,7.931428,3.7932401
MN,75,.18000001,Minnesota,206200000000,46.316135,-94.199478,79626.539,24,49.400002,3937,2885.1001,53.799999,4962.9995,111.5,42.599998,16808,.91821557,152.1526,.79182148,92.249062,312.41641,-.085322998,5.0248842,5.7443371,4.5244918,-1.714798,11.2851,8.2781744,7.9673152,3.9852729,-.23341919,5.028625,-.047776502,4.5455308,5.7548561,-1.714798,11.2851,8.270525,7.9478202,3.8979239
MN,76,.18000001,Minnesota,206200000000,46.316135,-94.199478,79626.539,24,52.099998,3970,2941.7,56.900002,5312.3657,116.7,45,18840,.91564143,157.49361,.79086113,93.36319,331.10721,-.0881304,5.0593848,5.8024421,4.5364971,-1.714798,11.2851,8.286521,7.986743,4.041296,-.23463289,5.0248842,-.085322998,4.5244918,5.7443371,-1.714798,11.2851,8.2781744,7.9673152,3.9852729
MN,77,.18000001,Minnesota,206200000000,46.316135,-94.199478,79626.539,24,53.099998,3996,2989.7,60.599998,6025.0732,117.2,46.400002,20939,.87623757,156.64819,.76567662,99.423653,345.52811,-.132118,5.0540028,5.8450742,4.59939,-1.714798,11.2851,8.2930489,8.0029287,4.1042948,-.2669954,5.0593848,-.0881304,4.5364971,5.8024421,-1.714798,11.2851,8.286521,7.986743,4.041296
MN,78,.18000001,Minnesota,206200000000,46.316135,-94.199478,79626.539,24,57.900002,4024,3033.8,65.199997,6668.9053,118.9,53.200001,23959,.88803679,157.7077,.81595099,102.2838,367.4693,-.118742,5.0607429,5.9066401,4.6277509,-1.714798,11.2851,8.3000317,8.0175714,4.1774588,-.203401,5.0540028,-.132118,4.59939,5.8450742,-1.714798,11.2851,8.2930489,8.0029287,4.1042948
MN,79,.18000001,Minnesota,206200000000,46.316135,-94.199478,79626.539,24,60.900002,4060,3078.8999,72.599998,7378.6182,118.3,54.099998,27368,.83884299,155.9966,.74517912,101.6339,376.9697,-.1757317,5.0498338,5.9321651,4.621377,-1.714798,11.2851,8.308938,8.0323277,4.284965,-.29413071,5.0607429,-.118742,4.6277509,5.9066401,-1.714798,11.2851,8.3000317,8.0175714,4.1774588
MN,80,.18000001,Minnesota,206200000000,46.316135,-94.199478,79626.539,24,63,4077,3079.8999,82.400002,8054.3931,117.7,58.799999,29939,.76456308,155.8047,.71359217,97.74749,363.3374,-.26845071,5.048604,5.8953319,4.582387,-1.714798,11.2851,8.313117,8.0326519,4.4115849,-.33744359,5.0498338,-.1757317,4.621377,5.9321651,-1.714798,11.2851,8.308938,8.0323277,4.284965
MN,81,.18000001,Minnesota,206200000000,46.316135,-94.199478,79626.539,24,65.800003,4094,3101.8999,90.900002,8895.8672,120.8,61.400002,32563,.72387242,159.4362,.67546761,97.864326,358.22879,-.32314011,5.0716438,5.8811722,4.5835819,-1.714798,11.2851,8.3172779,8.0397701,4.5097599,-.3923502,5.048604,-.26845071,4.582387,5.8953319,-1.714798,11.2851,8.313117,8.0326519,4.4115849
MN,82,.18000001,Minnesota,206200000000,46.316135,-94.199478,79626.539,24,71.699997,4133,3130.7,96.5,9376.9941,119.4,67.800003,34147,.74300522,157.62621,.7025907,97.170921,353.85489,-.29705229,5.060226,5.8688869,4.5764709,-1.714798,11.2851,8.3267584,8.0490122,4.5695429,-.35298079,5.0716438,-.32314011,4.5835819,5.8811722,-1.714798,11.2851,8.3172779,8.0397701,4.5097599
MN,83,.18000001,Minnesota,206200000000,46.316135,-94.199478,79626.539,24,87.300003,4144,3143.2,99.599998,9884.0742,113.2,77.900002,36338,.87650609,149.2431,.78212851,99.237694,364.83939,-.1318116,5.0055761,5.899457,4.597518,-1.714798,11.2851,8.3294172,8.0529966,4.601162,-.2457362,5.060226,-.29705229,4.5764709,5.8688869,-1.714798,11.2851,8.3267584,8.0490122,4.5695429
MN,84,.18000001,Minnesota,206200000000,46.316135,-94.199478,79626.539,24,99.199997,4162,3166.2,103.9,11105.858,110.8,89.800003,40593,.95476413,145.64771,.86429262,106.8899,390.69299,-.046291001,4.9811902,5.9679222,4.6717992,-1.714798,11.2851,8.3337507,8.0602875,4.6434288,-.14584389,5.0055761,-.1318116,4.597518,5.899457,-1.714798,11.2851,8.3294172,8.0529966,4.601162
MN,85,.18000001,Minnesota,206200000000,46.316135,-94.199478,79626.539,24,101.5,4190,3196.8999,107.6,11676.823,113,92.300003,43523,.94330859,148.10291,.85780668,108.5207,404.48889,-.058361799,4.9979072,6.002624,4.6869411,-1.714798,11.2851,8.340456,8.0699368,4.678421,-.1533764,4.9811902,-.046291001,4.6717992,5.9679222,-1.714798,11.2851,8.3337507,8.0602875,4.6434288
MN,86,.23,Minnesota,206200000000,46.316135,-94.199478,79626.539,24,116.3,4213,3224.7,109.6,12407.498,104.3,104.2,46170,1.061131,136.2657,.95072991,113.2071,421.25909,.059335802,4.914607,6.0432482,4.729219,-1.469676,11.2851,8.3459301,8.0785952,4.6968369,-.0505253,4.9979072,-.058361799,4.6869411,6.002624,-1.714798,11.2851,8.340456,8.0699368,4.678421
MN,87,.38,Minnesota,206200000000,46.316135,-94.199478,79626.539,24,120.1,4246,3266,113.6,12961.493,108.8,110.3,49646,1.057218,141.4467,.97095072,114.0977,437.02469,.0556412,4.9519229,6.079989,4.7370548,-.96758401,11.2851,8.3537331,8.091321,4.7326841,-.0294796,4.914607,.059335802,4.729219,6.0432482,-1.469676,11.2851,8.3459301,8.0785952,4.6968369
MN,88,.38,Minnesota,206200000000,46.316135,-94.199478,79626.539,24,141.7,4307,3312,118.3,13785,94.099998,123.3,53579,1.1978019,122.3698,1.0422651,116.5258,452.90781,.18048839,4.8070469,6.1156888,4.758112,-.96758401,11.2851,8.3679972,8.1053076,4.7732239,.041396599,4.9519229,.0556412,4.7370548,6.079989,-.96758401,11.2851,8.3537331,8.091321,4.7326841
MN,89,.38,Minnesota,206200000000,46.316135,-94.199478,79626.539,24,152.5,4353,3339,124,14771,92.300003,130.10001,56982,1.229839,120.33,1.049194,119.121,459.53229,.206883,4.7902379,6.130209,4.780139,-.96758401,11.2851,8.3786201,8.1134262,4.820282,.048021901,4.8070469,.18048839,4.758112,6.1156888,-.96758401,11.2851,8.3679972,8.1053076,4.7732239
MN,90,.38,Minnesota,206200000000,46.316135,-94.199478,79626.539,24,162.3,4390.1001,3367.5,130.7,15553,90.699997,138.89999,60897,1.241775,118.2426,1.062739,118.9977,465.9296,.2165419,4.7727389,6.1440339,4.7791042,-.96758401,11.2851,8.3871069,8.1219263,4.8729048,.0608497,4.7902379,.206883,4.780139,6.130209,-.96758401,11.2851,8.3786201,8.1134262,4.820282
MN,91,.38,Minnesota,206200000000,46.316135,-94.199478,79626.539,24,173.89999,4447.2998,3406,136.2,15869,86.199997,150.3,63668,1.276799,112.5535,1.103524,116.5125,467.45959,.24435601,4.7234292,6.1473131,4.757998,-.96758401,11.2851,8.4000521,8.1332941,4.914124,.098508999,4.7727389,.2165419,4.7791042,6.1440339,-.96758401,11.2851,8.3871069,8.1219263,4.8729048
MN,92,.43000001,Minnesota,206200000000,46.316135,-94.199478,79626.539,24,197.7,4495.5,3440.5,140.3,17255,83.800003,160,68400,1.4091229,109.4966,1.140413,122.9865,487.5267,.34296769,4.6958928,6.1893449,4.8120742,-.84397012,11.2851,8.4108324,8.1433725,4.9437828,.1313908,4.7234292,.24435601,4.757998,6.1473131,-.96758401,11.2851,8.4000521,8.1332941,4.914124
