Datasets/panel/Baltagi and Levine/cigarette.csv
idstate,year,txrate,name,aland,ycoord,xcoord,land,state,price,pop,pop16,cpi,ndi,sales,pimin,comp,ppp,spp,mppp,ipc,ncom,lnprice,lnsales,lncomp,lnndi,lntxrate,lnland,lnpop,lnpop16,lncpi,lnminp,lnsales_lag,lnprice_lag,lnndi_lag,lncomp_lag,lntxrate_lag,lnland_lag,lnpop_lag,lnpop16_lag,lncpi_lag
MS,63,.079999998,Mississippi,121500000000,32.686466,-89.656151,46923.313,25,30.5,2291,1460.9,30.6,1322.573,83.900002,26.1,2145,.996732,131.57291,.85294122,43.22134,70.098038,-.0032734,4.8795609,4.2498951,3.7663341,-2.5257289,10.75627,7.736743,7.286808,3.421,-.1590647,,,,,,,,,
MS,64,.079999998,Mississippi,121500000000,32.686466,-89.656151,46923.313,25,30.4,2304,1472.4,31,1383.3695,86.099998,27.299999,2298,.98064512,134.72861,.88064522,44.624821,74.129044,-.0195446,4.9032631,4.3058071,3.79829,-2.5257289,10.75627,7.7424021,7.2946491,3.4339869,-.1271005,4.8795609,-.0032734,3.7663341,4.2498951,-2.5257289,10.75627,7.736743,7.286808,3.421
MS,65,.090000004,Mississippi,121500000000,32.686466,-89.656151,46923.313,25,31.4,2309,1483.8,31.5,1496.9891,83.5,27.200001,2556,.9968254,129.9377,.86349207,47.52346,81.14286,-.0031797001,4.8670549,4.3962111,3.861223,-2.4079461,10.75627,7.7445698,7.302361,3.4499879,-.1467706,4.9032631,-.0195446,3.79829,4.3058071,-2.5257289,10.75627,7.7424021,7.2946491,3.4339869
MS,66,.090000004,Mississippi,121500000000,32.686466,-89.656151,46923.313,25,31.799999,2339,1516.1,32.400002,1616.5889,86.900002,29.5,2839,.98148137,134.06709,.91049379,49.894711,87.623451,-.018692199,4.8983402,4.4730492,3.909915,-2.4079461,10.75627,7.7574792,7.3238959,3.478158,-.093768202,4.8670549,-.0031797001,3.861223,4.3962111,-2.4079461,10.75627,7.7445698,7.302361,3.4499879
MS,67,.090000004,Mississippi,121500000000,32.686466,-89.656151,46923.313,25,31.6,2344,1530.4,33.400002,1760.1084,88.099998,29.6,3045,.94610769,134.9362,.88622749,52.697849,91.167664,-.055398799,4.9048018,4.5127001,3.9645751,-2.4079461,10.75627,7.759614,7.3332839,3.5085559,-.1207816,4.8983402,-.018692199,3.909915,4.4730492,-2.4079461,10.75627,7.7574792,7.3238959,3.478158
MS,68,.090000004,Mississippi,121500000000,32.686466,-89.656151,46923.313,25,33.900002,2349,1547.5,34.799999,1919.5746,89,30.9,3397,.97413802,135.09599,.88793099,55.160191,97.614937,-.026202301,4.9059849,4.5810299,4.010242,-2.4079461,10.75627,7.761745,7.3443961,3.5496171,-.1188612,4.9048018,-.055398799,3.9645751,4.5127001,-2.4079461,10.75627,7.759614,7.3332839,3.5085559
MS,69,.090000004,Mississippi,121500000000,32.686466,-89.656151,46923.313,25,34.799999,2360,1541.8,36.700001,2069.0742,91,30.9,3760,.94822878,139.2917,.8419618,56.37804,102.4523,-.053159401,4.9365711,4.6293969,4.0320802,-2.4079461,10.75627,7.766417,7.3407059,3.602777,-.1720206,4.9059849,-.026202301,4.010242,4.5810299,-2.4079461,10.75627,7.761745,7.3443961,3.5496171
MS,70,.090000004,Mississippi,121500000000,32.686466,-89.656151,46923.313,25,36.200001,2216,1490.4,38.799999,2243.4905,93.400002,34.299999,4018,.93298972,138.8717,.88402063,57.821918,103.5567,-.069361098,4.9335508,4.6401191,4.0573678,-2.4079461,10.75627,7.7034588,7.3067999,3.6584201,-.1232749,4.9365711,-.053159401,4.0320802,4.6293969,-2.4079461,10.75627,7.766417,7.3407059,3.602777
MS,71,.090000004,Mississippi,121500000000,32.686466,-89.656151,46923.313,25,37.5,2253,1529.4,40.5,2441.8264,105.4,38.799999,4380,.92592591,155.26759,.95802468,60.292011,108.1481,-.0769611,5.0451498,4.6835022,4.0991998,-2.4079461,10.75627,7.7200179,7.3326311,3.7013021,-.042881701,4.9335508,-.069361098,4.0573678,4.6401191,-2.4079461,10.75627,7.7034588,7.3067999,3.6584201
MS,72,.090000004,Mississippi,121500000000,32.686466,-89.656151,46923.313,25,37.400002,2286,1563.7,41.799999,2681.0259,112.1,40,5023,.89473689,163.88091,.95693779,64.139374,120.1675,-.1112256,5.0991402,4.788887,4.1610579,-2.4079461,10.75627,7.7345591,7.3548102,3.7328961,-.044016901,5.0451498,-.0769611,4.0991998,4.6835022,-2.4079461,10.75627,7.7200179,7.3326311,3.7013021
MS,73,.090000004,Mississippi,121500000000,32.686466,-89.656151,46923.313,25,37.299999,2319,1598.9,44.400002,3042.8149,115,39.900002,5736,.84008998,166.7928,.89864868,68.531868,129.18919,-.17424621,5.1167521,4.8612781,4.2272992,-2.4079461,10.75627,7.7488909,7.3770709,3.7932401,-.1068631,5.0991402,-.1112256,4.1610579,4.788887,-2.4079461,10.75627,7.7345591,7.3548102,3.7328961
MS,74,.11,Mississippi,121500000000,32.686466,-89.656151,46923.313,25,41.400002,2338,1623.6,49.299999,3302.9441,117.1,41.599998,6390,.83975661,168.6252,.84381342,66.996841,129.61459,-.1746432,5.1276779,4.8645649,4.2046461,-2.2072749,10.75627,7.757051,7.3924012,3.8979239,-.1698239,5.1167521,-.17424621,4.2272992,4.8612781,-2.4079461,10.75627,7.7488909,7.3770709,3.7932401
MS,75,.11,Mississippi,121500000000,32.686466,-89.656151,46923.313,25,43,2350,1642.6,53.799999,3530.1836,116.8,44.299999,6748,.7992565,167.10091,.82341999,65.616798,125.4275,-.2240734,5.118598,4.831728,4.1838322,-2.2072749,10.75627,7.7621708,7.404036,3.9852729,-.19428881,5.1276779,-.1746432,4.2046461,4.8645649,-2.2072749,10.75627,7.757051,7.3924012,3.8979239
MS,76,.11,Mississippi,121500000000,32.686466,-89.656151,46923.313,25,46.400002,2371,1668.3,56.900002,3878.0193,120.9,48.099998,7688,.81546569,171.8239,.84534258,68.154991,135.1142,-.2039959,5.146471,4.9061208,4.2217851,-2.2072749,10.75627,7.7710671,7.41956,4.041296,-.1680132,5.118598,-.2240734,4.1838322,4.831728,-2.2072749,10.75627,7.7621708,7.404036,3.9852729
MS,77,.11,Mississippi,121500000000,32.686466,-89.656151,46923.313,25,48.799999,2390,1691.1,60.599998,4343.4614,122.1,48.900002,8675,.80528051,172.5616,.80693072,71.674294,143.15179,-.2165646,5.150754,4.9639058,4.2721319,-2.2072749,10.75627,7.779048,7.433135,4.1042948,-.2145175,5.146471,-.2039959,4.2217851,4.9061208,-2.2072749,10.75627,7.7710671,7.41956,4.041296
MS,78,.11,Mississippi,121500000000,32.686466,-89.656151,46923.313,25,53.599998,2409,1712,65.199997,4773.0234,124.9,54.200001,9826,.82208592,175.75011,.8312884,73.205887,150.70551,-.19591039,5.1690631,5.0153279,4.2932758,-2.2072749,10.75627,7.7869668,7.4454169,4.1774588,-.1847785,5.150754,-.2165646,4.2721319,4.9639058,-2.2072749,10.75627,7.779048,7.433135,4.1042948
MS,79,.11,Mississippi,121500000000,32.686466,-89.656151,46923.313,25,56.5,2429,1732,72.599998,5257.4019,123.9,56.799999,10971,.77823693,173.7605,.78236908,72.416008,151.11571,-.25072429,5.1576781,5.0180459,4.2824268,-2.2072749,10.75627,7.7952352,7.4570322,4.284965,-.24542861,5.1690631,-.19591039,4.2932758,5.0153279,-2.2072749,10.75627,7.7869668,7.4454169,4.1774588
MS,80,.11,Mississippi,121500000000,32.686466,-89.656151,46923.313,25,59.700001,2521,1791,82.400002,5676.001,127,60,11925,.72451448,178.7644,.72815531,68.883507,144.7209,-.32225341,5.186069,4.9748068,4.2324171,-2.2072749,10.75627,7.8324108,7.49053,4.4115849,-.31724089,5.1576781,-.25072429,4.2824268,5.0180459,-2.2072749,10.75627,7.7952352,7.4570322,4.284965
MS,81,.11,Mississippi,121500000000,32.686466,-89.656151,46923.313,25,63,2531,1824.3,90.900002,6301.9058,125.3,62.599998,13144,.69306928,173.8389,.68866879,69.327904,144.5985,-.36662531,5.1581292,4.9739609,4.2388468,-2.2072749,10.75627,7.83637,7.5089521,4.5097599,-.37299481,5.186069,-.32225341,4.2324171,4.9748068,-2.2072749,10.75627,7.8324108,7.49053,4.4115849
MS,82,.11,Mississippi,121500000000,32.686466,-89.656151,46923.313,25,69.199997,2551,1841.4,96.5,6824.1577,125.8,68.300003,13670,.71709841,174.2782,.70777208,70.71666,141.658,-.33254221,5.1606531,4.9534159,4.2586808,-2.2072749,10.75627,7.8442411,7.518281,4.5695429,-.34563309,5.1581292,-.36662531,4.2388468,4.9739609,-2.2072749,10.75627,7.83637,7.5089521,4.5097599
MS,83,.11,Mississippi,121500000000,32.686466,-89.656151,46923.313,25,78.599998,2587,1872.8,99.599998,7118.1733,122.3,79.099998,14233,.78915662,168.93961,.7941767,71.467613,142.9016,-.23679049,5.1295409,4.9621558,4.2692442,-2.2072749,10.75627,7.858254,7.5351901,4.601162,-.2304493,5.1606531,-.33254221,4.2586808,4.9534159,-2.2072749,10.75627,7.8442411,7.518281,4.5695429
MS,84,.11,Mississippi,121500000000,32.686466,-89.656151,46923.313,25,89,2598,1887.1,103.9,7659.3618,116.4,88.300003,15364,.85659289,160.24969,.84985572,73.71859,147.873,-.1547925,5.0767331,4.9963541,4.3002548,-2.2072749,10.75627,7.8624969,7.5427971,4.6434288,-.1626887,5.1295409,-.23679049,4.2692442,4.9621558,-2.2072749,10.75627,7.858254,7.5351901,4.601162
MS,85,.18000001,Mississippi,121500000000,32.686466,-89.656151,46923.313,25,96.400002,2613,1900.4,107.6,7968.3276,115.3,92.5,16234,.8959108,158.5345,.85966551,74.055092,150.8736,-.1099144,5.0659719,5.0164418,4.3048091,-1.714798,10.75627,7.8682542,7.549819,4.678421,-.15121201,5.0767331,-.1547925,4.3002548,4.9963541,-2.2072749,10.75627,7.8624969,7.5427971,4.6434288
MS,86,.18000001,Mississippi,121500000000,32.686466,-89.656151,46923.313,25,106,2624,1917.5,109.6,8390.9131,113.2,98.800003,16989,.96715331,154.9084,.90145987,76.559433,155.00909,-.0333983,5.0428338,5.0434842,4.3380671,-1.714798,10.75627,7.8724551,7.5587769,4.6968369,-.1037397,5.0659719,-.1099144,4.3048091,5.0164418,-1.714798,10.75627,7.8682542,7.549819,4.678421
MS,87,.18000001,Mississippi,121500000000,32.686466,-89.656151,46923.313,25,115.8,2625,1927,113.6,8827.4521,110,103.5,17845,1.019366,149.8443,.91109163,77.706444,157.0863,.019181101,5.0095968,5.0567951,4.3529382,-1.714798,10.75627,7.8728361,7.5637202,4.7326841,-.093111902,5.0428338,-.0333983,4.3380671,5.0434842,-1.714798,10.75627,7.8724551,7.5587769,4.6968369
MS,88,.18000001,Mississippi,121500000000,32.686466,-89.656151,46923.313,25,122.6,2620,1931,118.3,9560,109,112.1,19143,1.036348,147.8923,.94759083,80.811493,161.8174,.035703201,4.9964838,5.0864692,4.3921189,-1.714798,10.75627,7.8709302,7.565794,4.7732239,-.053832501,5.0095968,.019181101,4.3529382,5.0567951,-1.714798,10.75627,7.8728361,7.5637202,4.7326841
MS,89,.18000001,Mississippi,121500000000,32.686466,-89.656151,46923.313,25,125.8,2621,1939,124,10102,108.3,121.5,20330,1.014516,146.39211,.97983873,81.467743,163.9516,.0144118,4.986289,5.0995712,4.400207,-1.714798,10.75627,7.8713112,7.5699282,4.820282,-.0203673,4.9964838,.035703201,4.3921189,5.0864692,-1.714798,10.75627,7.8709302,7.565794,4.7732239
MS,90,.18000001,Mississippi,121500000000,32.686466,-89.656151,46923.313,25,139.89999,2620,1938.2,130.7,11054,101.8,135,21615,1.07039,137.6102,1.0329,84.575363,165.37869,.068023302,4.9244251,5.1082382,4.4376431,-1.714798,10.75627,7.8709302,7.5695152,4.8729048,.032370102,4.986289,.0144118,4.400207,5.0995712,-1.714798,10.75627,7.8713112,7.5699282,4.820282
MS,91,.18000001,Mississippi,121500000000,32.686466,-89.656151,46923.313,25,142.7,2639.3,1952.4,136.2,11528,105.6,137.39999,22702,1.047724,142.7525,1.008811,84.640244,166.6814,.046620101,4.961112,5.1160841,4.4384098,-1.714798,10.75627,7.8782692,7.5768151,4.914124,.0087719001,4.9244251,.068023302,4.4376431,5.1082382,-1.714798,10.75627,7.8709302,7.5695152,4.8729048
MS,92,.18000001,Mississippi,121500000000,32.686466,-89.656151,46923.313,25,160.8,2661.7,1978.8,140.3,13006,103.9,163.89999,24291,1.1461149,139.7567,1.168211,92.701347,173.13609,.1363783,4.9399028,5.154078,4.5293832,-1.714798,10.75627,7.8867202,7.5902462,4.9437828,.1554734,4.961112,.046620101,4.4384098,5.1160841,-1.714798,10.75627,7.8782692,7.5768151,4.914124
