Datasets/panel/Baltagi and Levine/cigarette.csv
idstate,year,txrate,name,aland,ycoord,xcoord,land,state,price,pop,pop16,cpi,ndi,sales,pimin,comp,ppp,spp,mppp,ipc,ncom,lnprice,lnsales,lncomp,lnndi,lntxrate,lnland,lnpop,lnpop16,lncpi,lnminp,lnsales_lag,lnprice_lag,lnndi_lag,lncomp_lag,lntxrate_lag,lnland_lag,lnpop_lag,lnpop16_lag,lncpi_lag
MO,63,.039999999,Missouri,178000000000,38.35075,-92.456779,68741.539,26,25.799999,4412,3064.2,30.6,2180.0547,133.2,24.1,7776,.8431372,191.7885,.78758168,71.243607,254.1176,-.1706256,5.256393,5.537797,4.2661052,-3.2188759,11.13811,8.3920832,8.0275421,3.421,-.2387882,,,,,,,,,
MO,64,.039999999,Missouri,178000000000,38.35075,-92.456779,68741.539,26,25.700001,4471,3103.8,31,2313.1147,130,25,8317,.8290323,187.26401,.80645162,74.616608,268.29031,-.1874962,5.2325191,5.5920701,4.3123631,-3.2188759,11.13811,8.4053679,8.0403824,3.4339869,-.2151114,5.256393,-.1706256,4.2661052,5.537797,-3.2188759,11.13811,8.3920832,8.0275421,3.421
MO,65,.039999999,Missouri,178000000000,38.35075,-92.456779,68741.539,26,26.1,4492,3125.8999,31.5,2486.6248,130.2,24.5,8956,.82857138,187.1008,.77777779,78.940468,284.3175,-.18805221,5.231647,5.6500921,4.3686938,-3.2188759,11.13811,8.4100533,8.0474777,3.4499879,-.2513144,5.2325191,-.1874962,4.3123631,5.5920701,-3.2188759,11.13811,8.4053679,8.0403824,3.4339869
MO,66,.039999999,Missouri,178000000000,38.35075,-92.456779,68741.539,26,26.200001,4567,3191.5,32.400002,2623.9429,139.3,24.700001,9867,.80864203,199.3367,.76234567,80.985893,304.53699,-.21239901,5.2949948,5.718792,4.3942752,-3.2188759,11.13811,8.4266119,8.0682459,3.478158,-.27135521,5.231647,-.18805221,4.3686938,5.6500921,-3.2188759,11.13811,8.4100533,8.0474777,3.4499879
MO,67,.039999999,Missouri,178000000000,38.35075,-92.456779,68741.539,26,27.5,4587,3218.5,33.400002,2772.97,138.3,25,10600,.82335317,197.1049,.74850303,83.023048,317.3653,-.19437,5.2837362,5.7600532,4.4191179,-3.2188759,11.13811,8.4309816,8.0766706,3.5085559,-.28968009,5.2949948,-.21239901,4.3942752,5.718792,-3.2188759,11.13811,8.4266119,8.0682459,3.478158
MO,68,.039999999,Missouri,178000000000,38.35075,-92.456779,68741.539,26,29.200001,4610,3258,34.799999,3018.8647,137.3,26.299999,11671,.83908051,194.2766,.75574708,86.748993,335.3736,-.1754486,5.2692828,5.8152452,4.4630189,-3.2188759,11.13811,8.4359827,8.0888691,3.5496171,-.2800484,5.2837362,-.19437,4.4191179,5.7600532,-3.2188759,11.13811,8.4309816,8.0766706,3.5085559
MO,69,.039999999,Missouri,178000000000,38.35075,-92.456779,68741.539,26,29.9,4651,3325.5,36.700001,3128.5061,137.2,27,12660,.8147139,191.88609,.73569483,85.245399,344.95911,-.2049183,5.2569022,5.8434262,4.4455342,-3.2188759,11.13811,8.4448376,8.109375,3.602777,-.3069399,5.2692828,-.1754486,4.4630189,5.8152452,-3.2188759,11.13811,8.4359827,8.0888691,3.5496171
MO,70,.090000004,Missouri,178000000000,38.35075,-92.456779,68741.539,26,36,4677,3352.5,38.799999,3389.3037,121.3,28.299999,13611,.92783499,169.22301,.72938138,87.353188,350.79901,-.074901298,5.131217,5.8602128,4.4699602,-2.4079461,11.13811,8.4504118,8.1174612,3.6584201,-.3155584,5.2569022,-.2049183,4.4455342,5.8434262,-3.2188759,11.13811,8.4448376,8.109375,3.602777
MO,71,.090000004,Missouri,178000000000,38.35075,-92.456779,68741.539,26,36.799999,4717,3413.2,40.5,3624.5537,127.6,30.1,14527,.90864187,176.3416,.7432099,89.495163,358.69131,-.0958042,5.1724229,5.882462,4.494184,-2.4079461,11.13811,8.4589281,8.1354055,3.7013021,-.2967768,5.131217,-.074901298,4.4699602,5.8602128,-2.4079461,11.13811,8.4504118,8.1174612,3.6584201
MO,72,.090000004,Missouri,178000000000,38.35075,-92.456779,68741.539,26,37.700001,4745,3458.5,41.799999,3848.0945,130,30.6,15717,.90191388,178.3577,.73205751,92.059677,376.00479,-.1032362,5.1837912,5.9296021,4.5224371,-2.4079461,11.13811,8.4648466,8.1485901,3.7328961,-.31189629,5.1724229,-.0958042,4.494184,5.882462,-2.4079461,11.13811,8.4589281,8.1354055,3.7013021
MO,73,.090000004,Missouri,178000000000,38.35075,-92.456779,68741.539,26,37.700001,4763,3501.8999,44.400002,4351.5933,132.10001,30.6,17298,.8490991,179.67171,.6891892,98.00885,389.5946,-.1635794,5.1911311,5.965106,4.5850582,-2.4079461,11.13811,8.4686327,8.1610613,3.7932401,-.37223941,5.1837912,-.1032362,4.5224371,5.9296021,-2.4079461,11.13811,8.4648466,8.1485901,3.7328961
MO,74,.090000004,Missouri,178000000000,38.35075,-92.456779,68741.539,26,38,4771,3542.3,49.299999,4610.2622,135.39999,31.5,18768,.77079111,182.36549,.63894522,93.51445,380.6897,-.26033789,5.2060132,5.9419851,4.538116,-2.4079461,11.13811,8.4703112,8.1725311,3.8979239,-.44793659,5.1911311,-.1635794,4.5850582,5.965106,-2.4079461,11.13811,8.4686327,8.1610613,3.7932401
MO,75,.090000004,Missouri,178000000000,38.35075,-92.456779,68741.539,26,43.5,4779,3578,53.799999,5041.3765,135.60001,33.299999,19877,.80855018,181.1158,.61895913,93.705887,369.461,-.21251249,5.1991372,5.912045,4.5401611,-2.4079461,11.13811,8.4719868,8.182559,3.9852729,-.479716,5.2060132,-.26033789,4.538116,5.9419851,-2.4079461,11.13811,8.4703112,8.1725311,3.8979239
MO,76,.090000004,Missouri,178000000000,38.35075,-92.456779,68741.539,26,44.700001,4804,3628.1001,56.900002,5443.75,139.5,36,22256,.78558868,184.7132,.63268888,95.672234,391.1423,-.2413218,5.2188039,5.9690709,4.5609279,-2.4079461,11.13811,8.4772043,8.1964645,4.041296,-.4577764,5.1991372,-.21251249,4.5401611,5.912045,-2.4079461,11.13811,8.4719868,8.182559,3.9852729
MO,77,.090000004,Missouri,178000000000,38.35075,-92.456779,68741.539,26,45.900002,4823,3667.6001,60.599998,6035.6006,140.8,36.900002,24794,.75742579,185.1561,.60891092,99.597366,409.14191,-.27782971,5.221199,6.0140619,4.6011362,-2.4079461,11.13811,8.4811516,8.2072926,4.1042948,-.49608329,5.2188039,-.2413218,4.5609279,5.9690709,-2.4079461,11.13811,8.4772043,8.1964645,4.041296
MO,78,.090000004,Missouri,178000000000,38.35075,-92.456779,68741.539,26,49.900002,4847,3707.2,65.199997,6645.5474,141.8,41.400002,27826,.76533753,185.3972,.63496941,101.9256,426.77921,-.26743841,5.2225008,6.0562668,4.6242428,-2.4079461,11.13811,8.4861155,8.2180319,4.1774588,-.45417851,5.221199,-.27782971,4.6011362,6.0140619,-2.4079461,11.13811,8.4811516,8.2072926,4.1042948
MO,79,.090000004,Missouri,178000000000,38.35075,-92.456779,68741.539,26,52.200001,4867,3739.8999,72.599998,7398.1348,140.2,43.400002,30870,.71900833,182.4523,.5977962,101.9027,425.2066,-.32988241,5.2064891,6.0525751,4.6240182,-2.4079461,11.13811,8.4902334,8.2268143,4.284965,-.51450539,5.2225008,-.26743841,4.6242428,6.0562668,-2.4079461,11.13811,8.4861155,8.2180319,4.1774588
MO,80,.090000004,Missouri,178000000000,38.35075,-92.456779,68741.539,26,57.299999,4917,3764,82.400002,7856.9258,142.10001,46.299999,33197,.69538832,185.62849,.56189322,95.351044,402.87619,-.36328489,5.2237468,5.99863,4.5575652,-2.4079461,11.13811,8.5004539,8.2332373,4.4115849,-.57644361,5.2064891,-.32988241,4.6240182,6.0525751,-2.4079461,11.13811,8.4902334,8.2268143,4.284965
MO,81,.090000004,Missouri,178000000000,38.35075,-92.456779,68741.539,26,59.900002,4941,3788.1001,90.900002,8681.8975,140.5,49.400002,36001,.65896589,183.26089,.54345429,95.510422,396.0506,-.4170835,5.2109108,5.9815421,4.559236,-2.4079461,11.13811,8.5053234,8.2396202,4.5097599,-.60980958,5.2237468,-.36328489,4.5575652,5.99863,-2.4079461,11.13811,8.5004539,8.2332373,4.4115849
MO,82,.090000004,Missouri,178000000000,38.35075,-92.456779,68741.539,26,64.699997,4951,3797.8,96.5,9133.2373,139.7,56.299999,37841,.6704663,182.1198,.58341968,94.644943,392.1347,-.39978179,5.2046652,5.9716048,4.5501318,-2.4079461,11.13811,8.5073452,8.242177,4.5695429,-.53884852,5.2109108,-.4170835,4.559236,5.9815421,-2.4079461,11.13811,8.5053234,8.2396202,4.5097599
MO,83,.13,Missouri,178000000000,38.35075,-92.456779,68741.539,26,74.800003,4970,3817.1001,99.599998,9800.666,134.10001,66.400002,40387,.75100398,174.603,.66666669,98.400261,405.492,-.28634429,5.1625152,6.0051012,4.5890441,-2.040221,11.13811,8.5111752,8.2472467,4.601162,-.4054651,5.2046652,-.39978179,4.5501318,5.9716048,-2.4079461,11.13811,8.5073452,8.242177,4.5695429
MO,84,.13,Missouri,178000000000,38.35075,-92.456779,68741.539,26,84.800003,5008,3850.8,103.9,10675.668,130,75.400002,44465,.81616938,169.06619,.72569782,102.7495,427.95959,-.2031333,5.13029,6.0590291,4.6322942,-2.040221,11.13811,8.5187922,8.2560358,4.6434288,-.32062161,5.1625152,-.28634429,4.5890441,6.0051012,-2.040221,11.13811,8.5111752,8.2472467,4.601162
MO,85,.13,Missouri,178000000000,38.35075,-92.456779,68741.539,26,93.699997,5034,3881.6001,107.6,11363.322,129.2,79.300003,47640,.87081778,167.55791,.7369889,105.6071,442.75089,-.1383225,5.1213288,6.093008,4.6597261,-2.040221,11.13811,8.5239706,8.2640028,4.678421,-.30518249,5.13029,-.2031333,4.6322942,6.0590291,-2.040221,11.13811,8.5187922,8.2560358,4.6434288
MO,86,.13,Missouri,178000000000,38.35075,-92.456779,68741.539,26,101.9,5064,3914.3999,109.6,11942.399,128.8,85.400002,50456,.92974448,166.6266,.7791971,108.9635,460.36499,-.072845399,5.115756,6.13202,4.6910129,-2.040221,11.13811,8.529912,8.2724171,4.6968369,-.2494913,5.1213288,-.1383225,4.6597261,6.093008,-2.040221,11.13811,8.5239706,8.2640028,4.678421
MO,87,.13,Missouri,178000000000,38.35075,-92.456779,68741.539,26,108.5,5103,3952,113.6,12519.347,128.7,90.5,53489,.95510572,166.1832,.79665488,110.2055,470.85391,-.045933299,5.113091,6.1545482,4.7023468,-2.040221,11.13811,8.5375843,8.2819767,4.7326841,-.22733361,5.115756,-.072845399,4.6910129,6.13202,-2.040221,11.13811,8.529912,8.2724171,4.6968369
MO,88,.13,Missouri,178000000000,38.35075,-92.456779,68741.539,26,114.6,5141,3984,118.3,13240,127.4,94.400002,56940,.96872348,164.3985,.79797119,111.9188,481.3187,-.031776,5.102293,6.1765289,4.7177739,-2.040221,11.13811,8.5450029,8.2900419,4.7732239,-.22568271,5.113091,-.045933299,4.7023468,6.1545482,-2.040221,11.13811,8.5375843,8.2819767,4.7326841
MO,89,.13,Missouri,178000000000,38.35075,-92.456779,68741.539,26,118.9,5159,3998,124,14008,122.8,103.8,60079,.95887101,158.46049,.83709681,112.9677,484.50809,-.041998699,5.065506,6.1831341,4.7271018,-2.040221,11.13811,8.5484982,8.2935495,4.820282,-.1778156,5.102293,-.031776,4.7177739,6.1765289,-2.040221,11.13811,8.5450029,8.2900419,4.7732239
MO,90,.13,Missouri,178000000000,38.35075,-92.456779,68741.539,26,129.10001,5180.2998,4014.5,130.7,14956,119.1,115.6,63457,.98775828,153.68629,.88446832,114.43,485.51639,-.0123173,5.034914,6.1852131,4.7399631,-2.040221,11.13811,8.552618,8.2976685,4.8729048,-.1227687,5.065506,-.041998699,4.7271018,6.1831341,-2.040221,11.13811,8.5484982,8.2935495,4.820282
MO,91,.13,Missouri,178000000000,38.35075,-92.456779,68741.539,26,132.5,5221.7998,4031.8,136.2,15331,119.9,120.5,65392,.97283411,155.28889,.88472837,112.5624,480.11749,-.027541701,5.0452871,6.1740308,4.7235079,-2.040221,11.13811,8.5605974,8.3019686,4.914124,-.1224746,5.034914,-.0123173,4.7399631,6.1852131,-2.040221,11.13811,8.552618,8.2976685,4.8729048
MO,92,.13,Missouri,178000000000,38.35075,-92.456779,68741.539,26,153.10001,5257.2002,4062.3999,140.3,16742,122.3,135.8,69600,1.091233,158.2699,.96792579,119.33,496.0798,.087308399,5.064302,6.206737,4.7818928,-2.040221,11.13811,8.5673542,8.3095293,4.9437828,-.032599799,5.0452871,-.027541701,4.7235079,6.1740308,-2.040221,11.13811,8.5605974,8.3019686,4.914124
