Datasets/panel/Baltagi and Levine/cigarette.csv
idstate,year,txrate,name,aland,ycoord,xcoord,land,state,price,pop,pop16,cpi,ndi,sales,pimin,comp,ppp,spp,mppp,ipc,ncom,lnprice,lnsales,lncomp,lnndi,lntxrate,lnland,lnpop,lnpop16,lncpi,lnminp,lnsales_lag,lnprice_lag,lnndi_lag,lncomp_lag,lntxrate_lag,lnland_lag,lnpop_lag,lnpop16_lag,lncpi_lag
MT,63,.079999998,Montana,377000000000,47.051178,-109.63482,145546.06,27,30.5,701,461.60001,30.6,2079.7832,118.9,26.200001,1013,.996732,180.5652,.85620922,67.966766,33.10458,-.0032734,5.1960921,3.499671,4.2190189,-2.5257289,11.88825,6.5525079,6.1346989,3.421,-.1552406,,,,,,,,,
MT,64,.079999998,Montana,377000000000,47.051178,-109.63482,145546.06,27,30.799999,703,465.5,31,2136.7209,112.8,26.200001,1056,.99354827,170.351,.84516132,68.926483,34.064522,-.0064726002,5.1378608,3.5282559,4.2330399,-2.5257289,11.88825,6.555357,6.1431122,3.4339869,-.16822781,5.1960921,-.0032734,4.2190189,3.499671,-2.5257289,11.88825,6.5525079,6.1346989,3.421
MT,65,.079999998,Montana,377000000000,47.051178,-109.63482,145546.06,27,31,703,467.39999,31.5,2292.0061,118,26.1,1123,.98412699,177.47971,.82857138,72.7621,35.650791,-.016000301,5.1788559,3.573771,4.2871952,-2.5257289,11.88825,6.555357,6.1471848,3.4499879,-.18805221,5.1378608,-.0064726002,4.2330399,3.5282559,-2.5257289,11.88825,6.555357,6.1431122,3.4339869
MT,66,.079999998,Montana,377000000000,47.051178,-109.63482,145546.06,27,30.9,703,471.20001,32.400002,2446.2556,114.9,26.5,1199,.95370358,171.4234,.81790119,75.501717,37.006168,-.0474023,5.144136,3.6110849,4.3241549,-2.5257289,11.88825,6.555357,6.155282,3.478158,-.2010137,5.1788559,-.016000301,4.2871952,3.573771,-2.5257289,11.88825,6.555357,6.1471848,3.4499879
MT,67,.079999998,Montana,377000000000,47.051178,-109.63482,145546.06,27,31.299999,699,472.20001,33.400002,2514.5811,118,27.4,1238,.93712568,174.67599,.82035917,75.286858,37.065868,-.064937897,5.1629329,3.6126969,4.3213062,-2.5257289,11.88825,6.5496511,6.157403,3.5085559,-.1980129,5.144136,-.0474023,4.3241549,3.6110849,-2.5257289,11.88825,6.555357,6.155282,3.478158
MT,68,.079999998,Montana,377000000000,47.051178,-109.63482,145546.06,27,32.400002,696,475.10001,34.799999,2639.8442,116.1,32,1306,.93103462,170.08121,.91954023,75.857597,37.52874,-.071458898,5.1362758,3.625107,4.3288579,-2.5257289,11.88825,6.5453501,6.1635251,3.5496171,-.083881497,5.1629329,-.064937897,4.3213062,3.6126969,-2.5257289,11.88825,6.5496511,6.157403,3.5085559
MT,69,.079999998,Montana,377000000000,47.051178,-109.63482,145546.06,27,32.599998,694,471.20001,36.700001,2789.9531,117.4,31.9,1407,.88828331,172.9109,.86920983,76.020523,38.337879,-.1184645,5.1527758,3.6464379,4.3310032,-2.5257289,11.88825,6.5424719,6.155282,3.602777,-.1401708,5.1362758,-.071458898,4.3288579,3.625107,-2.5257289,11.88825,6.5453501,6.1635251,3.5496171
MT,70,.079999998,Montana,377000000000,47.051178,-109.63482,145546.06,27,34,694,482.79999,38.799999,3091.2061,111.2,33.799999,1529,.87628871,159.84419,.87113398,79.670258,39.407219,-.13205969,5.0742002,3.673949,4.3778958,-2.5257289,11.88825,6.5424719,6.1796031,3.6584201,-.13795941,5.1527758,-.1184645,4.3310032,3.6464379,-2.5257289,11.88825,6.5424719,6.155282,3.602777
MT,71,.12,Montana,377000000000,47.051178,-109.63482,145546.06,27,34.700001,710,501.10001,40.5,3224.751,115.6,33.599998,1672,.85679013,163.7917,.8296296,79.623482,41.283951,-.15456229,5.0985951,3.720474,4.3773088,-2.1202641,11.88825,6.5652652,6.216805,3.7013021,-.18677589,5.0742002,-.13205969,4.3778958,3.673949,-2.5257289,11.88825,6.5424719,6.1796031,3.6584201
MT,72,.12,Montana,377000000000,47.051178,-109.63482,145546.06,27,40.099998,718,511.70001,41.799999,3686.4648,122.2,33.700001,1871,.95933008,171.4669,.80622011,88.19294,44.760769,-.04152,5.1443901,3.801332,4.479527,-2.1202641,11.88825,6.5764689,6.2377391,3.7328961,-.21539851,5.0985951,-.15456229,4.3773088,3.720474,-2.1202641,11.88825,6.5652652,6.216805,3.7013021
MT,73,.12,Montana,377000000000,47.051178,-109.63482,145546.06,27,40.900002,726,523.29999,44.400002,4281.7241,119.9,34.400002,2119,.92117119,166.3432,.77477479,96.435226,47.72522,-.082109399,5.1140528,3.8654599,4.568871,-2.1202641,11.88825,6.5875502,6.2601552,3.7932401,-.25518289,5.1443901,-.04152,4.479527,3.801332,-2.1202641,11.88825,6.5764689,6.2377391,3.7328961
MT,74,.12,Montana,377000000000,47.051178,-109.63482,145546.06,27,41.799999,735,534.79999,49.299999,4548.814,121.9,35.799999,2399,.84787017,167.5327,.72616631,92.268044,48.661259,-.1650278,5.1211791,3.8848829,4.5246978,-2.1202641,11.88825,6.5998712,6.2818928,3.8979239,-.31997621,5.1140528,-.082109399,4.568871,3.8654599,-2.1202641,11.88825,6.5875502,6.2601552,3.7932401
MT,75,.12,Montana,377000000000,47.051178,-109.63482,145546.06,27,43.700001,747,548.29999,53.799999,4888.3706,123.7,38.599998,2644,.81226772,168.528,.71747208,90.861908,49.144981,-.20792539,5.1271019,3.8947749,4.5093408,-2.1202641,11.88825,6.616065,6.3068228,3.9852729,-.33202121,5.1211791,-.1650278,4.5246978,3.8848829,-2.1202641,11.88825,6.5998712,6.2818928,3.8979239
MT,76,.12,Montana,377000000000,47.051178,-109.63482,145546.06,27,45.299999,756,559.90002,56.900002,5151.3198,124.9,42.5,2977,.79613352,168.6451,.7469244,90.53286,52.319859,-.22798841,5.1277971,3.957376,4.505713,-2.1202641,11.88825,6.6280408,6.3277578,4.041296,-.29179129,5.1271019,-.20792539,4.5093408,3.8947749,-2.1202641,11.88825,6.616065,6.3068228,3.9852729
MT,77,.12,Montana,377000000000,47.051178,-109.63482,145546.06,27,47.599998,768,572.40002,60.599998,5470.1714,127,43.400002,3347,.78547847,170.3983,.71617168,90.266853,55.23103,-.2414622,5.1381388,4.0115252,4.5027699,-2.1202641,11.88825,6.6437898,6.3498378,4.1042948,-.33383539,5.1277971,-.22798841,4.505713,3.957376,-2.1202641,11.88825,6.6280408,6.3277578,4.041296
MT,78,.12,Montana,377000000000,47.051178,-109.63482,145546.06,27,51.900002,780,584.90002,65.199997,6344.9434,127.2,49.799999,3837,.79601228,169.629,.76380372,97.315086,58.849701,-.22814059,5.1336141,4.074986,4.5779538,-2.1202641,11.88825,6.6592941,6.3714409,4.1774588,-.26944441,5.1381388,-.2414622,4.5027699,4.0115252,-2.1202641,11.88825,6.6437898,6.3498378,4.1042948
MT,79,.12,Montana,377000000000,47.051178,-109.63482,145546.06,27,53.700001,786,591.70001,72.599998,6767.3184,120.3,51.700001,4292,.73966938,159.8036,.71212119,93.213753,59.118462,-.30155191,5.073946,4.0795431,4.5348949,-2.1202641,11.88825,6.6669569,6.3829999,4.284965,-.3395071,5.1336141,-.22814059,4.5779538,4.074986,-2.1202641,11.88825,6.6592941,6.3714409,4.1774588
MT,80,.12,Montana,377000000000,47.051178,-109.63482,145546.06,27,56.700001,787,590.70001,82.400002,7466.1011,122,55.299999,4640,.68810678,162.54269,.67111647,90.608017,56.31068,-.37381119,5.090941,4.0308838,4.5065432,-2.1202641,11.88825,6.6682281,6.3813081,4.4115849,-.39881259,5.073946,-.30155191,4.5348949,4.0795431,-2.1202641,11.88825,6.6669569,6.3829999,4.284965
MT,81,.12,Montana,377000000000,47.051178,-109.63482,145546.06,27,60.400002,793,593.59998,90.900002,8322.2383,121.1,55.900002,5095,.66446638,161.7795,.6149615,91.553772,56.05061,-.40877089,5.0862341,4.0262551,4.5169258,-2.1202641,11.88825,6.6758232,6.3862062,4.5097599,-.48619559,5.090941,-.37381119,4.5065432,4.0308838,-2.1202641,11.88825,6.6682281,6.3813081,4.4115849
MT,82,.12,Montana,377000000000,47.051178,-109.63482,145546.06,27,65.699997,801,599.40002,96.5,8779.8115,122.4,64.300003,5259,.68082899,163.5676,.66632128,90.982513,54.49741,-.38444409,5.0972261,3.998153,4.5106668,-2.1202641,11.88825,6.6858611,6.3959289,4.5695429,-.4059833,5.0862341,-.40877089,4.5169258,4.0262551,-2.1202641,11.88825,6.6758232,6.3862062,4.5097599
MT,83,.12,Montana,377000000000,47.051178,-109.63482,145546.06,27,77.199997,817,611,99.599998,8956.8369,113.7,71,5511,.77510041,152.03419,.71285141,89.928093,55.331329,-.25476271,5.024106,4.013339,4.4990101,-2.1202641,11.88825,6.7056389,6.4150972,4.601162,-.33848229,5.0972261,-.38444409,4.5106668,3.998153,-2.1202641,11.88825,6.6858611,6.3959289,4.5695429
MT,84,.16,Montana,377000000000,47.051178,-109.63482,145546.06,27,91.300003,824,616.70001,103.9,9446.502,110.1,81.699997,5771,.87872958,147.1095,.78633302,90.919167,55.543789,-.12927809,4.9911771,4.0171719,4.5099711,-1.832582,11.88825,6.71417,6.4243832,4.6434288,-.240375,5.024106,-.25476271,4.4990101,4.013339,-2.1202641,11.88825,6.7056389,6.4150972,4.601162
MT,85,.16,Montana,377000000000,47.051178,-109.63482,145546.06,27,95.5,825,618.70001,107.6,9765.3535,103.6,87.400002,5862,.88754648,138.1445,.81226772,90.756073,54.479549,-.1192944,4.9282999,3.9978249,4.5081749,-1.832582,11.88825,6.715384,6.4276199,4.678421,-.20792539,4.9911771,-.12927809,4.5099711,4.0171719,-1.832582,11.88825,6.71417,6.4243832,4.6434288
MT,86,.16,Montana,377000000000,47.051178,-109.63482,145546.06,27,102,817,614.79999,109.6,10476.559,97.800003,97.800003,5806,.93065703,129.96519,.89233577,95.589043,52.974449,-.071864501,4.8672671,3.96981,4.5600581,-1.832582,11.88825,6.7056389,6.4212971,4.6968369,-.1139127,4.9282999,-.1192944,4.5081749,3.9978249,-1.832582,11.88825,6.715384,6.4276199,4.678421
MT,87,.16,Montana,377000000000,47.051178,-109.63482,145546.06,27,106.2,809,610,113.6,10846.137,91.699997,102.7,5962,.93485922,121.6152,.90404928,95.476547,52.482399,-.067359403,4.8008618,3.9604781,4.5588808,-1.832582,11.88825,6.6957989,6.4134588,4.7326841,-.1008714,4.8672671,-.071864501,4.5600581,3.96981,-1.832582,11.88825,6.7056389,6.4212971,4.6968369
MT,88,.16,Montana,377000000000,47.051178,-109.63482,145546.06,27,115.3,805,608,118.3,11371,87.099998,112.9,6302,.97464073,115.3215,.95435327,96.120033,53.271339,-.0256864,4.7477241,3.975399,4.565598,-1.832582,11.88825,6.6908422,6.4101748,4.7732239,-.046721298,4.8008618,-.067359403,4.5588808,3.9604781,-1.832582,11.88825,6.6957989,6.4134588,4.7326841
MT,89,.16,Montana,377000000000,47.051178,-109.63482,145546.06,27,123,806,610,124,12390,86.199997,118.6,6643,.99193549,113.897,.95645159,99.919357,53.572578,-.0080971997,4.7352948,3.9810369,4.604363,-1.832582,11.88825,6.6920838,6.4134588,4.820282,-.044525102,4.7477241,-.0256864,4.565598,3.975399,-1.832582,11.88825,6.6908422,6.4101748,4.7732239
MT,90,.16,Montana,377000000000,47.051178,-109.63482,145546.06,27,140.39999,805,609.20001,130.7,13318,84.699997,129.5,7098,1.074216,111.923,.99081868,101.8975,54.307579,.0715909,4.7178111,3.994664,4.6239672,-1.832582,11.88825,6.6908422,6.412147,4.8729048,-.0092236996,4.7352948,-.0080971997,4.604363,3.9810369,-1.832582,11.88825,6.6920838,6.4134588,4.820282
MT,91,.18000001,Montana,377000000000,47.051178,-109.63482,145546.06,27,143.60001,814.09998,618.40002,136.2,14079,82.900002,127,7594,1.054332,109.1347,.93245232,103.37,55.756241,.052907299,4.6925831,4.0209889,4.6383152,-1.714798,11.88825,6.7020831,6.427135,4.914124,-.069937304,4.7178111,.0715909,4.6239672,3.994664,-1.832582,11.88825,6.6908422,6.412147,4.8729048
MT,92,.18000001,Montana,377000000000,47.051178,-109.63482,145546.06,27,163.5,830.20001,632.59998,140.3,15490,86.599998,155.10001,8198,1.16536,113.6505,1.1054879,110.4063,58.431931,.15302999,4.7331281,4.067863,4.7041669,-1.714798,11.88825,6.7216668,6.4498382,4.9437828,.1002871,4.6925831,.052907299,4.6383152,4.0209889,-1.714798,11.88825,6.7020831,6.427135,4.914124
