Datasets/panel/Baltagi and Levine/cigarette.csv
idstate,year,txrate,name,aland,ycoord,xcoord,land,state,price,pop,pop16,cpi,ndi,sales,pimin,comp,ppp,spp,mppp,ipc,ncom,lnprice,lnsales,lncomp,lnndi,lntxrate,lnland,lnpop,lnpop16,lncpi,lnminp,lnsales_lag,lnprice_lag,lnndi_lag,lncomp_lag,lntxrate_lag,lnland_lag,lnpop_lag,lnpop16_lag,lncpi_lag
NE,63,.059999999,Nebraska,199000000000,41.543812,-99.812325,76823.695,28,25.799999,1468,1002.9,30.6,2055.0955,118.5,25.799999,2092,.8431372,173.455,.8431372,67.159981,68.366013,-.1706256,5.1559181,4.2248759,4.207078,-2.813411,11.24927,7.291656,6.9106512,3.421,-.1706256,,,,,,,,,
NE,64,.059999999,Nebraska,199000000000,41.543812,-99.812325,76823.695,28,27.5,1471,1005.8,31,2135.9253,106.3,25.6,2205,.88709682,155.46561,.82580638,68.900818,71.129044,-.1198012,5.0464239,4.2644958,4.2326679,-2.813411,11.24927,7.2936978,6.913538,3.4339869,-.1913949,5.1559181,-.1706256,4.207078,4.2248759,-2.813411,11.24927,7.291656,6.9106512,3.421
NE,65,.079999998,Nebraska,199000000000,41.543812,-99.812325,76823.695,28,27.6,1459,1001,31.5,2395.5906,110.5,26.1,2303,.87619048,161.0584,.82857138,76.050491,73.111107,-.13217179,5.0817671,4.2919798,4.331398,-2.5257289,11.24927,7.2855072,6.9087548,3.4499879,-.18805221,5.0464239,-.1198012,4.2326679,4.2644958,-2.813411,11.24927,7.2936978,6.913538,3.4339869
NE,66,.079999998,Nebraska,199000000000,41.543812,-99.812325,76823.695,28,29.6,1442,993.20001,32.400002,2588.5715,106.1,26.200001,2475,.91358018,154.0437,.80864203,79.89418,76.388893,-.090384103,5.0372362,4.3358369,4.380703,-2.5257289,11.24927,7.273787,6.9009318,3.478158,-.21239901,5.0817671,-.13217179,4.331398,4.2919798,-2.5257289,11.24927,7.2855072,6.9087548,3.4499879
NE,67,.079999998,Nebraska,199000000000,41.543812,-99.812325,76823.695,28,31.4,1443,1000,33.400002,2670.4116,110,27.4,2671,.94011968,158.73,.82035917,79.952438,79.970047,-.061748099,5.067204,4.3816519,4.3814321,-2.5257289,11.24927,7.2744789,6.9077549,3.5085559,-.1980129,5.0372362,-.090384103,4.380703,4.3358369,-2.5257289,11.24927,7.273787,6.9009318,3.478158
NE,68,.079999998,Nebraska,199000000000,41.543812,-99.812325,76823.695,28,33.200001,1453,1016.5,34.799999,2801.76,109.5,29.200001,2938,.954023,156.5209,.83908051,80.510353,84.425293,-.047067501,5.0531902,4.4358668,4.3883858,-2.5257289,11.24927,7.2813859,6.9241199,3.5496171,-.1754486,5.067204,-.061748099,4.3814321,4.3816519,-2.5257289,11.24927,7.2744789,6.9077549,3.5085559
NE,69,.079999998,Nebraska,199000000000,41.543812,-99.812325,76823.695,28,32.900002,1449,1018.4,36.700001,3106.8921,108.4,29.9,3269,.89645779,154.2337,.8147139,84.656464,89.07357,-.1093041,5.0384688,4.4894629,4.438601,-2.5257289,11.24927,7.2786288,6.9259882,3.602777,-.2049183,5.0531902,-.047067501,4.3883858,4.4358668,-2.5257289,11.24927,7.2813859,6.9241199,3.5496171
NE,70,.079999998,Nebraska,199000000000,41.543812,-99.812325,76823.695,28,33.900002,1483,1059.1,38.799999,3295.8315,108.1,34.099998,3597,.87371141,151.3665,.87886602,84.944107,92.706177,-.13500521,5.0197039,4.5294352,4.4419942,-2.5257289,11.24927,7.3018222,6.9651752,3.6584201,-.1291229,5.0384688,-.1093041,4.438601,4.4894629,-2.5257289,11.24927,7.2786288,6.9259882,3.602777
NE,71,.13,Nebraska,199000000000,41.543812,-99.812325,76823.695,28,34.700001,1505,1084.3,40.5,3540.3416,108.6,34.400002,3890,.85679013,150.7359,.84938282,87.41584,96.049393,-.15456229,5.0155301,4.5648618,4.4706759,-2.040221,11.24927,7.3165479,6.9886899,3.7013021,-.16324539,5.0197039,-.13500521,4.4419942,4.5294352,-2.5257289,11.24927,7.3018222,6.9651752,3.6584201
NE,72,.13,Nebraska,199000000000,41.543812,-99.812325,76823.695,28,41.099998,1520,1104.7,41.799999,3919.2307,104.9,34.400002,4252,.9832536,144.336,.82296658,93.761513,101.7225,-.016888199,4.9721441,4.6222482,4.5407538,-2.040221,11.24927,7.3264661,7.007329,3.7328961,-.1948397,5.0155301,-.15456229,4.4706759,4.5648618,-2.040221,11.24927,7.3165479,6.9886899,3.7013021
NE,73,.13,Nebraska,199000000000,41.543812,-99.812325,76823.695,28,41.200001,1531,1123.1,44.400002,4689.1338,106.6,34.400002,4789,.92792791,145.31619,.77477479,105.6111,107.8604,-.074801199,4.9789119,4.6808381,4.6597638,-2.040221,11.24927,7.3336759,7.0238481,3.7932401,-.25518289,4.9721441,-.016888199,4.5407538,4.6222482,-2.040221,11.24927,7.3264661,7.007329,3.7328961
NE,74,.13,Nebraska,199000000000,41.543812,-99.812325,76823.695,28,42,1541,1141.5,49.299999,4679.0303,110.5,35.799999,5381,.85192698,149.17261,.72616631,94.90934,109.1481,-.16025449,5.0051041,4.6927061,4.5529218,-2.040221,11.24927,7.3401871,7.0400991,3.8979239,-.31997621,4.9789119,-.074801199,4.6597638,4.6808381,-2.040221,11.24927,7.3336759,7.0238481,3.7932401
NE,75,.13,Nebraska,199000000000,41.543812,-99.812325,76823.695,28,44.599998,1546,1155,53.799999,5349.917,114.1,38.599998,5813,.82899618,152.7261,.71747208,99.440826,108.0483,-.1875397,5.028646,4.682579,4.5995631,-2.040221,11.24927,7.3434262,7.051856,3.9852729,-.33202121,5.0051041,-.16025449,4.5529218,4.6927061,-2.040221,11.24927,7.3401871,7.0400991,3.8979239
NE,76,.13,Nebraska,199000000000,41.543812,-99.812325,76823.695,28,46.799999,1555,1171.5,56.900002,5448.9331,118.1,42.599998,6562,.82249558,156.761,.74868178,95.763321,115.3251,-.1954122,5.0547218,4.747756,4.5618801,-2.040221,11.24927,7.3492308,7.06604,4.041296,-.2894412,5.028646,-.1875397,4.5995631,4.682579,-2.040221,11.24927,7.3434262,7.051856,3.9852729
NE,77,.13,Nebraska,199000000000,41.543812,-99.812325,76823.695,28,48.099998,1561,1184.1,60.599998,5813.6772,117.7,43.400002,7250,.79372942,155.164,.71617168,95.935272,119.637,-.2310127,5.0444832,4.784462,4.563673,-2.040221,11.24927,7.3530822,7.0767379,4.1042948,-.33383539,5.0547218,-.1954122,4.5618801,4.747756,-2.040221,11.24927,7.3492308,7.06604,4.041296
NE,78,.13,Nebraska,199000000000,41.543812,-99.812325,76823.695,28,53.599998,1569,1197.7,65.199997,6579.5391,117.4,49.799999,8094,.82208592,153.7953,.76380372,100.9132,124.1411,-.19591039,5.0356231,4.8214188,4.6142612,-2.040221,11.24927,7.3581939,7.0881581,4.1774588,-.26944441,5.0444832,-.2310127,4.563673,4.784462,-2.040221,11.24927,7.3530822,7.0767379,4.1042948
NE,79,.13,Nebraska,199000000000,41.543812,-99.812325,76823.695,28,55.400002,1574,1205.4,72.599998,7449.4688,116.1,51.700001,9105,.76308542,151.60229,.71212119,102.6098,125.4132,-.2703853,5.0212612,4.831614,4.6309328,-2.040221,11.24927,7.3613749,7.0945668,4.284965,-.3395071,5.0356231,-.19591039,4.6142612,4.8214188,-2.040221,11.24927,7.3581939,7.0881581,4.1774588
NE,80,.13,Nebraska,199000000000,41.543812,-99.812325,76823.695,28,59.5,1570,1194.8,82.400002,7640.4287,116.3,55.299999,9950,.72208738,152.8214,.67111647,92.723648,120.7524,-.32560909,5.0292702,4.7937422,4.529624,-2.040221,11.24927,7.3588309,7.0857339,4.4115849,-.39881259,5.0212612,-.2703853,4.6309328,4.831614,-2.040221,11.24927,7.3613749,7.0945668,4.284965
NE,81,.13,Nebraska,199000000000,41.543812,-99.812325,76823.695,28,60.900002,1577,1199.6,90.900002,8947.8496,117,55.900002,10797,.669967,153.80881,.6149615,98.436188,118.7789,-.40052679,5.0357099,4.7772641,4.5894079,-2.040221,11.24927,7.3632798,7.0897441,4.5097599,-.48619559,5.0292702,-.32560909,4.529624,4.7937422,-2.040221,11.24927,7.3588309,7.0857339,4.4115849
NE,82,.18000001,Nebraska,199000000000,41.543812,-99.812325,76823.695,28,69.699997,1586,1205.4,96.5,9097.3848,117.1,64.300003,11325,.72227979,154.07381,.66632128,94.273407,117.3575,-.32534271,5.0374322,4.7652249,4.5461988,-1.714798,11.24927,7.3689699,7.0945668,4.5695429,-.4059833,5.0357099,-.40052679,4.5894079,4.7772641,-2.040221,11.24927,7.3632798,7.0897441,4.5097599
NE,83,.18000001,Nebraska,199000000000,41.543812,-99.812325,76823.695,28,83.699997,1597,1212.2,99.599998,9525.7822,110.8,71,11838,.84036142,145.97231,.71285141,95.640388,118.8554,-.17392319,4.983417,4.7779078,4.560595,-1.714798,11.24927,7.3758821,7.1001921,4.601162,-.33848229,5.0374322,-.32534271,4.5461988,4.7652249,-1.714798,11.24927,7.3689699,7.0945668,4.5695429
NE,84,.18000001,Nebraska,199000000000,41.543812,-99.812325,76823.695,28,94.800003,1606,1220.9,103.9,10599.807,107.7,81.699997,12912,.9124158,141.6711,.78633302,102.0193,124.2733,-.091659501,4.9535079,4.822484,4.6251621,-1.714798,11.24927,7.3815022,7.1073442,4.6434288,-.240375,4.983417,-.17392319,4.560595,4.7779078,-1.714798,11.24927,7.3758821,7.1001921,4.601162
NE,85,.18000001,Nebraska,199000000000,41.543812,-99.812325,76823.695,28,95.800003,1604,1221.9,107.6,11166.625,105.1,87.400002,13626,.89033461,137.96581,.81226772,103.779,126.6357,-.1161579,4.9270058,4.8413138,4.6422639,-1.714798,11.24927,7.3802562,7.1081619,4.678421,-.20792539,4.9535079,-.091659501,4.6251621,4.822484,-1.714798,11.24927,7.3815022,7.1073442,4.6434288
NE,86,.23,Nebraska,199000000000,41.543812,-99.812325,76823.695,28,104,1598,1220,109.6,11542.483,103.1,97.800003,14107,.94890511,135.0441,.89233577,105.3146,128.7135,-.052446499,4.905602,4.8575888,4.6569519,-1.469676,11.24927,7.3765082,7.106606,4.6968369,-.1139127,4.9270058,-.1161579,4.6422639,4.8413138,-1.714798,11.24927,7.3802562,7.1081619,4.678421
NE,87,.23,Nebraska,199000000000,41.543812,-99.812325,76823.695,28,113.7,1594,1219,113.6,11983.005,101.3,102.7,14844,1.00088,132.4628,.90404928,105.4842,130.66901,.00087990001,4.886302,4.8726678,4.6585612,-1.469676,11.24927,7.374002,7.1057858,4.7326841,-.1008714,4.905602,-.052446499,4.6569519,4.8575888,-1.469676,11.24927,7.3765082,7.106606,4.6968369
NE,88,.27000001,Nebraska,199000000000,41.543812,-99.812325,76823.695,28,123.3,1602,1227,118.3,12567,92.900002,112.9,15851,1.0422651,121.2924,.95435327,106.2299,133.9899,.041396599,4.7982039,4.8977642,4.665606,-1.309333,11.24927,7.3790078,7.1123281,4.7732239,-.046721298,4.886302,.00087990001,4.6585612,4.8726678,-1.469676,11.24927,7.374002,7.1057858,4.7326841
NE,89,.27000001,Nebraska,199000000000,41.543812,-99.812325,76823.695,28,139.3,1611,1232,124,13268,93.800003,118.6,16825,1.123387,122.6557,.95645159,107,135.6855,.1163483,4.809381,4.9103398,4.6728292,-1.309333,11.24927,7.3846102,7.116394,4.820282,-.044525102,4.7982039,.041396599,4.665606,4.8977642,-1.309333,11.24927,7.3790078,7.1123281,4.7732239
NE,90,.27000001,Nebraska,199000000000,41.543812,-99.812325,76823.695,28,143.39999,1614.1,1234.3,130.7,15153,89.900002,129.10001,18191,1.097169,117.5627,.98775828,115.9373,139.1813,.092733301,4.7669721,4.9357781,4.7530489,-1.309333,11.24927,7.3865328,7.118259,4.8729048,-.0123173,4.809381,.1163483,4.6728292,4.9103398,-1.309333,11.24927,7.3846102,7.116394,4.820282
NE,91,.27000001,Nebraska,199000000000,41.543812,-99.812325,76823.695,28,152.2,1629.4,1244.7,136.2,15466,92.400002,127,19149,1.117474,120.9581,.93245232,113.5536,140.5947,.1110711,4.795444,4.9458809,4.732275,-1.309333,11.24927,7.395967,7.1266499,4.914124,-.069937304,4.7669721,.092733301,4.7530489,4.9357781,-1.309333,11.24927,7.3865328,7.118259,4.8729048
NE,92,.27000001,Nebraska,199000000000,41.543812,-99.812325,76823.695,28,169.5,1642.7,1255.1,140.3,16992,90.599998,153.10001,20337,1.208125,118.5791,1.091233,121.1119,144.9537,.18907,4.7755799,4.9764142,4.7967148,-1.309333,11.24927,7.4040971,7.1349711,4.9437828,.087308399,4.795444,.1110711,4.732275,4.9458809,-1.309333,11.24927,7.395967,7.1266499,4.914124
