Datasets/panel/Baltagi and Levine/cigarette.csv
idstate,year,txrate,name,aland,ycoord,xcoord,land,state,price,pop,pop16,cpi,ndi,sales,pimin,comp,ppp,spp,mppp,ipc,ncom,lnprice,lnsales,lncomp,lnndi,lntxrate,lnland,lnpop,lnpop16,lncpi,lnminp,lnsales_lag,lnprice_lag,lnndi_lag,lncomp_lag,lntxrate_lag,lnland_lag,lnpop_lag,lnpop16_lag,lncpi_lag
NV,63,.07,Nevada,284300000000,39.331093,-116.61515,109781.25,29,29.9,391,263.20001,30.6,2836.8369,212.7,23.9,1022,.97712421,315.9791,.78104568,92.707077,33.398689,-.0231416,5.7556758,3.508517,4.5294452,-2.65926,11.60625,5.968708,5.5729141,3.421,-.2471216,,,,,,,,,
NV,64,.07,Nevada,284300000000,39.331093,-116.61515,109781.25,29,29.5,418,280.60001,31,2919.303,206.3,24,1109,.95161289,307.3179,.77419353,94.171066,35.774189,-.049596999,5.7278829,3.5772271,4.5451131,-2.65926,11.60625,6.035481,5.63693,3.4339869,-.2559334,5.7556758,-.0231416,4.5294452,3.508517,-2.65926,11.60625,5.968708,5.5729141,3.421
NV,65,.07,Nevada,284300000000,39.331093,-116.61515,109781.25,29,29.700001,434,289.29999,31.5,3016.0632,192.7,24.200001,1176,.94285709,289.08331,.76825398,95.748039,37.333328,-.058840498,5.6667151,3.6198871,4.5617199,-2.65926,11.60625,6.0730438,5.6674638,3.4499879,-.26363489,5.7278829,-.049596999,4.5451131,3.5772271,-2.65926,11.60625,6.035481,5.63693,3.4339869
NV,66,.07,Nevada,284300000000,39.331093,-116.61515,109781.25,29,29.9,435,287.29999,32.400002,3160.1042,184,25.5,1244,.92283952,278.59381,.78703701,97.534081,38.395061,-.080300003,5.629755,3.647929,4.5802021,-2.65926,11.60625,6.075346,5.6605272,3.478158,-.23948,5.6667151,-.058840498,4.5617199,3.6198871,-2.65926,11.60625,6.0730438,5.6674638,3.4499879
NV,67,.07,Nevada,284300000000,39.331093,-116.61515,109781.25,29,30.200001,436,287.29999,33.400002,3332.7334,175.8,26,1315,.90419161,266.7901,.7784431,99.782433,39.37125,-.100714,5.586462,3.6730361,4.6029921,-2.65926,11.60625,6.077642,5.6605272,3.5085559,-.2504594,5.629755,-.080300003,4.5802021,3.647929,-2.65926,11.60625,6.075346,5.6605272,3.478158
NV,68,.07,Nevada,284300000000,39.331093,-116.61515,109781.25,29,32.799999,449,296,34.799999,3639.5078,189.7,31.299999,1496,.94252872,287.75439,.89942533,104.5836,42.98851,-.059188899,5.662107,3.7609329,4.6499858,-2.65926,11.60625,6.1070228,5.6903601,3.5496171,-.1059993,5.586462,-.100714,4.6029921,3.6730361,-2.65926,11.60625,6.077642,5.6605272,3.5085559
NV,69,.07,Nevada,284300000000,39.331093,-116.61515,109781.25,29,33.299999,457,302.79999,36.700001,3897.9019,198.60001,31.9,1725,.90735692,299.73651,.86920983,106.2099,47.00272,-.0972194,5.7029042,3.8502059,4.6654172,-2.65926,11.60625,6.1246829,5.7130718,3.602777,-.1401708,5.662107,-.059188899,4.6499858,3.7609329,-2.65926,11.60625,6.1070228,5.6903601,3.5496171
NV,70,.1,Nevada,284300000000,39.331093,-116.61515,109781.25,29,38.900002,488,341.29999,38.799999,4377.3052,189.5,33.799999,1919,1.0025769,270.95221,.87113398,112.8171,49.458759,.0025740999,5.601943,3.901139,4.725769,-2.3025849,11.60625,6.1903148,5.8327618,3.6584201,-.13795941,5.7029042,-.0972194,4.6654172,3.8502059,-2.65926,11.60625,6.1246829,5.7130718,3.602777
NV,71,.1,Nevada,284300000000,39.331093,-116.61515,109781.25,29,44,514,361.60001,40.5,4597.2148,190.5,33.599998,2129,1.0864201,270.78809,.8296296,113.5115,52.567902,.082887597,5.601337,3.962106,4.731904,-2.3025849,11.60625,6.2422228,5.8905392,3.7013021,-.18677589,5.601943,.0025740999,4.725769,3.901139,-2.3025849,11.60625,6.1903148,5.8327618,3.6584201
NV,72,.1,Nevada,284300000000,39.331093,-116.61515,109781.25,29,40.599998,535,380.89999,41.799999,4786.3374,198.60001,33.700001,2359,.97129178,278.9472,.80622011,114.5057,56.43541,-.0291283,5.631022,4.0330968,4.740624,-2.3025849,11.60625,6.2822671,5.9425368,3.7328961,-.21539851,5.601337,.082887597,4.731904,3.962106,-2.3025849,11.60625,6.2422228,5.8905392,3.7013021
NV,73,.1,Nevada,284300000000,39.331093,-116.61515,109781.25,29,40.299999,551,395.29999,44.400002,5256.9443,201.5,36.299999,2722,.90765762,280.86639,.81756753,118.3996,61.306301,-.096887998,5.6378789,4.1158829,4.774065,-2.3025849,11.60625,6.3117352,5.9796448,3.7932401,-.2014218,5.631022,-.0291283,4.740624,4.0330968,-2.3025849,11.60625,6.2822671,5.9425368,3.7328961
NV,74,.1,Nevada,284300000000,39.331093,-116.61515,109781.25,29,41.900002,573,414.60001,49.299999,5525.2344,204.7,37.799999,3000,.84989858,282.90659,.7667343,112.0737,60.851929,-.1626382,5.6451168,4.1084442,4.7191572,-2.3025849,11.60625,6.3508859,6.0273142,3.8979239,-.26561499,5.6378789,-.096887998,4.774065,4.1158829,-2.3025849,11.60625,6.3117352,5.9796448,3.7932401
NV,75,.1,Nevada,284300000000,39.331093,-116.61515,109781.25,29,44.5,590,431,53.799999,6103.5972,205.2,40.299999,3336,.82713747,280.90021,.74907058,113.4498,62.007431,-.1897843,5.638,4.127254,4.73136,-2.3025849,11.60625,6.3801231,6.0661082,3.9852729,-.28892201,5.6451168,-.1626382,4.7191572,4.1084442,-2.3025849,11.60625,6.3508859,6.0273142,3.8979239
NV,76,.1,Nevada,284300000000,39.331093,-116.61515,109781.25,29,44.900002,610,450.29999,56.900002,6572.0054,201.39999,42.5,3810,.78910369,272.827,.7469244,115.501,66.959579,-.2368575,5.6088381,4.2040892,4.749279,-2.3025849,11.60625,6.4134588,6.1099138,4.041296,-.29179129,5.638,-.1897843,4.73136,4.127254,-2.3025849,11.60625,6.3801231,6.0661082,3.9852729
NV,77,.1,Nevada,284300000000,39.331093,-116.61515,109781.25,29,49.299999,634,472.5,60.599998,7269.1196,190.8,44.700001,4481,.81353128,256.0152,.73762381,119.9525,73.943893,-.2063708,5.5452371,4.3033071,4.787096,-2.3025849,11.60625,6.4520488,6.1580381,4.1042948,-.30432129,5.6088381,-.2368575,4.749279,4.2040892,-2.3025849,11.60625,6.4134588,6.1099138,4.041296
NV,78,.1,Nevada,284300000000,39.331093,-116.61515,109781.25,29,54.299999,666,500.39999,65.199997,8207.0352,187,49.5,5495,.83282208,248.8849,.75920248,125.8748,84.279137,-.18293519,5.5169911,4.434134,4.835288,-2.3025849,11.60625,6.5012898,6.2154078,4.1774588,-.2754868,5.5452371,-.2063708,4.787096,4.3033071,-2.3025849,11.60625,6.4520488,6.1580381,4.1042948
NV,79,.1,Nevada,284300000000,39.331093,-116.61515,109781.25,29,57.099998,702,530.29999,72.599998,9016.3027,183.3,53.700001,6437,.78650129,242.6487,.73966938,124.1915,88.66391,-.24016079,5.4916148,4.4848528,4.821825,-2.3025849,11.60625,6.5539341,6.2734432,4.284965,-.30155191,5.5169911,-.18293519,4.835288,4.434134,-2.3025849,11.60625,6.5012898,6.2154078,4.1774588
NV,80,.1,Nevada,284300000000,39.331093,-116.61515,109781.25,29,63.099998,799,616.20001,82.400002,9886.0469,177.7,56.400002,7388,.76577669,230.41589,.684466,119.9763,89.660187,-.26686469,5.4398861,4.496027,4.7872939,-2.3025849,11.60625,6.6833611,6.4235721,4.4115849,-.3791163,5.4916148,-.24016079,4.821825,4.4848528,-2.3025849,11.60625,6.5539341,6.2734432,4.284965
NV,81,.1,Nevada,284300000000,39.331093,-116.61515,109781.25,29,63.299999,845,651.79999,90.900002,10682.12,171.89999,59.200001,8346,.69636959,222.85291,.65126508,117.5151,91.815178,-.3618747,5.4065118,4.5197778,4.7665672,-2.3025849,11.60625,6.739336,6.4797382,4.5097599,-.4288384,5.4398861,-.26686469,4.7872939,4.496027,-2.3025849,11.60625,6.6833611,6.4235721,4.4115849
NV,82,.1,Nevada,284300000000,39.331093,-116.61515,109781.25,29,71.599998,881,680.79999,96.5,10913.025,165.10001,67.599998,8661,.74196893,213.6503,.70051807,113.0883,89.751297,-.298448,5.3643398,4.4970431,4.728169,-2.3025849,11.60625,6.7810578,6.5232692,4.5695429,-.35593501,5.4065118,-.3618747,4.7665672,4.5197778,-2.3025849,11.60625,6.739336,6.4797382,4.5097599
NV,83,.1,Nevada,284300000000,39.331093,-116.61515,109781.25,29,81.900002,891,689.40002,99.599998,11571.655,159.2,76.5,9109,.82228923,205.75459,.76807231,116.1813,91.455833,-.1956632,5.326684,4.5158558,4.7551522,-2.3025849,11.60625,6.792345,6.5358219,4.601162,-.2638714,5.3643398,-.298448,4.728169,4.4970431,-2.3025849,11.60625,6.7810578,6.5232692,4.5695429
NV,84,.15000001,Nevada,284300000000,39.331093,-116.61515,109781.25,29,99.800003,911,706.79999,103.9,12056.557,136.60001,88.5,9871,.96053898,176.0648,.85178047,116.04,95.004807,-.040260699,5.1708522,4.5539269,4.7539349,-1.89712,11.60625,6.8145428,6.5607481,4.6434288,-.16042639,5.326684,-.1956632,4.7551522,4.5158558,-2.3025849,11.60625,6.792345,6.5358219,4.601162
NV,85,.15000001,Nevada,284300000000,39.331093,-116.61515,109781.25,29,109.3,940,729,107.6,12701.992,146.7,97.599998,10666,1.015799,189.16051,.90706319,118.0483,99.126404,.0156758,5.2425961,4.596396,4.7710929,-1.89712,11.60625,6.84588,6.5916739,4.678421,-.097543202,5.1708522,-.040260699,4.7539349,4.5539269,-1.89712,11.60625,6.8145428,6.5607481,4.6434288
NV,86,.15000001,Nevada,284300000000,39.331093,-116.61515,109781.25,29,106.6,967,751.09998,109.6,13280.354,142.60001,99.900002,11537,.97262782,183.58971,.9114964,121.1711,105.2646,-.0277538,5.2127032,4.656477,4.797204,-1.89712,11.60625,6.874198,6.6215391,4.6968369,-.092667602,5.2425961,.0156758,4.7710929,4.596396,-1.89712,11.60625,6.84588,6.5916739,4.678421
NV,87,.15000001,Nevada,284300000000,39.331093,-116.61515,109781.25,29,114,1007,782,113.6,13991.763,147.7,103.9,12700,1.003521,190.19679,.91461271,123.1669,111.7958,.0035149001,5.2480588,4.7166739,4.81354,-1.89712,11.60625,6.914731,6.6618552,4.7326841,-.089254603,5.2127032,-.0277538,4.797204,4.656477,-1.89712,11.60625,6.874198,6.6215391,4.6968369
NV,88,.2,Nevada,284300000000,39.331093,-116.61515,109781.25,29,129.60001,1054,816,118.3,15121,141.89999,113.5,14379,1.09552,183.28751,.95942521,127.8191,121.5469,.091228999,5.2110562,4.8003001,4.850616,-1.6094379,11.60625,6.9603481,6.7044139,4.7732239,-.041421,5.2480588,.0035149001,4.81354,4.7166739,-1.89712,11.60625,6.914731,6.6618552,4.7326841
NV,89,.2,Nevada,284300000000,39.331093,-116.61515,109781.25,29,145.60001,1111,860,124,16295,137.89999,125.6,16181,1.174194,178.1476,1.012903,131.4113,130.4919,.1605816,5.1826119,4.8713112,4.8783321,-1.6094379,11.60625,7.0130162,6.7569318,4.820282,.0128207,5.2110562,.091228999,4.850616,4.8003001,-1.6094379,11.60625,6.9603481,6.7044139,4.7732239
NV,90,.2,Nevada,284300000000,39.331093,-116.61515,109781.25,29,173.7,1174.5,909.20001,130.7,16142,137.3,130.2,18157,1.328998,177.3634,.99617451,123.5042,138.9212,.28442511,5.1782012,4.933907,4.8162751,-1.6094379,11.60625,7.0685978,6.8125648,4.8729048,-.0038329,5.1826119,.1605816,4.8783321,4.8713112,-1.6094379,11.60625,7.0130162,6.7569318,4.820282
NV,91,.34999999,Nevada,284300000000,39.331093,-116.61515,109781.25,29,186.3,1254.6,965.59998,136.2,16382,115.5,144.39999,19170,1.367841,150.0687,1.0602061,120.279,140.7489,.31323391,5.0110931,4.9469781,4.789814,-1.049822,11.60625,7.134572,6.8727498,4.914124,.058462799,5.1782012,.28442511,4.8162751,4.933907,-1.6094379,11.60625,7.0685978,6.8125648,4.8729048
NV,92,.34999999,Nevada,284300000000,39.331093,-116.61515,109781.25,29,193.8,1296.7,993.90002,140.3,17711,110,165.7,20833,1.381326,143.51241,1.181041,126.2366,148.489,.3230437,4.9664221,5.0005112,4.8381581,-1.049822,11.60625,7.1675782,6.9016371,4.9437828,.1663959,5.0110931,.31323391,4.789814,4.9469781,-1.049822,11.60625,7.134572,6.8727498,4.914124
