Datasets/panel/Baltagi and Levine/cigarette.csv
idstate,year,txrate,name,aland,ycoord,xcoord,land,state,price,pop,pop16,cpi,ndi,sales,pimin,comp,ppp,spp,mppp,ipc,ncom,lnprice,lnsales,lncomp,lnndi,lntxrate,lnland,lnpop,lnpop16,lncpi,lnminp,lnsales_lag,lnprice_lag,lnndi_lag,lncomp_lag,lntxrate_lag,lnland_lag,lnpop_lag,lnpop16_lag,lncpi_lag
NH,63,.035,New Hampshire,23190000000,43.672691,-71.584312,8952.6504,30,24.200001,646,446.20001,30.6,2320.2444,221.39999,26.700001,1048,.79084969,320.53879,.87254912,75.824982,34.248371,-.23464739,5.7700028,3.533639,4.3284278,-3.352407,9.0997047,6.470799,6.1007671,3.421,-.1363364,,,,,,,,,
NH,64,.035,New Hampshire,23190000000,43.672691,-71.584312,8952.6504,30,24.700001,659,454.89999,31,2487.4187,223.89999,26.799999,1120,.79677421,324.35721,.86451608,80.239311,36.129028,-.22718389,5.781846,3.5870969,4.3850141,-3.352407,9.0997047,6.4907241,6.1200781,3.4339869,-.1455854,5.7700028,-.23464739,4.3284278,3.533639,-3.352407,9.0997047,6.470799,6.1007671,3.421
NH,65,.035,New Hampshire,23190000000,43.672691,-71.584312,8952.6504,30,24.700001,673,465.5,31.5,2632.1536,233.8,27.200001,1206,.784127,338.01801,.86349207,83.560432,38.285709,-.2431843,5.8230991,3.645077,4.42557,-3.352407,9.0997047,6.511745,6.1431122,3.4499879,-.1467706,5.781846,-.22718389,4.3850141,3.5870969,-3.352407,9.0997047,6.4907241,6.1200781,3.4339869
NH,66,.045000002,New Hampshire,23190000000,43.672691,-71.584312,8952.6504,30,25.9,676,468.39999,32.400002,2845.3289,287.60001,29.6,1347,.79938269,415.0675,.91358018,87.818787,41.57407,-.2239155,6.028441,3.7274771,4.475276,-3.1010931,9.0997047,6.5161929,6.149323,3.478158,-.090384103,5.8230991,-.2431843,4.42557,3.645077,-3.352407,9.0997047,6.511745,6.1431122,3.4499879
NH,67,.045000002,New Hampshire,23190000000,43.672691,-71.584312,8952.6504,30,26.5,691,480,33.400002,3025.9668,297.89999,30.299999,1480,.79341322,428.8519,.90718561,90.597801,44.311371,-.2314112,6.061111,3.7912409,4.5064301,-3.1010931,9.0997047,6.5381398,6.1737862,3.5085559,-.097408302,6.028441,-.2239155,4.475276,3.7274771,-3.1010931,9.0997047,6.5161929,6.149323,3.478158
NH,68,.07,New Hampshire,23190000000,43.672691,-71.584312,8952.6504,30,29.9,703,489.60001,34.799999,3259.3376,264,32,1636,.85919541,379.0686,.91954023,93.659126,47.01149,-.15175889,5.937717,3.8503921,4.5396619,-2.65926,9.0997047,6.555357,6.1935892,3.5496171,-.083881497,6.061111,-.2314112,4.5064301,3.7912409,-3.1010931,9.0997047,6.5381398,6.1737862,3.5085559
NH,69,.07,New Hampshire,23190000000,43.672691,-71.584312,8952.6504,30,29.9,717,505,36.700001,3493.8303,248.5,33.400002,1779,.8147139,352.8208,.91008168,95.199738,48.47411,-.2049183,5.8659601,3.8810301,4.5559769,-2.65926,9.0997047,6.5750761,6.2245579,3.602777,-.094220899,5.937717,-.15175889,4.5396619,3.8503921,-2.65926,9.0997047,6.555357,6.1935892,3.5496171
NH,70,.07,New Hampshire,23190000000,43.672691,-71.584312,8952.6504,30,31.4,737,517.59998,38.799999,3659.8828,265.70001,37.700001,1897,.80927843,378.3248,.97164953,94.326881,48.89175,-.2116123,5.9357529,3.8896091,4.5467658,-2.65926,9.0997047,6.6025882,6.2492032,3.6584201,-.0287601,5.8659601,-.2049183,4.5559769,3.8810301,-2.65926,9.0997047,6.5750761,6.2245579,3.602777
NH,71,.085000001,New Hampshire,23190000000,43.672691,-71.584312,8952.6504,30,34.099998,759,537.79999,40.5,3880.9119,278,38.799999,2024,.84197527,392.3429,.95802468,95.824982,49.975311,-.1720046,5.972136,3.9115291,4.5625229,-2.4651041,9.0997047,6.6320019,6.287487,3.7013021,-.042881701,5.9357529,-.2116123,4.5467658,3.8896091,-2.65926,9.0997047,6.6025882,6.2492032,3.6584201
NH,72,.11,New Hampshire,23190000000,43.672691,-71.584312,8952.6504,30,36.099998,775,554.20001,41.799999,4114.2827,296.20001,40,2250,.86363631,414.20969,.95693779,98.427818,53.827751,-.14660349,6.026372,3.9857891,4.589324,-2.2072749,9.0997047,6.652863,6.3175259,3.7328961,-.044016901,5.972136,-.1720046,4.5625229,3.9115291,-2.4651041,9.0997047,6.6320019,6.287487,3.7013021
NH,73,.11,New Hampshire,23190000000,43.672691,-71.584312,8952.6504,30,36.900002,793,571.5,44.400002,4600.0977,279,39.799999,2575,.83108109,387.13391,.89639628,103.6058,57.995491,-.1850279,5.9587698,4.0603652,4.6405931,-2.2072749,9.0997047,6.6758232,6.3482652,3.7932401,-.1093726,6.026372,-.14660349,4.589324,3.9857891,-2.2072749,9.0997047,6.652863,6.3175259,3.7328961
NH,74,.11,New Hampshire,23190000000,43.672691,-71.584312,8952.6504,30,37.900002,805,586.90002,49.299999,4961.374,269.79999,41.299999,2798,.76876271,370.06131,.8377282,100.6364,56.75457,-.26297289,5.9136691,4.0387359,4.6115141,-2.2072749,9.0997047,6.6908422,6.374855,3.8979239,-.1770616,5.9587698,-.1850279,4.6405931,4.0603652,-2.2072749,9.0997047,6.6758232,6.3482652,3.7932401
NH,75,.11,New Hampshire,23190000000,43.672691,-71.584312,8952.6504,30,40.799999,815,599.5,53.799999,5317.04,269.10001,41.799999,2930,.75836432,365.8324,.77695167,98.829742,54.460972,-.27659139,5.9021749,3.997484,4.593399,-2.2072749,9.0997047,6.7031879,6.3960962,3.9852729,-.25237709,5.9136691,-.26297289,4.6115141,4.0387359,-2.2072749,9.0997047,6.6908422,6.374855,3.8979239
NH,76,.12,New Hampshire,23190000000,43.672691,-71.584312,8952.6504,30,43.900002,829,615.90002,56.900002,5830.9043,290.5,47.099998,3370,.77152902,391.0123,.82776803,102.4763,59.226711,-.259381,5.968739,4.0813732,4.629632,-2.1202641,9.0997047,6.7202201,6.4230852,4.041296,-.18902241,5.9021749,-.27659139,4.593399,3.997484,-2.2072749,9.0997047,6.7031879,6.3960962,3.9852729
NH,77,.12,New Hampshire,23190000000,43.672691,-71.584312,8952.6504,30,45,850,638,60.599998,6362.7207,278.79999,47,3841,.74257427,371.44199,.7755776,104.9954,63.382839,-.2976324,5.9173932,4.1491928,4.6539159,-2.1202641,9.0997047,6.7452359,6.4583378,4.1042948,-.2541472,5.968739,-.259381,4.629632,4.0813732,-2.1202641,9.0997047,6.7202201,6.4230852,4.041296
NH,78,.12,New Hampshire,23190000000,43.672691,-71.584312,8952.6504,30,49.700001,869,658.29999,65.199997,7041.5156,269.60001,52.5,4493,.76226997,355.89001,.80521482,107.9987,68.911049,-.27145451,5.8746219,4.2328172,4.6821189,-2.1202641,9.0997047,6.767343,6.4896612,4.1774588,-.2166463,5.9173932,-.2976324,4.6539159,4.1491928,-2.1202641,9.0997047,6.7452359,6.4583378,4.1042948
NH,79,.12,New Hampshire,23190000000,43.672691,-71.584312,8952.6504,30,53.200001,887,676.59998,72.599998,7863.9233,254.60001,54.5,5147,.73278242,333.77209,.75068867,108.3185,70.895317,-.31090641,5.8104591,4.2612038,4.6850762,-2.1202641,9.0997047,6.7878451,6.5170798,4.284965,-.2867642,5.8746219,-.27145451,4.6821189,4.2328172,-2.1202641,9.0997047,6.767343,6.4896612,4.1774588
NH,80,.12,New Hampshire,23190000000,43.672691,-71.584312,8952.6504,30,55.299999,921,702.59998,82.400002,8721.1123,247.8,58.900002,5746,.67111647,324.82751,.71480578,105.8387,69.733009,-.39881259,5.7832942,4.2446742,4.6619172,-2.1202641,9.0997047,6.82546,6.5547881,4.4115849,-.33574429,5.8104591,-.31090641,4.6850762,4.2612038,-2.1202641,9.0997047,6.7878451,6.5170798,4.284965
NH,81,.12,New Hampshire,23190000000,43.672691,-71.584312,8952.6504,30,58.400002,936,719,90.900002,9604.1064,245.39999,61,6391,.64246428,319.46371,.67106712,105.6557,70.308029,-.44244409,5.766644,4.2528858,4.6601858,-2.1202641,9.0997047,6.8416162,6.5778608,4.5097599,-.39888611,5.7832942,-.39881259,4.6619172,4.2446742,-2.1202641,9.0997047,6.82546,6.5547881,4.4115849
NH,82,.12,New Hampshire,23190000000,43.672691,-71.584312,8952.6504,30,67,951,733.40002,96.5,10404.075,239.8,66.800003,6963,.69430047,310.9487,.69222802,107.8142,72.155441,-.3648504,5.7396278,4.2788229,4.6804099,-2.1202641,9.0997047,6.8575139,6.5976911,4.5695429,-.3678399,5.766644,-.44244409,4.6601858,4.2528858,-2.1202641,9.0997047,6.8416162,6.5778608,4.5097599
NH,83,.12,New Hampshire,23190000000,43.672691,-71.584312,8952.6504,30,74.699997,959,742.09998,99.599998,11282.581,232.89999,77,7720,.75,300.97171,.77309239,113.2789,77.51004,-.28768209,5.707016,4.3504081,4.7298532,-2.1202641,9.0997047,6.865891,6.6094842,4.601162,-.2573567,5.7396278,-.3648504,4.6804099,4.2788229,-2.1202641,9.0997047,6.8575139,6.5976911,4.5695429
NH,84,.17,New Hampshire,23190000000,43.672691,-71.584312,8952.6504,30,90.5,977,760.40002,103.9,12609.878,215.10001,90.599998,8642,.87102979,276.37119,.87199229,121.3655,83.176132,-.13807911,5.6217451,4.4209599,4.7988071,-1.771957,9.0997047,6.8844872,6.6338449,4.6434288,-.13697471,5.707016,-.28768209,4.7298532,4.3504081,-2.1202641,9.0997047,6.865891,6.6094842,4.601162
NH,85,.17,New Hampshire,23190000000,43.672691,-71.584312,8952.6504,30,89.199997,998,778.70001,107.6,13589.362,201.10001,95.5,9676,.82899618,257.73441,.88754648,126.2952,89.925652,-.1875397,5.55193,4.4989829,4.8386221,-1.771957,9.0997047,6.9057531,6.6576262,4.678421,-.1192944,5.6217451,-.13807911,4.7988071,4.4209599,-1.771957,9.0997047,6.8844872,6.6338449,4.6434288
NH,86,.17,New Hampshire,23190000000,43.672691,-71.584312,8952.6504,30,100,1027,802.79999,109.6,14550.895,195.89999,104.9,10845,.91240883,250.6095,.95711678,132.7636,98.950729,-.091667198,5.5238962,4.5946221,4.8885698,-1.771957,9.0997047,6.9343972,6.6881061,4.6968369,-.043829799,5.55193,-.1875397,4.8386221,4.4989829,-1.771957,9.0997047,6.9057531,6.6576262,4.678421
NH,87,.17,New Hampshire,23190000000,43.672691,-71.584312,8952.6504,30,102,1057,825,113.6,15902.875,195.10001,113.8,12087,.89788729,249.96449,1.001761,139.9901,106.3997,-.1077107,5.5213189,4.667202,4.9415722,-1.771957,9.0997047,6.9631901,6.715384,4.7326841,.0017591,5.5238962,-.091667198,4.8885698,4.5946221,-1.771957,9.0997047,6.9343972,6.6881061,4.6968369
NH,88,.17,New Hampshire,23190000000,43.672691,-71.584312,8952.6504,30,113.5,1085,843,118.3,17201,180.39999,123.7,13323,.95942521,232.18739,1.045647,145.4015,112.6205,-.041421,5.4475451,4.7240229,4.9794989,-1.771957,9.0997047,6.9893351,6.7369671,4.7732239,.044635501,5.5213189,-.1077107,4.9415722,4.667202,-1.771957,9.0997047,6.9631901,6.715384,4.7326841
NH,89,.17,New Hampshire,23190000000,43.672691,-71.584312,8952.6504,30,125.9,1107,858,124,17829,172.89999,129.7,13860,1.015323,223.0773,1.0459681,143.7823,111.7742,.0152064,5.4075179,4.7164812,4.9682999,-1.771957,9.0997047,7.009409,6.7546039,4.820282,.044942498,5.4475451,-.041421,4.9794989,4.7240229,-1.771957,9.0997047,6.9893351,6.7369671,4.7732239
NH,90,.17,New Hampshire,23190000000,43.672691,-71.584312,8952.6504,30,135.89999,1111,861.09998,130.7,18475,152.39999,143.7,13950,1.039786,196.62801,1.0994641,141.3542,106.733,.039014701,5.2813139,4.67033,4.9512691,-1.771957,9.0997047,7.0130162,6.7582111,4.8729048,.094823197,5.4075179,.0152064,4.9682999,4.7164812,-1.771957,9.0997047,7.009409,6.7546039,4.820282
NH,91,.20999999,New Hampshire,23190000000,43.672691,-71.584312,8952.6504,30,153.89999,1107,855.09998,136.2,18710,144.8,150.10001,13856,1.129956,187.45599,1.102056,137.37151,101.7327,.1221786,5.2335439,4.6223488,4.922689,-1.560648,9.0997047,7.009409,6.7512178,4.914124,.097177401,5.2813139,.039014701,4.9512691,4.67033,-1.771957,9.0997047,7.0130162,6.7582111,4.8729048
NH,92,.25,New Hampshire,23190000000,43.672691,-71.584312,8952.6504,30,164.39999,1113,965.5,140.3,20889,143.7,168,14665,1.171775,165.65311,1.1974339,148.88811,104.526,.15851951,5.1098962,4.649436,5.0031948,-1.386294,9.0997047,7.0148139,6.8726459,4.9437828,.180181,5.2335439,.1221786,4.922689,4.6223488,-1.560648,9.0997047,7.009409,6.7512178,4.914124
