Datasets/panel/Baltagi and Levine/cigarette.csv
idstate,year,txrate,name,aland,ycoord,xcoord,land,state,price,pop,pop16,cpi,ndi,sales,pimin,comp,ppp,spp,mppp,ipc,ncom,lnprice,lnsales,lncomp,lnndi,lntxrate,lnland,lnpop,lnpop16,lncpi,lnminp,lnsales_lag,lnprice_lag,lnndi_lag,lncomp_lag,lntxrate_lag,lnland_lag,lnpop_lag,lnpop16_lag,lncpi_lag
NJ,63,.079999998,New Jersey,19050000000,40.107273,-74.665199,7354.2202,31,28.799999,6542,4606.3999,30.6,2856.5117,141.39999,26.200001,13745,.94117641,200.81599,.85620922,93.350052,449.18301,-.0606247,5.3023891,6.10743,4.536356,-2.5257289,8.9030294,8.7859983,8.4352016,3.421,-.1552406,,,,,,,,,
NJ,64,.079999998,New Jersey,19050000000,40.107273,-74.665199,7354.2202,31,30,6680,4702.3999,31,3057.5662,135.60001,26.9,14582,.96774191,192.6268,.86774188,98.631157,470.38708,-.032789901,5.2607551,6.1535559,4.5913868,-2.5257289,8.9030294,8.8068733,8.4558287,3.4339869,-.1418609,5.3023891,-.0606247,4.536356,6.10743,-2.5257289,8.9030294,8.7859983,8.4352016,3.421
NJ,65,.079999998,New Jersey,19050000000,40.107273,-74.665199,7354.2202,31,30,6781,4773.2998,31.5,3219.0688,138,26.5,15649,.95238101,196.0443,.84126991,102.1927,496.79361,-.048790202,5.2783399,6.2081752,4.6268601,-2.5257289,8.9030294,8.8218794,8.4707928,3.4499879,-.1728428,5.2607551,-.032789901,4.5913868,6.1535559,-2.5257289,8.9030294,8.8068733,8.4558287,3.4339869
NJ,66,.11,New Jersey,19050000000,40.107273,-74.665199,7354.2202,31,30.1,6911,4877.1001,32.400002,3436.6033,144.89999,29.799999,17110,.9290123,205.3277,.91975302,106.068,528.08643,-.073633298,5.3246069,6.2692599,4.6640811,-2.2072749,8.9030294,8.8408699,8.4923058,3.478158,-.083650097,5.2783399,-.048790202,4.6268601,6.2081752,-2.5257289,8.9030294,8.8218794,8.4707928,3.4499879
NJ,67,.11,New Jersey,19050000000,40.107273,-74.665199,7354.2202,31,34.200001,6981,4945,33.400002,3633.2632,131.10001,30.1,18349,1.023952,185.0777,.90119761,108.7803,549.37122,.0236698,5.2207761,6.308774,4.6893311,-2.2072749,8.9030294,8.8509474,8.5061321,3.5085559,-.1040308,5.3246069,-.073633298,4.6640811,6.2692599,-2.2072749,8.9030294,8.8408699,8.4923058,3.478158
NJ,68,.14,New Jersey,19050000000,40.107273,-74.665199,7354.2202,31,34.5,7070,5037.2002,34.799999,3909.0264,130.2,32,20047,.99137932,182.74319,.91954023,112.3283,576.06317,-.0086580999,5.2080822,6.3562169,4.721426,-1.966113,8.9030294,8.863616,8.5246058,3.5496171,-.083881497,5.2207761,.0236698,4.6893311,6.308774,-2.2072749,8.9030294,8.8509474,8.5061321,3.5085559
NJ,69,.14,New Jersey,19050000000,40.107273,-74.665199,7354.2202,31,38.599998,7148,5163.2998,36.700001,4139.7446,121.2,32.200001,21986,1.051771,167.7876,.87738419,112.7996,599.07349,.050475501,5.1226988,6.3953838,4.7256131,-1.966113,8.9030294,8.874588,8.5493307,3.602777,-.13081031,5.2080822,-.0086580999,4.721426,6.3562169,-1.966113,8.9030294,8.863616,8.5246058,3.5496171
NJ,70,.14,New Jersey,19050000000,40.107273,-74.665199,7354.2202,31,41,7168,5153.6001,38.799999,4505.5977,120.7,38.400002,23913,1.0567009,167.8783,.98969078,116.1236,616.31451,.055151802,5.12324,6.4237571,4.7546549,-1.966113,8.9030294,8.8773823,8.547451,3.6584201,-.0103627,5.1226988,.050475501,4.7256131,6.3953838,-1.966113,8.9030294,8.874588,8.5493307,3.602777
NJ,71,.14,New Jersey,19050000000,40.107273,-74.665199,7354.2202,31,41.700001,7273,5275.7998,40.5,4830.8008,125.1,41.299999,25553,1.0296299,172.4577,1.019753,119.279,630.93829,.0291992,5.1501522,6.4472079,4.781466,-1.966113,8.9030294,8.8919239,8.5708857,3.7013021,.019560499,5.12324,.055151802,4.7546549,6.4237571,-1.966113,8.9030294,8.8773823,8.547451,3.6584201
NJ,72,.19,New Jersey,19050000000,40.107273,-74.665199,7354.2202,31,42.099998,7322,5359.2002,41.799999,5094.4785,128.39999,42.700001,27896,1.007177,175.4263,1.021531,121.8775,667.36841,.0071514002,5.1672192,6.5033422,4.8030162,-1.660731,8.9030294,8.8986387,8.5865698,3.7328961,.021302599,5.1501522,.0291992,4.781466,6.4472079,-1.966113,8.9030294,8.8919239,8.5708857,3.7013021
NJ,73,.19,New Jersey,19050000000,40.107273,-74.665199,7354.2202,31,48.900002,7316,5402.8999,44.400002,5593.2695,120.2,44,30985,1.101351,162.76131,.99099088,125.9745,697.86041,.096538,5.0922852,6.5480189,4.8360801,-1.660731,8.9030294,8.8978186,8.5946913,3.7932401,-.0090498999,5.1672192,.0071514002,4.8030162,6.5033422,-1.660731,8.9030294,8.8986387,8.5865698,3.7328961
NJ,74,.19,New Jersey,19050000000,40.107273,-74.665199,7354.2202,31,50.200001,7312,5450.3999,49.299999,6039.3247,121.4,44.200001,33524,1.0182559,162.8645,.89655173,122.5015,680,.018091001,5.0929189,6.5220928,4.8081241,-1.660731,8.9030294,8.8972721,8.6034441,3.8979239,-.1091993,5.0922852,.096538,4.8360801,6.5480189,-1.660731,8.9030294,8.8978186,8.5946913,3.7932401
NJ,75,.19,New Jersey,19050000000,40.107273,-74.665199,7354.2202,31,52.799999,7313,5503.7998,53.799999,6568.8784,122.3,45.900002,34827,.98141259,162.5023,.8531599,122.0981,647.34198,-.0187623,5.090692,6.4728751,4.8048248,-1.660731,8.9030294,8.8974075,8.6131945,3.9852729,-.15880831,5.0929189,.018091001,4.8081241,6.5220928,-1.660731,8.9030294,8.8972721,8.6034441,3.8979239
NJ,76,.19,New Jersey,19050000000,40.107273,-74.665199,7354.2202,31,53.599998,7312,5554.2998,56.900002,7036.9067,122.4,50.099998,38145,.94200349,161.1344,.88049197,123.6715,670.3866,-.059746299,5.0822392,6.507854,4.8176279,-1.660731,8.9030294,8.8972721,8.6223278,4.041296,-.12727439,5.090692,-.0187623,4.8048248,6.4728751,-1.660731,8.9030294,8.8974075,8.6131945,3.9852729
NJ,77,.19,New Jersey,19050000000,40.107273,-74.665199,7354.2202,31,56.900002,7306,5596.8999,60.599998,7551.0786,122.8,51.700001,41754,.93894392,160.2989,.85313529,124.6053,689.00989,-.062999502,5.0770402,6.5352559,4.825151,-1.660731,8.9030294,8.896451,8.6299677,4.1042948,-.15883709,5.0822392,-.059746299,4.8176279,6.507854,-1.660731,8.9030294,8.8972721,8.6223278,4.041296
NJ,78,.19,New Jersey,19050000000,40.107273,-74.665199,7354.2202,31,61.900002,7316,5649.2998,65.199997,8326.7314,123.9,57.400002,46734,.9493866,160.4539,.88036817,127.7106,716.77917,-.051939201,5.0780072,6.5747681,4.8497672,-1.660731,8.9030294,8.8978186,8.639287,4.1774588,-.12741511,5.0770402,-.062999502,4.825151,6.5352559,-1.660731,8.9030294,8.896451,8.6299677,4.1042948
NJ,79,.19,New Jersey,19050000000,40.107273,-74.665199,7354.2202,31,63.5,7332,5702.7002,72.599998,9119.9629,123.8,60,51884,.87465572,159.1705,.82644629,125.6193,714.65558,-.13392501,5.0699759,6.5718012,4.8332558,-1.660731,8.9030294,8.9000034,8.648695,4.284965,-.1906203,5.0780072,-.051939201,4.8497672,6.5747681,-1.660731,8.9030294,8.8978186,8.639287,4.1774588
NJ,80,.19,New Jersey,19050000000,40.107273,-74.665199,7354.2202,31,66.400002,7364,6708.7998,82.400002,10118.644,124.3,61.299999,57332,.80582517,136.4395,.74393201,122.7991,695.77667,-.2158884,4.9158812,6.5450292,4.8105488,-1.660731,8.9030294,8.9043589,8.8111753,4.4115849,-.2958056,5.0699759,-.13392501,4.8332558,6.5718012,-1.660731,8.9030294,8.9000034,8.648695,4.284965
NJ,81,.19,New Jersey,19050000000,40.107273,-74.665199,7354.2202,31,68.699997,7404,5804.6001,90.900002,11177.75,127.9,64.800003,62997,.75577551,163.1416,.71287131,122.9675,693.03632,-.28001091,5.0946178,6.5410819,4.8119211,-1.660731,8.9030294,8.9097757,8.6664057,4.5097599,-.3384544,4.9158812,-.2158884,4.8105488,6.5450292,-1.660731,8.9030294,8.9043589,8.8111753,4.4115849
NJ,82,.23999999,New Jersey,19050000000,40.107273,-74.665199,7354.2202,31,76.199997,7438,5852.1001,96.5,12130.287,126.3,69.800003,67682,.78963733,160.5269,.72331607,125.7025,701.36792,-.2361816,5.0784621,6.5530319,4.8339181,-1.427116,8.9030294,8.9143572,8.6745558,4.5695429,-.32390901,5.0946178,-.28001091,4.8119211,6.5410819,-1.660731,8.9030294,8.9097757,8.6664057,4.5097599
NJ,83,.23999999,New Jersey,19050000000,40.107273,-74.665199,7354.2202,31,92.099998,7468,5898.7002,99.599998,13182.802,121.3,81.699997,73593,.92469883,153.5708,.82028109,132.3575,738.88562,-.078287303,5.034162,6.6051431,4.8855062,-1.427116,8.9030294,8.9183826,8.6824865,4.601162,-.1981082,5.0784621,-.2361816,4.8339181,6.5530319,-1.427116,8.9030294,8.9143572,8.6745558,4.5695429
NJ,84,.25,New Jersey,19050000000,40.107273,-74.665199,7354.2202,31,101.1,7515,5957.7998,103.9,14383.635,117.8,91.099998,81680,.97305101,148.5896,.87680459,138.4373,786.1405,-.0273188,5.0011878,6.6671362,4.930418,-1.386294,8.9030294,8.9246559,8.6924562,4.6434288,-.1314711,5.034162,-.078287303,4.8855062,6.6051431,-1.427116,8.9030294,8.9183826,8.6824865,4.601162
NJ,85,.25,New Jersey,19050000000,40.107273,-74.665199,7354.2202,31,104.7,7568,6014.1001,107.6,15321.89,116.9,98.699997,88217,.97304833,147.1042,.91728622,142.3967,819.8606,-.027321501,4.9911408,6.7091341,4.9586172,-1.386294,8.9030294,8.9316835,8.7018623,4.678421,-.086335696,5.0011878,-.0273188,4.930418,6.6671362,-1.386294,8.9030294,8.9246559,8.6924562,4.6434288
NJ,86,.25,New Jersey,19050000000,40.107273,-74.665199,7354.2202,31,114.5,7625,6075.2002,109.6,16133.798,115.5,104.9,95442,1.044708,144.9644,.95711678,147.20621,870.82123,.0437374,4.9764881,6.7694368,4.9918342,-1.386294,8.9030294,8.939188,8.7119703,4.6968369,-.043829799,4.9911408,-.027321501,4.9586172,6.7091341,-1.386294,8.9030294,8.9316835,8.7018623,4.678421
NJ,87,.25,New Jersey,19050000000,40.107273,-74.665199,7354.2202,31,119.6,7672,6083,113.6,17317.053,111.6,110,104338,1.052817,140.75211,.96830988,152.4388,918.46832,.0514693,4.947001,6.8227081,5.026763,-1.386294,8.9030294,8.9453325,8.713253,4.7326841,-.032203101,4.9764881,.0437374,4.9918342,6.7694368,-1.386294,8.9030294,8.939188,8.7119703,4.6968369
NJ,88,.27000001,New Jersey,19050000000,40.107273,-74.665199,7354.2202,31,131.8,7721,6119,118.3,18998,107.8,112.3,114686,1.114117,136.0229,.94928151,160.59171,969.4505,.1080619,4.9128232,6.876729,5.0788651,-1.309333,8.9030294,8.9516993,8.7191544,4.7732239,-.052049901,4.947001,.0514693,5.026763,6.8227081,-1.386294,8.9030294,8.9453325,8.713253,4.7326841
NJ,89,.27000001,New Jersey,19050000000,40.107273,-74.665199,7354.2202,31,139.5,7736,6112,124,20218,103,122.8,120584,1.125,130.3678,.99032259,163.0484,972.4516,.117783,4.8703599,6.8798199,5.0940471,-1.309333,8.9030294,8.95364,8.718009,4.820282,-.0097244997,4.9128232,.1080619,5.0788651,6.876729,-1.309333,8.9030294,8.9516993,8.7191544,4.7732239
NJ,90,.27000001,New Jersey,19050000000,40.107273,-74.665199,7354.2202,31,149.3,7740,6115.2002,130.7,21328,98.599998,133.7,125919,1.142311,124.7979,1.022953,163.18291,963.41998,.1330532,4.826695,6.8704901,5.094872,-1.309333,8.9030294,8.9541569,8.7185326,4.8729048,.0226938,4.8703599,.117783,5.0940471,6.8798199,-1.309333,8.9030294,8.95364,8.718009,4.820282
NJ,91,.27000001,New Jersey,19050000000,40.107273,-74.665199,7354.2202,31,180.39999,7770,6100.2002,136.2,21884,86.699997,143.2,127766,1.324523,110.4323,1.0513951,160.67551,938.07642,.2810522,4.704402,6.843832,5.0793872,-1.309333,8.9030294,8.958025,8.7160769,4.914124,.050117899,4.826695,.1330532,5.094872,6.8704901,-1.309333,8.9030294,8.9541569,8.7185326,4.8729048
NJ,92,.40000001,New Jersey,19050000000,40.107273,-74.665199,7354.2202,31,191.10001,7799.1001,6104.2002,140.3,23074,86.599998,174.7,134559,1.3620811,110.6455,1.245189,164.4619,959.08051,.3090139,4.7063308,6.8659749,5.1026788,-.91629082,8.9030294,8.9617634,8.716732,4.9437828,.2192872,4.704402,.2810522,5.0793872,6.843832,-1.309333,8.9030294,8.958025,8.7160769,4.914124
