Datasets/panel/Baltagi and Levine/cigarette.csv
idstate,year,txrate,name,aland,ycoord,xcoord,land,state,price,pop,pop16,cpi,ndi,sales,pimin,comp,ppp,spp,mppp,ipc,ncom,lnprice,lnsales,lncomp,lnndi,lntxrate,lnland,lnpop,lnpop16,lncpi,lnminp,lnsales_lag,lnprice_lag,lnndi_lag,lncomp_lag,lntxrate_lag,lnland_lag,lnpop_lag,lnpop16_lag,lncpi_lag
NM,63,.079999998,New Mexico,314200000000,34.434685,-106.13162,121298.47,32,30.1,990,609.29999,30.6,1834.6918,92.5,23.9,1480,.9836601,150.29539,.78104568,59.957241,48.366009,-.016474901,5.0126028,3.8787971,4.0936322,-2.5257289,11.70601,6.8977051,6.4123111,3.421,-.2471216,,,,,,,,,
NM,64,.079999998,New Mexico,314200000000,34.434685,-106.13162,121298.47,32,30.200001,1008,621.90002,31,1931.0341,89.900002,24,1587,.97419357,145.7135,.77419353,62.29142,51.19355,-.0261453,4.9816418,3.9356141,4.131824,-2.5257289,11.70601,6.9157228,6.4327788,3.4339869,-.2559334,5.0126028,-.016474901,4.0936322,3.8787971,-2.5257289,11.70601,6.8977051,6.4123111,3.421
NM,65,.079999998,New Mexico,314200000000,34.434685,-106.13162,121298.47,32,30.200001,1014,629.59998,31.5,2031.5651,96.300003,24.200001,1682,.95873022,155.0956,.76825398,64.494133,53.39682,-.042145599,5.0440421,3.977751,4.166574,-2.5257289,11.70601,6.921658,6.445085,3.4499879,-.26363489,4.9816418,-.0261453,4.131824,3.9356141,-2.5257289,11.70601,6.9157228,6.4327788,3.4339869
NM,66,.079999998,New Mexico,314200000000,34.434685,-106.13162,121298.47,32,30.4,1009,628.59998,32.400002,2156.1816,96.5,29.6,1756,.93827152,154.8974,.91358018,66.548813,54.197529,-.063715898,5.0427632,3.992635,4.1979361,-2.5257289,11.70601,6.9167151,6.4434948,3.478158,-.090384103,5.0440421,-.042145599,4.166574,3.977751,-2.5257289,11.70601,6.921658,6.445085,3.4499879
NM,67,.079999998,New Mexico,314200000000,34.434685,-106.13162,121298.47,32,31.5,1002,629.59998,33.400002,2254.6184,95.5,29.200001,1839,.94311368,151.987,.87425148,67.50354,55.059879,-.058568399,5.0237951,4.0084209,4.2121801,-2.5257289,11.70601,6.9097528,6.445085,3.5085559,-.1343872,5.0427632,-.063715898,4.1979361,3.992635,-2.5257289,11.70601,6.9167151,6.4434948,3.478158
NM,68,.079999998,New Mexico,314200000000,34.434685,-106.13162,121298.47,32,33.700001,994,632.5,34.799999,2433.6895,99.900002,31.200001,1986,.96839082,156.99699,.89655179,69.933609,57.06897,-.032119501,5.0562272,4.044261,4.2475462,-2.5257289,11.70601,6.9017372,6.4496799,3.5496171,-.1091992,5.0237951,-.058568399,4.2121801,4.0084209,-2.5257289,11.70601,6.9097528,6.445085,3.5085559
NM,69,.12,New Mexico,314200000000,34.434685,-106.13162,121298.47,32,37.900002,994,619,36.700001,2563.542,87,33.299999,2179,1.032698,139.70599,.90735692,69.85128,59.373291,.032174401,4.9395399,4.0838451,4.2463679,-2.1202641,11.70601,6.9017372,6.4281049,3.602777,-.0972194,5.0562272,-.032119501,4.2475462,4.044261,-2.5257289,11.70601,6.9017372,6.4496799,3.5496171
NM,70,.12,New Mexico,314200000000,34.434685,-106.13162,121298.47,32,39.700001,1016,675.90002,38.799999,2785.5481,90,34.599998,2351,1.023196,135.2863,.89175248,71.79248,60.592781,.0229309,4.907393,4.104176,4.2737799,-2.1202641,11.70601,6.9236288,6.5160451,3.6584201,-.1145666,4.9395399,.032174401,4.2463679,4.0838451,-2.1202641,11.70601,6.9017372,6.4281049,3.602777
NM,71,.12,New Mexico,314200000000,34.434685,-106.13162,121298.47,32,41.700001,1050,708.70001,40.5,3026.4038,92.599998,36.599998,2589,1.0296299,137.1949,.90370369,74.726021,63.92593,.0291992,4.921402,4.1577249,4.313828,-2.1202641,11.70601,6.9565449,6.5634322,3.7013021,-.1012537,4.907393,.0229309,4.2737799,4.104176,-2.1202641,11.70601,6.9236288,6.5160451,3.6584201
NM,72,.12,New Mexico,314200000000,34.434685,-106.13162,121298.47,32,41.099998,1073,732.79999,41.799999,3286.1089,99.300003,37.200001,2913,.9832536,145.3997,.88995218,78.615044,69.689003,-.016888199,4.979486,4.2440419,4.364563,-2.1202641,11.70601,6.9782138,6.5968728,3.7328961,-.1165875,4.921402,.0291992,4.313828,4.1577249,-2.1202641,11.70601,6.9565449,6.5634322,3.7013021
NM,73,.12,New Mexico,314200000000,34.434685,-106.13162,121298.47,32,41.799999,1097,758.79999,44.400002,3605.5044,98.900002,36.5,3270,.94144142,142.9801,.82207203,81.205048,73.648643,-.060343198,4.9627061,4.2993059,4.3969769,-2.1202641,11.70601,7.0003338,6.6317382,3.7932401,-.19592731,4.979486,-.016888199,4.364563,4.2440419,-2.1202641,11.70601,6.9782138,6.5968728,3.7328961
NM,74,.12,New Mexico,314200000000,34.434685,-106.13162,121298.47,32,43.700001,1120,782.90002,49.299999,3928.0415,100.3,37.799999,3689,.88640982,143.487,.7667343,79.6763,74.827591,-.1205759,4.9662452,4.315187,4.3779721,-2.1202641,11.70601,7.0210838,6.6630049,3.8979239,-.26561499,4.9627061,-.060343198,4.3969769,4.2993059,-2.1202641,11.70601,7.0003338,6.6317382,3.7932401
NM,75,.12,New Mexico,314200000000,34.434685,-106.13162,121298.47,32,46.299999,1146,810.90002,53.799999,4432.7915,103.1,40.5,4158,.86059481,145.70551,.75278813,82.393898,77.286247,-.15013149,4.9815869,4.3475161,4.4115109,-2.1202641,11.70601,7.0440331,6.6981449,3.9852729,-.28397149,4.9662452,-.1205759,4.3779721,4.315187,-2.1202641,11.70601,7.0210838,6.6630049,3.8979239
NM,76,.12,New Mexico,314200000000,34.434685,-106.13162,121298.47,32,49.5,1172,837.90002,56.900002,4847.4819,102.4,43.400002,4766,.86994731,143.2305,.76274168,85.193001,83.760979,-.1393227,4.9644551,4.4279671,4.4449191,-2.1202641,11.70601,7.0664668,6.7308989,4.041296,-.27083579,4.9815869,-.15013149,4.4115109,4.3475161,-2.1202641,11.70601,7.0440331,6.6981449,3.9852729
NM,77,.12,New Mexico,314200000000,34.434685,-106.13162,121298.47,32,51.599998,1195,862.90002,60.599998,5266.3613,102.4,44.700001,5422,.85148507,141.8102,.73762381,86.903664,89.471947,-.1607732,4.9544892,4.4939251,4.4647999,-2.1202641,11.70601,7.0859008,6.7602992,4.1042948,-.30432129,4.9644551,-.1393227,4.4449191,4.4279671,-2.1202641,11.70601,7.0664668,6.7308989,4.041296
NM,78,.12,New Mexico,314200000000,34.434685,-106.13162,121298.47,32,56,1215,882.20001,65.199997,5920.8604,103.1,49.5,6232,.85889572,141.9933,.75920248,90.810753,95.582817,-.15210781,4.95578,4.5599928,4.5087781,-2.1202641,11.70601,7.102499,6.7824192,4.1774588,-.2754868,4.9544892,-.1607732,4.4647999,4.4939251,-2.1202641,11.70601,7.0859008,6.7602992,4.1042948
NM,79,.12,New Mexico,314200000000,34.434685,-106.13162,121298.47,32,57.599998,1241,905.29999,72.599998,6555.4629,101,53.700001,7083,.79338843,138.4525,.73966938,90.295631,97.561989,-.23144241,4.9305272,4.5804882,4.503089,-2.1202641,11.70601,7.123673,6.8082662,4.284965,-.30155191,4.95578,-.15210781,4.5087781,4.5599928,-2.1202641,11.70601,7.102499,6.7824192,4.1774588
NM,80,.12,New Mexico,314200000000,34.434685,-106.13162,121298.47,32,62.599998,1303,951.59998,82.400002,7168.0737,102.7,57.200001,7893,.7597087,140.6243,.69417483,86.991188,95.788834,-.27482021,4.9460921,4.5621462,4.465807,-2.1202641,11.70601,7.1724248,6.8581452,4.4115849,-.36503151,4.9305272,-.23144241,4.503089,4.5804882,-2.1202641,11.70601,7.123673,6.8082662,4.284965
NM,81,.12,New Mexico,314200000000,34.434685,-106.13162,121298.47,32,63,1328,971.90002,90.900002,7683.2954,103,62.700001,8940,.69306928,140.7388,.68976903,84.524696,98.349831,-.36662531,4.9469051,4.588531,4.4370441,-2.1202641,11.70601,7.1914291,6.8792529,4.5097599,-.3713986,4.9460921,-.27482021,4.465807,4.5621462,-2.1202641,11.70601,7.1724248,6.8581452,4.4115849
NM,82,.12,New Mexico,314200000000,34.434685,-106.13162,121298.47,32,69.400002,1359,994,96.5,8046.6733,97.5,68.099998,9588,.71917099,133.30231,.70569938,83.385223,99.357513,-.32965609,4.8926201,4.5987239,4.423471,-2.1202641,11.70601,7.2145038,6.9017372,4.5695429,-.34856579,4.9469051,-.36662531,4.4370441,4.588531,-2.1202641,11.70601,7.1914291,6.8792529,4.5097599
NM,83,.12,New Mexico,314200000000,34.434685,-106.13162,121298.47,32,79.599998,1399,1023.9,99.599998,8546.1875,96.300003,80.5,10113,.79919678,131.57899,.80823302,85.805099,101.5361,-.22414809,4.8796072,4.6204152,4.4520779,-2.1202641,11.70601,7.2435131,6.9313741,4.601162,-.2129049,4.8926201,-.32965609,4.423471,4.5987239,-2.1202641,11.70601,7.2145038,6.9017372,4.5695429
NM,84,.12,New Mexico,314200000000,34.434685,-106.13162,121298.47,32,90.199997,1424,1042.3,103.9,8896.998,88.900002,92.800003,11021,.86814243,121.456,.89316648,85.630386,106.0731,-.1413995,4.799552,4.6641288,4.4500399,-2.1202641,11.70601,7.2612252,6.9491849,4.6434288,-.1129822,4.8796072,-.22414809,4.4520779,4.6204152,-2.1202641,11.70601,7.2435131,6.9313741,4.601162
NM,85,.12,New Mexico,314200000000,34.434685,-106.13162,121298.47,32,97.5,1450,1061.5,107.6,9619.5654,88,95.099998,11801,.90613377,120.2073,.883829,89.401169,109.6747,-.098568298,4.789217,4.6975188,4.493134,-2.1202641,11.70601,7.2793188,6.9674382,4.678421,-.1234917,4.799552,-.1413995,4.4500399,4.6641288,-2.1202641,11.70601,7.2612252,6.9491849,4.6434288
NM,86,.12,New Mexico,314200000000,34.434685,-106.13162,121298.47,32,101.2,1479,1085.6,109.6,9889.7432,88.199997,103.5,12156,.92335773,120.1619,.94434309,90.234894,110.9124,-.079738602,4.7888398,4.7087412,4.5024161,-2.1202641,11.70601,7.2991209,6.9898882,4.6968369,-.057265699,4.789217,-.098568298,4.493134,4.6975188,-2.1202641,11.70601,7.2793188,6.9674382,4.678421
NM,87,.15000001,New Mexico,314200000000,34.434685,-106.13162,121298.47,32,110.2,1500,1103,113.6,10162.015,82.300003,108.6,12626,.97007042,111.922,.9559859,89.454353,111.1444,-.030386601,4.717803,4.7108302,4.4937291,-1.89712,11.70601,7.313221,7.0057888,4.7326841,-.045012102,4.7888398,-.079738602,4.5024161,4.7087412,-2.1202641,11.70601,7.2991209,6.9898882,4.6968369
NM,88,.15000001,New Mexico,314200000000,34.434685,-106.13162,121298.47,32,113.7,1507,1105,118.3,10672,77.699997,113.5,13337,.96111578,105.9673,.95942521,90.211327,112.7388,-.039660402,4.6631312,4.7250738,4.5021548,-1.89712,11.70601,7.3178759,7.0076008,4.7732239,-.041421,4.717803,-.030386601,4.4937291,4.7108302,-1.89712,11.70601,7.313221,7.0057888,4.7326841
NM,89,.15000001,New Mexico,314200000000,34.434685,-106.13162,121298.47,32,127.2,1528,1120,124,11302,74.400002,125.6,14051,1.025806,101.5029,1.012903,91.145157,113.3145,.025479101,4.6200871,4.7301669,4.512454,-1.89712,11.70601,7.3317151,7.0210838,4.820282,.0128207,4.6631312,-.039660402,4.5021548,4.7250738,-1.89712,11.70601,7.3178759,7.0076008,4.7732239
NM,90,.15000001,New Mexico,314200000000,34.434685,-106.13162,121298.47,32,133.60001,1539.2,1128.2,130.7,12398,70.800003,130.2,15189,1.0221879,96.592239,.99617451,94.858459,116.2127,.0219457,4.570498,4.7554221,4.5523858,-1.89712,11.70601,7.3390179,7.028378,4.8729048,-.0038329,4.6200871,.025479101,4.512454,4.7301669,-1.89712,11.70601,7.3317151,7.0210838,4.820282
NM,91,.15000001,New Mexico,314200000000,34.434685,-106.13162,121298.47,32,146.89999,1572.7,1150.5,136.2,12961,69.900002,149.10001,16177,1.0785609,95.551262,1.094714,95.16153,118.7739,.075627699,4.5596628,4.7772212,4.5555758,-1.89712,11.70601,7.360549,7.0479522,4.914124,.090492897,4.570498,.0219457,4.5523858,4.7554221,-1.89712,11.70601,7.3390179,7.028378,4.8729048
NM,92,.15000001,New Mexico,314200000000,34.434685,-106.13162,121298.47,32,165.39999,1606.2,1174.8,140.3,13709,71.400002,165.7,17291,1.178902,97.618889,1.181041,97.712044,123.243,.1645837,4.5810709,4.814158,4.5820251,-1.89712,11.70601,7.3816271,7.0688529,4.9437828,.1663959,4.5596628,.075627699,4.5555758,4.7772212,-1.89712,11.70601,7.360549,7.0479522,4.914124
