Datasets/panel/Baltagi and Levine/cigarette.csv
idstate,year,txrate,name,aland,ycoord,xcoord,land,state,price,pop,pop16,cpi,ndi,sales,pimin,comp,ppp,spp,mppp,ipc,ncom,lnprice,lnsales,lncomp,lnndi,lntxrate,lnland,lnpop,lnpop16,lncpi,lnminp,lnsales_lag,lnprice_lag,lnndi_lag,lncomp_lag,lntxrate_lag,lnland_lag,lnpop_lag,lnpop16_lag,lncpi_lag
NY,63,.050000001,New York,122100000000,42.913399,-75.596275,47126.449,33,26.200001,17691,12524.7,30.6,2636.6313,146.89999,26.799999,41202,.85620922,207.4946,.87581688,86.164421,1346.4709,-.1552406,5.3351049,7.2052422,4.4562569,-2.9957321,10.76059,9.7808113,9.4354582,3.421,-.13259821,,,,,,,,,
NY,64,.050000001,New York,122100000000,42.913399,-75.596275,47126.449,33,26.9,17894,12652.7,31,2827.2061,141.2,27.799999,43612,.86774188,199.69119,.89677417,91.200203,1406.839,-.1418609,5.296772,7.2491002,4.5130572,-2.9957321,10.76059,9.7922211,9.4456263,3.4339869,-.1089512,5.3351049,-.1552406,4.4562569,7.2052422,-2.9957321,10.76059,9.7808113,9.4354582,3.421
NY,65,.1,New York,122100000000,42.913399,-75.596275,47126.449,33,26.5,18106,12803.7,31.5,2964.3779,138.5,28.1,46097,.84126991,195.856,.8920635,94.107239,1463.397,-.1728428,5.27738,7.288516,4.544435,-2.3025849,10.76059,9.8039989,9.457489,3.4499879,-.114218,5.296772,-.1418609,4.5130572,7.2491002,-2.9957321,10.76059,9.7922211,9.4456263,3.4339869
NY,66,.1,New York,122100000000,42.913399,-75.596275,47126.449,33,34.599998,17968,12708.5,32.400002,3141.3401,122.4,29.799999,50122,1.067901,173.05611,.91975302,96.954933,1546.975,.065695196,5.153615,7.3440571,4.5742459,-2.3025849,10.76059,9.7963476,9.4500275,3.478158,-.083650097,5.27738,-.1728428,4.544435,7.288516,-2.3025849,10.76059,9.8039989,9.457489,3.4499879
NY,67,.1,New York,122100000000,42.913399,-75.596275,47126.449,33,34.700001,18023,12774.8,33.400002,3310.9724,123.2,30.1,53630,1.038922,173.8136,.90119761,99.130913,1605.689,.038183801,5.1579828,7.3813081,4.5964408,-2.3025849,10.76059,9.7994041,9.4552298,3.5085559,-.1040308,5.153615,.065695196,4.5742459,7.3440571,-2.3025849,10.76059,9.7963476,9.4500275,3.478158
NY,68,.12,New York,122100000000,42.913399,-75.596275,47126.449,33,34.5,18186,12935.5,34.799999,3583.2219,124.9,31.299999,58806,.99137932,175.59669,.89942533,102.9661,1689.828,-.0086580999,5.16819,7.4323821,4.6343999,-2.1202641,10.76059,9.8084078,9.4677315,3.5496171,-.1059993,5.1579828,.038183801,4.5964408,7.3813081,-2.3025849,10.76059,9.7994041,9.4552298,3.5085559
NY,69,.12,New York,122100000000,42.913399,-75.596275,47126.449,33,38.599998,18321,13267.4,36.700001,3790.5503,122.4,32.200001,64276,1.051771,169.0226,.87738419,103.2847,1751.39,.050475501,5.130033,7.4681649,4.6374898,-2.1202641,10.76059,9.8158035,9.4930649,3.602777,-.13081031,5.16819,-.0086580999,4.6343999,7.4323821,-2.1202641,10.76059,9.8084078,9.4677315,3.5496171
NY,70,.12,New York,122100000000,42.913399,-75.596275,47126.449,33,40.700001,18241,13177,38.799999,4119.3438,119,37.700001,68837,1.048969,164.73241,.97164953,106.1687,1774.15,.047807898,5.104322,7.4810758,4.665029,-2.1202641,10.76059,9.8114271,9.486228,3.6584201,-.0287601,5.130033,.050475501,4.6374898,7.4681649,-2.1202641,10.76059,9.8158035,9.4930649,3.602777
NY,71,.12,New York,122100000000,42.913399,-75.596275,47126.449,33,41.700001,18361,13348.3,40.5,4394.7349,123.3,39.5,72658,1.0296299,169.603,.97530872,108.512,1794.025,.0291992,5.133461,7.4922171,4.686861,-2.1202641,10.76059,9.8179846,9.4991446,3.7013021,-.0250013,5.104322,.047807898,4.665029,7.4810758,-2.1202641,10.76059,9.8114271,9.486228,3.6584201
NY,72,.15000001,New York,122100000000,42.913399,-75.596275,47126.449,33,42.700001,18350,13445.4,41.799999,4599.9688,119.9,40,78073,1.021531,163.63699,.95693779,110.0471,1867.775,.021302599,5.097651,7.5325031,4.7009091,-1.89712,10.76059,9.8173847,9.5063915,3.7328961,-.044016901,5.133461,.0291992,4.686861,7.4922171,-2.1202641,10.76059,9.8179846,9.4991446,3.7013021
NY,73,.15000001,New York,122100000000,42.913399,-75.596275,47126.449,33,45.799999,18196,13441.6,44.400002,4977.9771,118.7,39.799999,84666,1.031531,160.6851,.89639628,112.1166,1906.892,.0310445,5.0794468,7.5532298,4.7195392,-1.89712,10.76059,9.8089571,9.5061092,3.7932401,-.1093726,5.097651,.021302599,4.7009091,7.5325031,-1.89712,10.76059,9.8173847,9.5063915,3.7328961
NY,74,.15000001,New York,122100000000,42.913399,-75.596275,47126.449,33,47.400002,18078,13465.6,49.299999,5387.3979,121.6,41.299999,90245,.96146047,163.25191,.8377282,109.2778,1830.527,-.039301801,5.095294,7.5123601,4.6938939,-1.89712,10.76059,9.8024511,9.5078936,3.8979239,-.1770616,5.0794468,.0310445,4.7195392,7.5532298,-1.89712,10.76059,9.8089571,9.5061092,3.7932401
NY,75,.15000001,New York,122100000000,42.913399,-75.596275,47126.449,33,51.5,18041,13550.3,53.799999,5828.2329,123.9,41.799999,93596,.9572491,164.9617,.77695167,108.3315,1739.703,-.043691602,5.1057129,7.4614701,4.685195,-1.89712,10.76059,9.8004026,9.514164,3.9852729,-.25237709,5.095294,-.039301801,4.6938939,7.5123601,-1.89712,10.76059,9.8024511,9.5078936,3.8979239
NY,76,.15000001,New York,122100000000,42.913399,-75.596275,47126.449,33,54.200001,17987,13618.6,56.900002,6193.6753,124.6,47.099998,100099,.95254833,164.5676,.82776803,108.8519,1759.209,-.048614401,5.103322,7.47262,4.6899891,-1.89712,10.76059,9.7974043,9.5191917,4.041296,-.18902241,5.1057129,-.043691602,4.685195,7.4614701,-1.89712,10.76059,9.8004026,9.514164,3.9852729
NY,77,.15000001,New York,122100000000,42.913399,-75.596275,47126.449,33,53.799999,17869,13628.2,60.599998,6644.9814,125.5,47,107089,.88778877,164.5529,.7755776,109.6532,1767.145,-.1190214,5.1032319,7.4771209,4.6973219,-1.89712,10.76059,9.790823,9.5198975,4.1042948,-.2541472,5.103322,-.048614401,4.6899891,7.47262,-1.89712,10.76059,9.7974043,9.5191917,4.041296
NY,78,.15000001,New York,122100000000,42.913399,-75.596275,47126.449,33,59.5,17746,13628.2,65.199997,7338.1704,126.4,52.5,116968,.91257668,164.5921,.80521482,112.5486,1793.988,-.091483101,5.1034698,7.4921961,4.7233849,-1.89712,10.76059,9.7839165,9.5198975,4.1774588,-.2166463,5.1032319,-.1190214,4.6973219,7.4771209,-1.89712,10.76059,9.790823,9.5198975,4.1042948
NY,79,.15000001,New York,122100000000,42.913399,-75.596275,47126.449,33,61.099998,17648,13640.7,72.599998,8053.3486,124.4,54.799999,128293,.8415978,160.9456,.75482088,110.9277,1767.121,-.17245311,5.0810671,7.477107,4.708879,-1.89712,10.76059,9.7783775,9.520813,4.284965,-.28127471,5.1034698,-.091483101,4.7233849,7.4921961,-1.89712,10.76059,9.7839165,9.5198975,4.1774588
NY,80,.15000001,New York,122100000000,42.913399,-75.596275,47126.449,33,64.400002,17557,13594.6,82.400002,8929.7822,127.6,58.900002,141204,.78155339,164.7914,.71480578,108.3711,1713.641,-.24647181,5.104681,7.4463749,4.6855621,-1.89712,10.76059,9.7732077,9.5174274,4.4115849,-.33574429,5.0810671,-.17245311,4.708879,7.477107,-1.89712,10.76059,9.7783775,9.520813,4.284965
NY,81,.15000001,New York,122100000000,42.913399,-75.596275,47126.449,33,65.900002,17602,13694.6,90.900002,9901.5039,130.10001,61,155927,.72497249,167.2207,.67106712,108.9274,1715.369,-.3216216,5.1193142,7.4473829,4.6906819,-1.89712,10.76059,9.7757683,9.5247564,4.5097599,-.39888611,5.104681,-.24647181,4.6855621,7.4463749,-1.89712,10.76059,9.7732077,9.5174274,4.4115849
NY,82,.15000001,New York,122100000000,42.913399,-75.596275,47126.449,33,72.5,17659,13773.5,96.5,10556.997,128.5,66.800003,168726,.75129533,164.7498,.69222802,109.3989,1748.4561,-.2859565,5.1044278,7.4664879,4.6950011,-1.89712,10.76059,9.7790012,9.5305014,4.5695429,-.3678399,5.1193142,-.3216216,4.6906819,7.4473829,-1.89712,10.76059,9.7757683,9.5247564,4.5097599
NY,83,.20999999,New York,122100000000,42.913399,-75.596275,47126.449,33,83.099998,17667,13825.5,99.599998,11476.362,124.6,77,180424,.83433741,159.2209,.77309239,115.2245,1811.486,-.1811175,5.070292,7.5019031,4.746882,-1.560648,10.76059,9.7794542,9.5342703,4.601162,-.2573567,5.1044278,-.2859565,4.6950011,7.4664879,-1.89712,10.76059,9.7790012,9.5305014,4.5695429
NY,84,.20999999,New York,122100000000,42.913399,-75.596275,47126.449,33,100.8,17735,13896.7,103.9,12574.784,119.3,90.599998,198274,.97016358,152.2509,.87199229,121.0278,1908.316,-.030290499,5.0255299,7.5539761,4.79602,-1.560648,10.76059,9.7832956,9.5394068,4.6434288,-.13697471,5.070292,-.1811175,4.746882,7.5019031,-1.560648,10.76059,9.7794542,9.5342703,4.601162
NY,85,.20999999,New York,122100000000,42.913399,-75.596275,47126.449,33,106.2,17762,13946.7,107.6,13192.581,115.9,95.5,213888,.98698878,147.6059,.88754648,122.6076,1987.807,-.0130965,4.9945459,7.5947871,4.80899,-1.560648,10.76059,9.7848167,9.5429983,4.678421,-.1192944,5.0255299,-.030290499,4.79602,7.5539761,-1.560648,10.76059,9.7832956,9.5394068,4.6434288
NY,86,.20999999,New York,122100000000,42.913399,-75.596275,47126.449,33,111.2,17795,13936.1,109.6,14042.837,114,104.9,230429,1.014598,145.5666,.95711678,128.1281,2102.4541,.014493,4.9806328,7.6508608,4.8530302,-1.560648,10.76059,9.7866726,9.5422382,4.6968369,-.043829799,4.9945459,-.0130965,4.80899,7.5947871,-1.560648,10.76059,9.7848167,9.5429983,4.678421
NY,87,.20999999,New York,122100000000,42.913399,-75.596275,47126.449,33,117,17825,14015,113.6,14908.8,108.9,110,247299,1.02993,138.50459,.96830988,131.2394,2176.928,.029490501,4.9309039,7.6856699,4.8770232,-1.560648,10.76059,9.7883568,9.547883,4.7326841,-.032203101,4.9806328,.014493,4.8530302,7.6508608,-1.560648,10.76059,9.7866726,9.5422382,4.6968369
NY,88,.20999999,New York,122100000000,42.913399,-75.596275,47126.449,33,125.9,17909,14072,118.3,16269,106.2,112.3,267396,1.064243,135.1575,.94928151,137.52319,2260.321,.0622642,4.9064398,7.7232618,4.9237928,-1.560648,10.76059,9.7930584,9.5519419,4.7732239,-.052049901,4.9309039,.029490501,4.8770232,7.6856699,-1.560648,10.76059,9.7883568,9.547883,4.7326841
NY,89,.33000001,New York,122100000000,42.913399,-75.596275,47126.449,33,136.7,17950,14071,124,17293,100.1,122.8,278929,1.102419,127.6949,.99032259,139.4597,2249.427,.097507201,4.8496442,7.718431,4.9377761,-1.108663,10.76059,9.7953453,9.5518713,4.820282,-.0097244997,4.9064398,.0622642,4.9237928,7.7232618,-1.560648,10.76059,9.7930584,9.5519419,4.7732239
NY,90,.33000001,New York,122100000000,42.913399,-75.596275,47126.449,33,167.39999,17957,14076.5,130.7,18178,93.699997,133.7,292109,1.2807961,119.5305,1.022953,139.08189,2234.958,.2474815,4.7835708,7.711977,4.9350629,-1.108663,10.76059,9.7957354,9.5522623,4.8729048,.0226938,4.8496442,.097507201,4.9377761,7.718431,-1.108663,10.76059,9.7953453,9.5518713,4.820282
NY,91,.38999999,New York,122100000000,42.913399,-75.596275,47126.449,33,180.39999,18024.9,14032.8,136.2,18631,86.400002,144.10001,294582,1.324523,110.9794,1.0580029,136.7915,2162.864,.2810522,4.7093439,7.6791878,4.918458,-.94160849,10.76059,9.799509,9.5491524,4.914124,.056383099,4.7835708,.2474815,4.9350629,7.711977,-1.108663,10.76059,9.7957354,9.5522623,4.8729048
NY,92,.38999999,New York,122100000000,42.913399,-75.596275,47126.449,33,198.5,18085.801,14037.8,140.3,20021,82.400002,168,307726,1.414825,106.1612,1.1974339,142.7014,2193.343,.34700611,4.664959,7.693182,4.9607539,-.94160849,10.76059,9.8028822,9.549509,4.9437828,.180181,4.7093439,.2810522,4.918458,7.6791878,-.94160849,10.76059,9.799509,9.5491524,4.914124
