Datasets/panel/Baltagi and Levine/cigarette.csv
idstate,year,txrate,name,aland,ycoord,xcoord,land,state,price,pop,pop16,cpi,ndi,sales,pimin,comp,ppp,spp,mppp,ipc,ncom,lnprice,lnsales,lncomp,lnndi,lntxrate,lnland,lnpop,lnpop16,lncpi,lnminp,lnsales_lag,lnprice_lag,lnndi_lag,lncomp_lag,lntxrate_lag,lnland_lag,lnpop_lag,lnpop16_lag,lncpi_lag
ND,63,.059999999,North Dakota,178700000000,47.442169,-100.46082,69000.797,35,27.1,645,425.5,30.6,1850.0387,103.3,26.6,727,.88562089,156.5887,.86928111,60.458778,23.758169,-.1214663,5.0536232,3.167927,4.1019621,-2.813411,11.14187,6.4692502,6.0532651,3.421,-.1400888,,,,,,,,,
ND,64,.07,North Dakota,178700000000,47.442169,-100.46082,69000.797,35,28.5,650,430.39999,31,1841.3757,102,28.5,784,.91935492,154.0428,.91935492,59.39922,25.290319,-.084083103,5.03723,3.230422,4.084281,-2.65926,11.14187,6.4769731,6.0647149,3.4339869,-.084083103,5.0536232,-.1214663,4.1019621,3.167927,-2.813411,11.14187,6.4692502,6.0532651,3.421
ND,65,.07,North Dakota,178700000000,47.442169,-100.46082,69000.797,35,28.6,652,434.20001,31.5,2184.0466,103.2,28.299999,838,.90793651,154.9664,.89841259,69.334824,26.60317,-.096580803,5.0432081,3.2810309,4.2389469,-2.65926,11.14187,6.4800439,6.0735049,3.4499879,-.1071258,5.03723,-.084083103,4.084281,3.230422,-2.65926,11.14187,6.4769731,6.0647149,3.4339869
ND,66,.079999998,North Dakota,178700000000,47.442169,-100.46082,69000.797,35,30.200001,642,431.29999,32.400002,2218.699,99.5,30.299999,872,.93209869,148.108,.93518507,68.478363,26.91358,-.070316501,4.997942,3.2926309,4.2265182,-2.5257289,11.14187,6.4645882,6.0668039,3.478158,-.067010798,5.0432081,-.096580803,4.2389469,3.2810309,-2.65926,11.14187,6.4800439,6.0735049,3.4499879
ND,67,.079999998,North Dakota,178700000000,47.442169,-100.46082,69000.797,35,30.5,632,428.39999,33.400002,2297.6287,96.300003,30.9,903,.91317362,142.0672,.92514962,68.791283,27.035931,-.090829298,4.9562998,3.2971671,4.2310772,-2.5257289,11.14187,6.4488888,6.0600572,3.5085559,-.077799797,4.997942,-.070316501,4.2265182,3.2926309,-2.5257289,11.14187,6.4645882,6.0668039,3.478158
ND,68,.079999998,North Dakota,178700000000,47.442169,-100.46082,69000.797,35,32.299999,624,428.39999,34.799999,2430.4619,97,32.400002,966,.92816091,141.2885,.93103462,69.840858,27.758619,-.074550197,4.9508042,3.3235459,4.2462192,-2.5257289,11.14187,6.436151,6.0600572,3.5496171,-.071458898,4.9562998,-.090829298,4.2310772,3.2971671,-2.5257289,11.14187,6.4488888,6.0600572,3.5085559
ND,69,.079999998,North Dakota,178700000000,47.442169,-100.46082,69000.797,35,32.299999,615,419.70001,36.700001,2672.0642,96.900002,32.400002,1042,.88010901,141.99071,.88283378,72.808289,28.39237,-.1277096,4.955761,3.3461201,4.2878299,-2.5257289,11.14187,6.4216218,6.0395398,3.602777,-.1246183,4.9508042,-.074550197,4.2462192,3.3235459,-2.5257289,11.14187,6.436151,6.0600572,3.5496171
ND,70,.11,North Dakota,178700000000,47.442169,-100.46082,69000.797,35,37.299999,617,431.29999,38.799999,2748.1064,93.800003,34,1180,.96134019,134.1864,.87628871,70.827477,30.412371,-.0394269,4.89923,3.41485,4.2602472,-2.2072749,11.14187,6.4248691,6.0668039,3.6584201,-.13205969,4.955761,-.1277096,4.2878299,3.3461201,-2.5257289,11.14187,6.4216218,6.0395398,3.602777
ND,71,.11,North Dakota,178700000000,47.442169,-100.46082,69000.797,35,38.900002,627,444.89999,40.5,3167.7822,98.5,34.700001,1306,.96049392,138.8166,.85679013,78.216843,32.24691,-.040307701,4.9331541,3.4734221,4.3594851,-2.2072749,11.14187,6.4409471,6.0978489,3.7013021,-.15456229,4.89923,-.0394269,4.2602472,3.41485,-2.2072749,11.14187,6.4248691,6.0668039,3.6584201
ND,72,.11,North Dakota,178700000000,47.442169,-100.46082,69000.797,35,38.900002,631,453.60001,41.799999,3774.1946,103.8,39.099998,1456,.93062198,144.39549,.93540668,90.29174,34.832531,-.071902104,4.9725561,3.5505519,4.503046,-2.2072749,11.14187,6.4473062,6.1172161,3.7328961,-.066773899,4.9331541,-.040307701,4.3594851,3.4734221,-2.2072749,11.14187,6.4409471,6.0978489,3.7013021
ND,73,.11,North Dakota,178700000000,47.442169,-100.46082,69000.797,35,39.400002,633,460.39999,44.400002,5650.2222,108.7,39.599998,1635,.88738739,149.4507,.89189178,127.2572,36.824322,-.1194736,5.0069671,3.606158,4.84621,-2.2072749,11.14187,6.45047,6.1320958,3.7932401,-.1144104,4.9725561,-.071902104,4.503046,3.5505519,-2.2072749,11.14187,6.4473062,6.1172161,3.7328961
ND,74,.11,North Dakota,178700000000,47.442169,-100.46082,69000.797,35,39.900002,635,466.20001,49.299999,5191.0815,110.5,40.400002,1865,.8093307,150.5094,.81947267,105.2958,37.82962,-.2115477,5.0140262,3.6330919,4.6567731,-2.2072749,11.14187,6.4536252,6.1446152,3.8979239,-.19909421,5.0069671,-.1194736,4.84621,3.606158,-2.2072749,11.14187,6.45047,6.1320958,3.7932401
ND,75,.11,North Dakota,178700000000,47.442169,-100.46082,69000.797,35,42.599998,640,475,53.799999,5211.2954,117.9,42.799999,2137,.79182148,158.85471,.79553902,96.864227,39.721191,-.23341919,5.0679898,3.681885,4.5733099,-2.2072749,11.14187,6.4614682,6.1633148,3.9852729,-.2287354,5.0140262,-.2115477,4.6567731,3.6330919,-2.2072749,11.14187,6.4536252,6.1446152,3.8979239
ND,76,.11,North Dakota,178700000000,47.442169,-100.46082,69000.797,35,45.900002,647,483.70001,56.900002,4987.9814,125.4,45,2446,.80667841,167.73579,.79086113,87.662239,42.987701,-.2148302,5.1223898,3.7609141,4.4734912,-2.2072749,11.14187,6.4723458,6.1814651,4.041296,-.23463289,5.0679898,-.23341919,4.5733099,3.681885,-2.2072749,11.14187,6.4614682,6.1633148,3.9852729
ND,77,.11,North Dakota,178700000000,47.442169,-100.46082,69000.797,35,47.400002,651,490.5,60.599998,5169.9053,122.2,46.400002,2658,.78217828,162.1859,.76567662,85.311974,43.861389,-.2456726,5.0887432,3.781034,4.4463148,-2.2072749,11.14187,6.4785089,6.195426,4.1042948,-.2669954,5.1223898,-.2148302,4.4734912,3.7609141,-2.2072749,11.14187,6.4723458,6.1814651,4.041296
ND,78,.11,North Dakota,178700000000,47.442169,-100.46082,69000.797,35,53.200001,653,494.29999,65.199997,6271.0728,121.9,51.900002,3046,.81595099,161.0372,.79601228,96.182098,46.717789,-.203401,5.081635,3.844125,4.5662432,-2.2072749,11.14187,6.4815769,6.2031431,4.1774588,-.22814059,5.0887432,-.2456726,4.4463148,3.781034,-2.2072749,11.14187,6.4785089,6.195426,4.1042948
ND,79,.11,North Dakota,178700000000,47.442169,-100.46082,69000.797,35,55,657,499.20001,72.599998,6778.3418,121.3,53.700001,3452,.75757581,159.6436,.73966938,93.365593,47.54821,-.27763179,5.0729442,3.8617439,4.5365229,-2.2072749,11.14187,6.4876838,6.213007,4.284965,-.30155191,5.081635,-.203401,4.5662432,3.844125,-2.2072749,11.14187,6.4815769,6.2031431,4.1774588
ND,80,.12,North Dakota,178700000000,47.442169,-100.46082,69000.797,35,59.599998,653,492.39999,82.400002,6896.7363,123.7,56.700001,3793,.72330087,164.0457,.68810678,83.698257,46.031551,-.32392991,5.1001449,3.8293271,4.427218,-2.1202641,11.14187,6.4815769,6.1992912,4.4115849,-.37381119,5.0729442,-.27763179,4.5365229,3.8617439,-2.2072749,11.14187,6.4876838,6.213007,4.284965
ND,81,.12,North Dakota,178700000000,47.442169,-100.46082,69000.797,35,62,658,495.29999,90.900002,8365.6016,125.7,60.400002,4300,.68206823,166.99091,.66446638,92.030823,47.304729,-.3826257,5.117939,3.8566101,4.5221229,-2.1202641,11.14187,6.4892049,6.205163,4.5097599,-.40877089,5.1001449,-.32392991,4.427218,3.8293271,-2.1202641,11.14187,6.4815769,6.1992912,4.4115849
ND,82,.12,North Dakota,178700000000,47.442169,-100.46082,69000.797,35,67.800003,670,504,96.5,8818.0049,126.8,65.699997,4592,.7025907,168.56351,.68082899,91.378288,47.585491,-.35298079,5.1273131,3.8625281,4.515008,-2.1202641,11.14187,6.507277,6.2225761,4.5695429,-.38444409,5.117939,-.3826257,4.5221229,3.8566101,-2.1202641,11.14187,6.4892049,6.205163,4.5097599
ND,83,.18000001,North Dakota,178700000000,47.442169,-100.46082,69000.797,35,77.900002,680,509.79999,99.599998,9423.4541,119.6,77.199997,4797,.78212851,159.52921,.77510041,94.612991,48.162651,-.2457362,5.072227,3.874584,4.5497952,-1.714798,11.14187,6.5220928,6.2340178,4.601162,-.25476271,5.1273131,-.35298079,4.515008,3.8625281,-2.1202641,11.14187,6.507277,6.2225761,4.5695429
ND,84,.18000001,North Dakota,178700000000,47.442169,-100.46082,69000.797,35,94.400002,686,514.70001,103.9,10345.586,109.4,89.800003,4987,.90856588,145.81,.86429262,99.572533,47.99807,-.095887803,4.9823041,3.871161,4.6008859,-1.714798,11.14187,6.5308781,6.2435842,4.6434288,-.14584389,5.072227,-.2457362,4.5497952,3.874584,-1.714798,11.14187,6.5220928,6.2340178,4.601162
ND,85,.18000001,North Dakota,178700000000,47.442169,-100.46082,69000.797,35,100.6,685,513.70001,107.6,10608.364,103.2,92.300003,5090,.93494421,137.6134,.85780668,98.590736,47.304829,-.067268401,4.924448,3.856612,4.5909772,-1.714798,11.14187,6.5294189,6.2416401,4.678421,-.1533764,4.9823041,-.095887803,4.6008859,3.871161,-1.714798,11.14187,6.5308781,6.2435842,4.6434288
ND,86,.18000001,North Dakota,178700000000,47.442169,-100.46082,69000.797,35,104.2,679,510.79999,109.6,11053.066,99.800003,102,5106,.95072991,132.6629,.93065703,100.8491,46.587589,-.0505253,4.8878112,3.8413341,4.613626,-1.714798,11.14187,6.5206208,6.2359781,4.6968369,-.071864501,4.924448,-.067268401,4.5909772,3.856612,-1.714798,11.14187,6.5294189,6.2416401,4.678421
ND,87,.18000001,North Dakota,178700000000,47.442169,-100.46082,69000.797,35,110.3,672,505,113.6,11364.936,92.300003,106.2,5280,.97095072,122.823,.93485922,100.0434,46.47887,-.0294796,4.8107438,3.8389981,4.6056051,-1.714798,11.14187,6.5102582,6.2245579,4.7326841,-.067359403,4.8878112,-.0505253,4.613626,3.8413341,-1.714798,11.14187,6.5206208,6.2359781,4.6968369
ND,88,.27000001,North Dakota,178700000000,47.442169,-100.46082,69000.797,35,123.3,667,503,118.3,11389,87.099998,115.3,5497,1.0422651,115.4984,.97464073,96.272186,46.46661,.041396599,4.7492571,3.8387339,4.5671802,-1.309333,11.14187,6.50279,6.2205901,4.7732239,-.0256864,4.8107438,-.0294796,4.6056051,3.8389981,-1.714798,11.14187,6.5102582,6.2245579,4.7326841
ND,89,.27000001,North Dakota,178700000000,47.442169,-100.46082,69000.797,35,135.89999,660,499,124,11937,84.099998,123,5718,1.095968,111.2345,.99193549,96.266129,46.1129,.091637701,4.7116399,3.8310931,4.5671172,-1.309333,11.14187,6.49224,6.212606,4.820282,-.0080971997,4.7492571,.041396599,4.5671802,3.8387339,-1.309333,11.14187,6.50279,6.2205901,4.7732239
ND,90,.27000001,North Dakota,178700000000,47.442169,-100.46082,69000.797,35,144.3,652.79999,493.60001,130.7,13416,77.099998,138.89999,6102,1.104055,101.9669,1.062739,102.6473,46.687069,.098989896,4.624649,3.843467,4.631299,-1.309333,11.14187,6.4812708,6.201725,4.8729048,.0608497,4.7116399,.091637701,4.5671172,3.8310931,-1.309333,11.14187,6.49224,6.212606,4.820282
ND,91,.30000001,North Dakota,178700000000,47.442169,-100.46082,69000.797,35,159.8,648.79999,491.5,136.2,14157,85.199997,143.60001,6438,1.173275,112.4675,1.054332,103.9427,47.268719,.1597987,4.7226639,3.855849,4.6438398,-1.2039731,11.14187,6.4751239,6.1974621,4.914124,.052907299,4.624649,.098989896,4.631299,3.843467,-1.309333,11.14187,6.4812708,6.201725,4.8729048
ND,92,.30000001,North Dakota,178700000000,47.442169,-100.46082,69000.797,35,168.3,649.79999,494.60001,140.3,15297,74.400002,160,6861,1.199572,97.745903,1.140413,109.0306,48.902351,.1819651,4.5823712,3.8898261,4.6916289,-1.2039731,11.14187,6.476665,6.2037492,4.9437828,.1313908,4.7226639,.1597987,4.6438398,3.855849,-1.2039731,11.14187,6.4751239,6.1974621,4.914124
