Datasets/panel/Baltagi and Levine/cigarette.csv
idstate,year,txrate,name,aland,ycoord,xcoord,land,state,price,pop,pop16,cpi,ndi,sales,pimin,comp,ppp,spp,mppp,ipc,ncom,lnprice,lnsales,lncomp,lnndi,lntxrate,lnland,lnpop,lnpop16,lncpi,lnminp,lnsales_lag,lnprice_lag,lnndi_lag,lncomp_lag,lntxrate_lag,lnland_lag,lnpop_lag,lnpop16_lag,lncpi_lag
OH,63,.050000001,Ohio,105800000000,40.414928,-82.711998,40861.238,36,26.299999,10020,6725.1001,30.6,2242.886,130.39999,24.1,19762,.8594771,194.2883,.78758168,73.296928,645.81702,-.1514311,5.2693429,6.4705162,4.294518,-2.9957321,10.61794,9.2123384,8.8136024,3.421,-.2387882,,,,,,,,,
OH,64,.050000001,Ohio,105800000000,40.414928,-82.711998,40861.238,36,26.4,10124,6810.3999,31,2408.6868,129.39999,25,21182,.85161293,192.3596,.80645162,77.69957,683.29028,-.16062319,5.259367,6.5269198,4.352849,-2.9957321,10.61794,9.2226639,8.8262062,3.4339869,-.2151114,5.2693429,-.1514311,4.294518,6.4705162,-2.9957321,10.61794,9.2123384,8.8136024,3.421
OH,65,.050000001,Ohio,105800000000,40.414928,-82.711998,40861.238,36,26.4,10241,6920.7002,31.5,2568.3843,134.8,24.5,22996,.83809519,199.47211,.77777779,81.536011,730.03168,-.17662349,5.2956748,6.5930882,4.4010448,-2.9957321,10.61794,9.2341547,8.8422718,3.4499879,-.2513144,5.259367,-.16062319,4.352849,6.5269198,-2.9957321,10.61794,9.2226639,8.8262062,3.4339869
OH,66,.050000001,Ohio,105800000000,40.414928,-82.711998,40861.238,36,26.299999,10397,7058.7002,32.400002,2759.6145,135.5,24.700001,25468,.81172842,199.5826,.76234567,85.173286,786.04932,-.20858949,5.2962279,6.6670189,4.4446878,-2.9957321,10.61794,9.2492723,8.8620167,3.478158,-.27135521,5.2956748,-.17662349,4.4010448,6.5930882,-2.9957321,10.61794,9.2341547,8.8422718,3.4499879
OH,67,.050000001,Ohio,105800000000,40.414928,-82.711998,40861.238,36,27,10488,7163.2002,33.400002,2861.3325,136.39999,25,26689,.80838323,199.7101,.74850303,85.668633,799.07178,-.21271899,5.2968659,6.6834512,4.4504871,-2.9957321,10.61794,9.257987,8.8767118,3.5085559,-.28968009,5.2962279,-.20858949,4.4446878,6.6670189,-2.9957321,10.61794,9.2492723,8.8620167,3.478158
OH,68,.07,Ohio,105800000000,40.414928,-82.711998,40861.238,36,30.799999,10610,7306,34.799999,3083.0781,129.8,26.299999,29524,.88505739,188.4996,.75574708,88.5942,848.39081,-.1221027,5.2390962,6.743341,4.484066,-2.65926,10.61794,9.2695522,8.896451,3.5496171,-.2800484,5.2968659,-.21271899,4.4504871,6.6834512,-2.9957321,10.61794,9.257987,8.8767118,3.5085559
OH,69,.07,Ohio,105800000000,40.414928,-82.711998,40861.238,36,31.5,10740,7424.8999,36.700001,3295.6692,128.8,27,32521,.85831058,186.30721,.73569483,89.800247,886.1308,-.15278929,5.227396,6.7868652,4.4975882,-2.65926,10.61794,9.2817307,8.9125948,3.602777,-.3069399,5.2390962,-.1221027,4.484066,6.743341,-2.65926,10.61794,9.2695522,8.896451,3.5496171
OH,70,.1,Ohio,105800000000,40.414928,-82.711998,40861.238,36,36.599998,10652,7441.1001,38.799999,3476.7275,121.6,28.299999,33906,.94329888,174.0715,.72938138,89.606377,873.86603,-.058371998,5.1594658,6.7729268,4.4954271,-2.3025849,10.61794,9.2735033,8.9147739,3.6584201,-.3155584,5.227396,-.15278929,4.4975882,6.7868652,-2.65926,10.61794,9.2817307,8.9125948,3.602777
OH,71,.1,Ohio,105800000000,40.414928,-82.711998,40861.238,36,38.099998,10721,7567.7002,40.5,3699.4905,124.6,30.1,35622,.9407407,176.5182,.7432099,91.345444,879.55548,-.061087701,5.1734238,6.779417,4.514648,-2.3025849,10.61794,9.2799597,8.9316444,3.7013021,-.2967768,5.1594658,-.058371998,4.4954271,6.7729268,-2.3025849,10.61794,9.2735033,8.9147739,3.6584201
OH,72,.15000001,Ohio,105800000000,40.414928,-82.711998,40861.238,36,38.400002,10725,7647.2002,41.799999,3928.3564,124.4,30.6,38787,.91866028,174.4678,.73205751,93.97982,927.9187,-.0848388,5.1617398,6.8329439,4.5430799,-1.89712,10.61794,9.2803326,8.9420948,3.7328961,-.31189629,5.1734238,-.061087701,4.514648,6.779417,-2.3025849,10.61794,9.2799597,8.9316444,3.7013021
OH,73,.15000001,Ohio,105800000000,40.414928,-82.711998,40861.238,36,42,10738,7730.6001,44.400002,4381.0024,120.5,30.6,43711,.94594592,167.37759,.6891892,98.671227,984.48187,-.055569898,5.1202521,6.8921161,4.591794,-1.89712,10.61794,9.2815437,8.9529419,3.7932401,-.37223941,5.1617398,-.0848388,4.5430799,6.8329439,-1.89712,10.61794,9.2803326,8.9420948,3.7328961
OH,74,.15000001,Ohio,105800000000,40.414928,-82.711998,40861.238,36,42.900002,10730,7797.7002,49.299999,4774.6519,122.1,31.5,47406,.87018257,168.0153,.63894522,96.848923,961.58221,-.1390522,5.1240549,6.8685799,4.5731521,-1.89712,10.61794,9.2807989,8.9615841,3.8979239,-.44793659,5.1202521,-.055569898,4.591794,6.8921161,-1.89712,10.61794,9.2815437,8.9529419,3.7932401
OH,75,.15000001,Ohio,105800000000,40.414928,-82.711998,40861.238,36,46,10727,7867.7002,53.799999,5111.3389,122.5,33.299999,48750,.85501862,167.0193,.61895913,95.006302,906.13391,-.15663201,5.1181092,6.8091869,4.5539432,-1.89712,10.61794,9.2805185,8.970521,3.9852729,-.479716,5.1240549,-.1390522,4.5731521,6.8685799,-1.89712,10.61794,9.2807989,8.9615841,3.8979239
OH,76,.15000001,Ohio,105800000000,40.414928,-82.711998,40861.238,36,48.5,10703,7916.6001,56.900002,5601.6206,124.6,36,54395,.85237259,168.4554,.63268888,98.446747,955.97528,-.15973151,5.1266708,6.8627319,4.5895162,-1.89712,10.61794,9.2782793,8.976717,4.041296,-.4577764,5.1181092,-.15663201,4.5539432,6.8091869,-1.89712,10.61794,9.2805185,8.970521,3.9852729
OH,77,.15000001,Ohio,105800000000,40.414928,-82.711998,40861.238,36,49.799999,10715,7984.6001,60.599998,6149.8813,127.3,36.900002,60955,.82178217,170.8313,.60891092,101.4832,1005.858,-.1962799,5.140676,6.9135962,4.6198931,-1.89712,10.61794,9.2793999,8.9852695,4.1042948,-.49608329,5.1266708,-.15973151,4.5895162,6.8627319,-1.89712,10.61794,9.2782793,8.976717,4.041296
OH,78,.15000001,Ohio,105800000000,40.414928,-82.711998,40861.238,36,53.900002,10732,8050.7998,65.199997,6804.9468,131.3,41.400002,68185,.82668722,175.0275,.63496941,104.3704,1045.782,-.1903289,5.1649432,6.9525199,4.6479459,-1.89712,10.61794,9.2809849,8.9935265,4.1774588,-.45417851,5.140676,-.1962799,4.6198931,6.9135962,-1.89712,10.61794,9.2793999,8.9852695,4.1042948
OH,79,.15000001,Ohio,105800000000,40.414928,-82.711998,40861.238,36,56.299999,10731,8089.1001,72.599998,7502.7334,130.89999,43.400002,75292,.77548212,173.6519,.5977962,103.3434,1037.08,-.25427029,5.157053,6.9441638,4.6380582,-1.89712,10.61794,9.2808924,8.9982729,4.284965,-.51450539,5.1649432,-.1903289,4.6479459,6.9525199,-1.89712,10.61794,9.2809849,8.9935265,4.1774588
OH,80,.15000001,Ohio,105800000000,40.414928,-82.711998,40861.238,36,58.700001,10797,8133.2002,82.400002,8130.3345,133.5,46.299999,79233,.71237862,177.2242,.56189322,98.669113,961.56549,-.33914569,5.1774149,6.8685632,4.5917721,-1.89712,10.61794,9.2870235,9.0037098,4.4115849,-.57644361,5.157053,-.25427029,4.6380582,6.9441638,-1.89712,10.61794,9.2808924,8.9982729,4.284965
OH,81,.15000001,Ohio,105800000000,40.414928,-82.711998,40861.238,36,61.400002,10781,8144.7002,90.900002,8789.4688,132.8,49.400002,85214,.67546761,175.7851,.54345429,96.693817,937.44781,-.3923502,5.1692619,6.8431611,4.5715489,-1.89712,10.61794,9.2855406,9.0051231,4.5097599,-.60980958,5.1774149,-.33914569,4.5917721,6.8685632,-1.89712,10.61794,9.2870235,9.0037098,4.4115849
OH,82,.14,Ohio,105800000000,40.414928,-82.711998,40861.238,36,68.300003,10791,8171.6001,96.5,9259.4063,134,56.299999,86395,.70777208,176.9536,.58341968,95.952393,895.28497,-.34563309,5.1758881,6.797142,4.5638518,-1.966113,10.61794,9.2864676,9.00842,4.5695429,-.53884852,5.1692619,-.3923502,4.5715489,6.8431611,-1.89712,10.61794,9.2855406,9.0051231,4.5097599
OH,83,.14,Ohio,105800000000,40.414928,-82.711998,40861.238,36,82.5,10746,8166.7998,99.599998,9800.5469,130,66.400002,90778,.82831329,171.056,.66666669,98.399063,911.42572,-.18836381,5.1419911,6.8150101,4.5890312,-1.966113,10.61794,9.2822886,9.0078325,4.601162,-.4054651,5.1758881,-.34563309,4.5638518,6.797142,-1.966113,10.61794,9.2864676,9.00842,4.5695429
OH,84,.14,Ohio,105800000000,40.414928,-82.711998,40861.238,36,89.199997,10752,8185,103.9,10736.354,127.1,75.400002,99991,.85851783,166.9614,.72569782,103.3335,962.37732,-.1525479,5.117763,6.8694072,4.6379619,-1.966113,10.61794,9.2828474,9.0100584,4.6434288,-.32062161,5.1419911,-.18836381,4.5890312,6.8150101,-1.966113,10.61794,9.2822886,9.0078325,4.601162
OH,85,.14,Ohio,105800000000,40.414928,-82.711998,40861.238,36,92.199997,10745,8215.5996,107.6,11247.997,126.7,79.300003,106531,.85687733,165.7081,.7369889,104.5353,990.06512,-.1544605,5.1102281,6.8977709,4.6495252,-1.966113,10.61794,9.282196,9.0137901,4.678421,-.30518249,5.117763,-.1525479,4.6379619,6.8694072,-1.966113,10.61794,9.2828474,9.0100584,4.6434288
OH,86,.14,Ohio,105800000000,40.414928,-82.711998,40861.238,36,98.099998,10748,8255.9004,109.6,11814.567,126.3,85.400002,111656,.895073,164.4245,.7791971,107.7971,1018.759,-.11085,5.1024518,6.9263411,4.6802511,-1.966113,10.61794,9.2824755,9.0186834,4.6968369,-.2494913,5.1102281,-.1544605,4.6495252,6.8977709,-1.966113,10.61794,9.282196,9.0137901,4.678421
OH,87,.14,Ohio,105800000000,40.414928,-82.711998,40861.238,36,102.2,10784,8300,113.6,12360.794,124.6,90.5,117766,.89964789,161.88989,.79665488,108.8098,1036.673,-.1057518,5.086916,6.9437709,4.6896009,-1.966113,10.61794,9.2858191,9.0240107,4.7326841,-.22733361,5.1024518,-.11085,4.6802511,6.9263411,-1.966113,10.61794,9.2824755,9.0186834,4.6968369
OH,88,.18000001,Ohio,105800000000,40.414928,-82.711998,40861.238,36,108.4,10855,8375,118.3,13261,122.4,94.400002,126530,.91631442,158.645,.79797119,112.0964,1069.569,-.087395698,5.066669,6.9750109,4.7193589,-1.714798,10.61794,9.2923813,9.0330067,4.7732239,-.22568271,5.086916,-.1057518,4.6896009,6.9437709,-1.966113,10.61794,9.2858191,9.0240107,4.7326841
OH,89,.18000001,Ohio,105800000000,40.414928,-82.711998,40861.238,36,120.5,10907,8407,124,13994,118.6,103.8,132988,.97177422,153.86819,.83709681,112.8548,1072.484,-.028631801,5.036097,6.9777331,4.7261019,-1.714798,10.61794,9.2971601,9.0368204,4.820282,-.1778156,5.066669,-.087395698,4.7193589,6.9750109,-1.714798,10.61794,9.2923813,9.0330067,4.7732239
OH,90,.18000001,Ohio,105800000000,40.414928,-82.711998,40861.238,36,135.39999,10925.1,8421,130.7,15025,115.5,115.6,140027,1.03596,149.8455,.88446832,114.9579,1071.3621,.035328701,5.0096049,6.976686,4.744566,-1.714798,10.61794,9.2988186,9.0384836,4.8729048,-.1227687,5.036097,-.028631801,4.7261019,6.9777331,-1.714798,10.61794,9.2971601,9.0368204,4.820282
OH,91,.18000001,Ohio,105800000000,40.414928,-82.711998,40861.238,36,139.8,11017.8,8492.5996,136.2,15396,113.2,120.5,144043,1.026432,146.85899,.88472837,113.0396,1057.584,.0260885,4.9894729,6.9637432,4.7277389,-1.714798,10.61794,9.3072672,9.0469503,4.914124,-.1224746,5.0096049,.035328701,4.744566,6.976686,-1.714798,10.61794,9.2988186,9.0384836,4.8729048
OH,92,.18000001,Ohio,105800000000,40.414928,-82.711998,40861.238,36,159.60001,11095.3,8569.2002,140.3,16359,112.3,135.8,153394,1.137562,145.40469,.96792579,116.6001,1093.329,.1288877,4.9795208,6.9969821,4.75875,-1.714798,10.61794,9.3142767,9.0559301,4.9437828,-.032599799,4.9894729,.0260885,4.7277389,6.9637432,-1.714798,10.61794,9.3072672,9.0469503,4.914124
