Datasets/panel/Baltagi and Levine/cigarette.csv
idstate,year,txrate,name,aland,ycoord,xcoord,land,state,price,pop,pop16,cpi,ndi,sales,pimin,comp,ppp,spp,mppp,ipc,ncom,lnprice,lnsales,lncomp,lnndi,lntxrate,lnland,lnpop,lnpop16,lncpi,lnminp,lnsales_lag,lnprice_lag,lnndi_lag,lncomp_lag,lntxrate_lag,lnland_lag,lnpop_lag,lnpop16_lag,lncpi_lag
OK,63,.07,Oklahoma,177700000000,35.59005,-97.486816,68594.945,37,28.4,2450,1723.2,30.6,1789.5685,113.4,25.799999,3333,.92810458,161.2291,.8431372,58.482632,108.9216,-.074610896,5.0828271,4.6906281,4.0687299,-2.65926,11.13597,7.803843,7.4519382,3.421,-.1706256,,,,,,,,,
OK,64,.07,Oklahoma,177700000000,35.59005,-97.486816,68594.945,37,28.799999,2461,1733.9,31,1929.5062,111.5,25.6,3525,.92903221,158.25681,.82580638,62.242142,113.7097,-.0736119,5.064219,4.7336478,4.131032,-2.65926,11.13597,7.8083229,7.458128,3.4339869,-.1913949,5.0828271,-.074610896,4.0687299,4.6906281,-2.65926,11.13597,7.803843,7.4519382,3.421
OK,65,.07,Oklahoma,177700000000,35.59005,-97.486816,68594.945,37,28.799999,2448,1731,31.5,2085.7871,115.6,26.1,3732,.91428572,163.4828,.82857138,66.215462,118.4762,-.089612201,5.0967078,4.7747121,4.192914,-2.65926,11.13597,7.8030272,7.4564552,3.4499879,-.18805221,5.064219,-.0736119,4.131032,4.7336478,-2.65926,11.13597,7.8083229,7.458128,3.4339869
OK,66,.079999998,Oklahoma,177700000000,35.59005,-97.486816,68594.945,37,30.4,2478,1762.1,32.400002,2201.2102,115.9,26.200001,4093,.93827152,162.9875,.80864203,67.938583,126.3272,-.063715898,5.0936732,4.8388748,4.2186041,-2.5257289,11.13597,7.815207,7.4742622,3.478158,-.21239901,5.0967078,-.089612201,4.192914,4.7747121,-2.65926,11.13597,7.8030272,7.4564552,3.4499879
OK,67,.079999998,Oklahoma,177700000000,35.59005,-97.486816,68594.945,37,30.700001,2516,1803,33.400002,2362.5981,117.9,27.5,4480,.91916168,164.5238,.82335317,70.736473,134.1317,-.084293202,5.103055,4.8988218,4.2589612,-2.5257289,11.13597,7.8304262,7.4972072,3.5085559,-.19437,5.0936732,-.063715898,4.2186041,4.8388748,-2.5257289,11.13597,7.815207,7.4742622,3.478158
OK,68,.13,Oklahoma,177700000000,35.59005,-97.486816,68594.945,37,31.200001,2542,1833.2,34.799999,2548.5007,113,29.200001,4943,.89655179,156.69099,.83908051,73.23278,142.04021,-.1091992,5.054276,4.95611,4.293643,-2.040221,11.13597,7.8407059,7.5138178,3.5496171,-.1754486,5.103055,-.084293202,4.2589612,4.8988218,-2.5257289,11.13597,7.8304262,7.4972072,3.5085559
OK,69,.13,Oklahoma,177700000000,35.59005,-97.486816,68594.945,37,36.900002,2568,1871.2,36.700001,2701.7173,108.7,29.9,5457,1.00545,149.1779,.8147139,73.616272,148.69209,.0054349001,5.0051389,5.0018778,4.2988658,-2.040221,11.13597,7.850883,7.5343351,3.602777,-.2049183,5.054276,-.1091992,4.293643,4.95611,-2.040221,11.13597,7.8407059,7.5138178,3.5496171
OK,70,.13,Oklahoma,177700000000,35.59005,-97.486816,68594.945,37,38.400002,2559,1871.2,38.799999,2959.1211,108.4,34.200001,5930,.98969078,148.2448,.88144332,76.266006,152.8351,-.0103627,4.9988651,5.0293589,4.3342271,-2.040221,11.13597,7.8473721,7.5343351,3.6584201,-.1261946,5.0051389,.0054349001,4.2988658,5.0018778,-2.040221,11.13597,7.850883,7.5343351,3.602777
OK,71,.13,Oklahoma,177700000000,35.59005,-97.486816,68594.945,37,39.799999,2607,1919.9,40.5,3130.7234,115.4,36.799999,6350,.98271602,156.69971,.90864187,77.301811,156.7901,-.0174351,5.0543308,5.0549078,4.3477168,-2.040221,11.13597,7.8659549,7.560029,3.7013021,-.0958042,4.9988651,-.0103627,4.3342271,5.0293589,-2.040221,11.13597,7.8473721,7.5343351,3.6584201
OK,72,.13,Oklahoma,177700000000,35.59005,-97.486816,68594.945,37,39.799999,2639,1955,41.799999,3315.6047,121.7,37.700001,6997,.95215309,164.2794,.90191388,79.320686,167.3923,-.049029499,5.1015692,5.1203399,4.3734989,-2.040221,11.13597,7.8781552,7.578146,3.7328961,-.1032362,5.0543308,-.0174351,4.3477168,5.0549078,-2.040221,11.13597,7.8659549,7.560029,3.7013021
OK,73,.13,Oklahoma,177700000000,35.59005,-97.486816,68594.945,37,40.400002,2667,1990.1,44.400002,3819.1763,124.1,37.700001,7840,.9099099,166.31059,.8490991,86.017479,176.5766,-.094409697,5.1138568,5.1737552,4.4545512,-2.040221,11.13597,7.88871,7.5959401,3.7932401,-.1635794,5.1015692,-.049029499,4.3734989,5.1203399,-2.040221,11.13597,7.8781552,7.578146,3.7328961
OK,74,.13,Oklahoma,177700000000,35.59005,-97.486816,68594.945,37,41,2697,2026.1,49.299999,4160.3384,130.5,38,8930,.83164299,173.7123,.77079111,84.388206,181.13589,-.184352,5.1574011,5.1992478,4.4354281,-2.040221,11.13597,7.8998952,7.6138682,3.8979239,-.26033789,5.1138568,-.094409697,4.4545512,5.1737552,-2.040221,11.13597,7.88871,7.5959401,3.7932401
OK,75,.13,Oklahoma,177700000000,35.59005,-97.486816,68594.945,37,43.599998,2728,2061.2,53.799999,4616.9233,132.89999,42.700001,9865,.81040889,175.8933,.79368031,85.816422,183.3643,-.2102164,5.169878,5.2114749,4.4522099,-2.040221,11.13597,7.911324,7.631043,3.9852729,-.2310745,5.1574011,-.184352,4.4354281,5.1992478,-2.040221,11.13597,7.8998952,7.6138682,3.8979239
OK,76,.13,Oklahoma,177700000000,35.59005,-97.486816,68594.945,37,46.400002,2771,2107.8999,56.900002,5047.9722,138.60001,44.700001,11168,.81546569,182.20061,.78558868,88.716553,196.2742,-.2039959,5.2051082,5.2795119,4.485446,-2.040221,11.13597,7.9269629,7.6534481,4.041296,-.2413218,5.169878,-.2102164,4.4522099,5.2114749,-2.040221,11.13597,7.911324,7.631043,3.9852729
OK,77,.13,Oklahoma,177700000000,35.59005,-97.486816,68594.945,37,47.900002,2805,2143,60.599998,5551.5439,140.39999,45.900002,12685,.79042912,183.7713,.75742579,91.609642,209.32339,-.23517931,5.2136922,5.3438811,4.5175371,-2.040221,11.13597,7.9391589,7.6699619,4.1042948,-.27782971,5.2051082,-.2039959,4.485446,5.2795119,-2.040221,11.13597,7.9269629,7.6534481,4.041296
OK,78,.13,Oklahoma,177700000000,35.59005,-97.486816,68594.945,37,53.099998,2843,2179,65.199997,6248.168,143.60001,49.900002,14657,.81441718,187.3588,.76533753,95.830803,224.8006,-.20528249,5.233026,5.4152141,4.5625839,-2.040221,11.13597,7.9526148,7.6866212,4.1774588,-.26743841,5.2136922,-.23517931,4.5175371,5.3438811,-2.040221,11.13597,7.9391589,7.6699619,4.1042948
OK,79,.13,Oklahoma,177700000000,35.59005,-97.486816,68594.945,37,55.5,2892,2221.8999,72.599998,7113.3306,141.60001,52.200001,16908,.76446283,184.30499,.71900833,97.979759,232.89259,-.2685819,5.2165918,5.4505768,4.5847611,-2.040221,11.13597,7.9697042,7.7061181,4.284965,-.32988241,5.233026,-.20528249,4.5625839,5.4152141,-2.040221,11.13597,7.9526148,7.6866212,4.1774588
OK,80,.18000001,Oklahoma,177700000000,35.59005,-97.486816,68594.945,37,62.900002,3025,2316.3999,82.400002,7889.6274,141.60001,57.299999,19932,.76334947,184.91631,.69538832,95.747902,241.8932,-.27003929,5.219903,5.4884958,4.5617189,-1.714798,11.13597,8.0146666,7.7477689,4.4115849,-.36328489,5.2165918,-.2685819,4.5847611,5.4505768,-2.040221,11.13597,7.9697042,7.7061181,4.284965
OK,81,.18000001,Oklahoma,177700000000,35.59005,-97.486816,68594.945,37,65.800003,3100,2370,90.900002,8826.291,143.7,59.799999,23500,.72387242,187.96201,.65786582,97.098907,258.52579,-.32314011,5.2362399,5.554996,4.5757298,-1.714798,11.13597,8.0391569,7.7706451,4.5097599,-.4187544,5.219903,-.27003929,4.5617189,5.4884958,-1.714798,11.13597,8.0146666,7.7477689,4.4115849
OK,82,.18000001,Oklahoma,177700000000,35.59005,-97.486816,68594.945,37,71.699997,3177,2424.5,96.5,9376.8486,147,64.699997,26045,.74300522,192.62489,.6704663,97.169418,269.89639,-.29705229,5.260745,5.5980382,4.5764561,-1.714798,11.13597,8.063693,7.7933812,4.5695429,-.39978179,5.2362399,-.32314011,4.5757298,5.554996,-1.714798,11.13597,8.0391569,7.7706451,4.5097599
OK,83,.18000001,Oklahoma,177700000000,35.59005,-97.486816,68594.945,37,83.900002,3298,2508.3,99.599998,9553.5586,140,74.800003,25700,.8423695,184.0769,.75100398,95.919273,258.0321,-.17153651,5.215353,5.5530839,4.5635071,-1.714798,11.13597,8.1010714,7.8273611,4.601162,-.28634429,5.260745,-.29705229,4.5764561,5.5980382,-1.714798,11.13597,8.063693,7.7933812,4.5695429
OK,84,.18000001,Oklahoma,177700000000,35.59005,-97.486816,68594.945,37,93.300003,3298,2510.2,103.9,10029.551,128.10001,84.800003,27213,.89797878,168.3029,.81616938,96.530807,261.91531,-.1076088,5.1257648,5.5680208,4.5698619,-1.714798,11.13597,8.1010714,7.8281178,4.6434288,-.2031333,5.215353,-.17153651,4.5635071,5.5530839,-1.714798,11.13597,8.1010714,7.8273611,4.601162
OK,85,.18000001,Oklahoma,177700000000,35.59005,-97.486816,68594.945,37,95.099998,3316,2507.3,107.6,9973.3721,124.2,93.699997,27894,.883829,164.2592,.87081778,92.689331,259.23792,-.1234917,5.1014462,5.5577459,4.529253,-1.714798,11.13597,8.1065149,7.826962,4.678421,-.1383225,5.1257648,-.1076088,4.5698619,5.5680208,-1.714798,11.13597,8.1010714,7.8281178,4.6434288
OK,86,.18000001,Oklahoma,177700000000,35.59005,-97.486816,68594.945,37,104.6,3306,2509.2,109.6,10159.274,119.9,101.2,27434,.95437962,157.9744,.92335773,92.694107,250.3102,-.046693798,5.0624328,5.5227008,4.529305,-1.714798,11.13597,8.1034946,7.8277192,4.6968369,-.079738602,5.1014462,-.1234917,4.529253,5.5577459,-1.714798,11.13597,8.1065149,7.826962,4.678421
OK,87,.23,Oklahoma,177700000000,35.59005,-97.486816,68594.945,37,114.4,3272,2481,113.6,10359.478,113.1,108.5,27411,1.0070421,149.15891,.95510572,91.192589,241.29401,.0070175999,5.005012,5.4860158,4.5129738,-1.469676,11.13597,8.0931568,7.8164172,4.7326841,-.045933299,5.0624328,-.046693798,4.529305,5.5227008,-1.714798,11.13597,8.1034946,7.8277192,4.6968369
OK,88,.23,Oklahoma,177700000000,35.59005,-97.486816,68594.945,37,122.6,3242,2458,118.3,10956,103.6,113.7,28562,1.036348,136.6441,.96111578,92.612,241.437,.035703201,4.9173799,5.486609,4.528419,-1.469676,11.13597,8.0839453,7.8071032,4.7732239,-.039660402,5.005012,.0070175999,4.5129738,5.4860158,-1.469676,11.13597,8.0931568,7.8164172,4.7326841
OK,89,.23,Oklahoma,177700000000,35.59005,-97.486816,68594.945,37,133.39999,3224,2464,124,11591,97.5,118.9,30040,1.075806,127.5731,.95887101,93.475807,242.2581,.073070496,4.8486891,5.4900041,4.537703,-1.469676,11.13597,8.0783777,7.8095412,4.820282,-.041998699,4.9173799,.035703201,4.528419,5.486609,-1.469676,11.13597,8.0839453,7.8071032,4.7732239
OK,90,.23,Oklahoma,177700000000,35.59005,-97.486816,68594.945,37,146.10001,3219.8999,2460.8999,130.7,12579,88.400002,129.10001,32007,1.1178271,115.6647,.98775828,96.243309,244.8891,.1113868,4.7506952,5.5008049,4.5668788,-1.469676,11.13597,8.0771065,7.8082819,4.8729048,-.0123173,4.8486891,.073070496,4.537703,5.4900041,-1.469676,11.13597,8.0783777,7.8095412,4.820282
OK,91,.23,Oklahoma,177700000000,35.59005,-97.486816,68594.945,37,149.10001,3249.6001,2483.3999,136.2,12951,87.800003,132.5,33644,1.094714,114.8888,.97283411,95.088097,247.0191,.090492897,4.7439651,5.5094662,4.5548038,-1.469676,11.13597,8.0862865,7.8173838,4.914124,-.027541701,4.7506952,.1113868,4.5668788,5.5008049,-1.469676,11.13597,8.0771065,7.8082819,4.8729048
OK,92,.23,Oklahoma,177700000000,35.59005,-97.486816,68594.945,37,170.60001,3287.5,2511.2,140.3,14344,86.300003,153.10001,35573,1.215966,112.9784,1.091233,102.2381,253.5495,.1955386,4.7271962,5.5355592,4.6273041,-1.469676,11.13597,8.0978823,7.828516,4.9437828,.087308399,4.7439651,.090492897,4.5548038,5.5094662,-1.469676,11.13597,8.0862865,7.8173838,4.914124
