Datasets/panel/Baltagi and Levine/cigarette.csv
idstate,year,txrate,name,aland,ycoord,xcoord,land,state,price,pop,pop16,cpi,ndi,sales,pimin,comp,ppp,spp,mppp,ipc,ncom,lnprice,lnsales,lncomp,lnndi,lntxrate,lnland,lnpop,lnpop16,lncpi,lnminp,lnsales_lag,lnprice_lag,lnndi_lag,lncomp_lag,lntxrate_lag,lnland_lag,lnpop_lag,lnpop16_lag,lncpi_lag
PA,63,.079999998,Pennsylvania,115900000000,40.902496,-77.83345,44742.75,39,26.799999,11408,7991.7002,30.6,2188.3647,128.3,26.200001,21281,.87581688,183.1458,.85620922,71.51519,695.45752,-.13259821,5.2102828,6.54457,4.2699099,-2.5257289,10.70868,9.3420706,8.9861584,3.421,-.1552406,,,,,,,,,
PA,64,.079999998,Pennsylvania,115900000000,40.902496,-77.83345,44742.75,39,29.700001,11505,8068.7998,31,2344.4551,117.4,26.4,22736,.95806462,167.3963,.85161293,75.627586,733.41937,-.042840101,5.1203642,6.5977178,4.3258209,-2.5257289,10.70868,9.3505373,8.99576,3.4339869,-.16062319,5.2102828,-.13259821,4.2699099,6.54457,-2.5257289,10.70868,9.3420706,8.9861584,3.421
PA,65,.079999998,Pennsylvania,115900000000,40.902496,-77.83345,44742.75,39,29.799999,11583,8149.7998,31.5,2484.0061,120.4,26.4,24407,.94603169,171.1199,.83809519,78.857338,774.82538,-.055479199,5.142365,6.652637,4.36764,-2.5257289,10.70868,9.3572941,9.0057487,3.4499879,-.17662349,5.1203642,-.042840101,4.3258209,6.5977178,-2.5257289,10.70868,9.3505373,8.99576,3.4339869
PA,66,.079999998,Pennsylvania,115900000000,40.902496,-77.83345,44742.75,39,29.799999,11657,8238.5,32.400002,2655.6021,122.9,26.299999,26887,.91975302,173.89639,.81172842,81.96302,829.84558,-.083650097,5.1584601,6.72124,4.4062681,-2.5257289,10.70868,9.3636618,9.0165739,3.478158,-.20858949,5.142365,-.055479199,4.36764,6.652637,-2.5257289,10.70868,9.3572941,9.0057487,3.4499879
PA,67,.079999998,Pennsylvania,115900000000,40.902496,-77.83345,44742.75,39,30.1,11672,8294.4004,33.400002,2837.5349,125.5,27,28511,.90119761,176.60539,.80838323,84.956131,853.62268,-.1040308,5.1739178,6.7494888,4.4421349,-2.5257289,10.70868,9.3649483,9.0233355,3.5085559,-.21271899,5.1584601,-.083650097,4.4062681,6.72124,-2.5257289,10.70868,9.3636618,9.0165739,3.478158
PA,68,.13,Pennsylvania,115900000000,40.902496,-77.83345,44742.75,39,36.400002,11750,8412.9004,34.799999,3033.9399,117.1,30.799999,30930,1.045977,163.54939,.88505739,87.182182,888.79321,.044951499,5.097115,6.789865,4.4679999,-2.040221,10.70868,9.3716087,9.0375214,3.5496171,-.1221027,5.1739178,-.1040308,4.4421349,6.7494888,-2.5257289,10.70868,9.3649483,9.0233355,3.5085559
PA,69,.13,Pennsylvania,115900000000,40.902496,-77.83345,44742.75,39,36.5,11803,8563.2998,36.700001,3255.1541,114.7,30.700001,33996,.99455041,158.0937,.83651233,88.696297,926.32147,-.0054644998,5.0631881,6.8312221,4.485218,-2.040221,10.70868,9.3761091,9.0552406,3.602777,-.17851409,5.097115,.044951499,4.4679999,6.789865,-2.040221,10.70868,9.3716087,9.0375214,3.5496171
PA,70,.18000001,Pennsylvania,115900000000,40.902496,-77.83345,44742.75,39,38.400002,11793,8525.7002,38.799999,3494.9749,107.3,32.599998,36077,.98969078,148.4205,.84020609,90.076683,929.81958,-.0103627,5.0000501,6.834991,4.5006609,-1.714798,10.70868,9.3752613,9.0508404,3.6584201,-.174108,5.0631881,-.0054644998,4.485218,6.8312221,-2.040221,10.70868,9.3761091,9.0552406,3.602777
PA,71,.18000001,Pennsylvania,115900000000,40.902496,-77.83345,44742.75,39,44.700001,11864,8658.7002,40.5,3701.7168,106.3,34.200001,37871,1.103704,145.65041,.84444451,91.400414,935.08643,.0986716,4.9812088,6.8406391,4.5152502,-1.714798,10.70868,9.3812637,9.0663195,3.7013021,-.16907629,5.0000501,-.0103627,4.5006609,6.834991,-1.714798,10.70868,9.3752613,9.0508404,3.6584201
PA,72,.18000001,Pennsylvania,115900000000,40.902496,-77.83345,44742.75,39,44.700001,11871,8742.5996,41.799999,3929.1331,109,34.299999,41484,1.069378,148.00391,.82057422,93.998398,992.44019,.067077197,4.9972391,6.900167,4.5432782,-1.714798,10.70868,9.3818541,9.075963,3.7328961,-.197751,4.9812088,.0986716,4.5152502,6.8406391,-1.714798,10.70868,9.3812637,9.0663195,3.7013021
PA,73,.18000001,Pennsylvania,115900000000,40.902496,-77.83345,44742.75,39,44.900002,11840,8800.4004,44.400002,4359.1567,110.7,35.299999,46069,1.011261,148.935,.79504502,98.179199,1037.59,.0111983,5.00351,6.9446559,4.5867939,-1.714798,10.70868,9.3792391,9.0825529,3.7932401,-.2293565,4.9972391,.067077197,4.5432782,6.900167,-1.714798,10.70868,9.3818541,9.075963,3.7328961
PA,74,.18000001,Pennsylvania,115900000000,40.902496,-77.83345,44742.75,39,46.599998,11807,8853.4004,49.299999,4777.8096,114.2,35.799999,50505,.94523323,152.29849,.72616631,96.912971,1024.442,-.056323599,5.0258422,6.9319038,4.573813,-1.714798,10.70868,9.3764477,9.0885572,3.8979239,-.31997621,5.00351,.0111983,4.5867939,6.9446559,-1.714798,10.70868,9.3792391,9.0825529,3.7932401
PA,75,.18000001,Pennsylvania,115900000000,40.902496,-77.83345,44742.75,39,49.799999,11829,8945,53.799999,5227.4731,114.6,39.5,53445,.92565048,151.54871,.73420078,97.164932,993.40149,-.077258497,5.0209069,6.901135,4.5764098,-1.714798,10.70868,9.3783092,9.0988503,3.9852729,-.30897269,5.0258422,-.056323599,4.573813,6.9319038,-1.714798,10.70868,9.3764477,9.0885572,3.8979239
PA,76,.18000001,Pennsylvania,115900000000,40.902496,-77.83345,44742.75,39,52.299999,11807,8999.9004,56.900002,5680.2383,118.8,46.099998,58409,.91915637,155.8541,.8101933,99.828438,1026.52,-.084298998,5.0489211,6.9339299,4.6034532,-1.714798,10.70868,9.3764477,9.104969,4.041296,-.2104824,5.0209069,-.077258497,4.5764098,6.901135,-1.714798,10.70868,9.3783092,9.0988503,3.9852729
PA,77,.18000001,Pennsylvania,115900000000,40.902496,-77.83345,44742.75,39,53.299999,11791,9052,60.599998,6157.8125,120.1,48.900002,64130,.87953788,156.44051,.80693072,101.6141,1058.251,-.1283586,5.0526762,6.9643731,4.621182,-1.714798,10.70868,9.3750916,9.1107407,4.1042948,-.2145175,5.0489211,-.084298998,4.6034532,6.9339299,-1.714798,10.70868,9.3764477,9.104969,4.041296
PA,78,.18000001,Pennsylvania,115900000000,40.902496,-77.83345,44742.75,39,57.400002,11763,9091.5,65.199997,6741.8589,122.3,52.099998,71129,.88036817,158.2374,.79907978,103.4027,1090.936,-.12741511,5.064096,6.994791,4.6386309,-1.714798,10.70868,9.372714,9.1150951,4.1774588,-.2242945,5.0526762,-.1283586,4.621182,6.9643731,-1.714798,10.70868,9.3750916,9.1107407,4.1042948
PA,79,.18000001,Pennsylvania,115900000000,40.902496,-77.83345,44742.75,39,60.599998,11731,9118.5,72.599998,7483.0293,122.6,56.200001,78678,.83471072,157.7256,.77410471,103.072,1083.719,-.1806701,5.0608568,6.9881539,4.635428,-1.714798,10.70868,9.3699903,9.1180611,4.284965,-.25604811,5.064096,-.12741511,4.6386309,6.994791,-1.714798,10.70868,9.372714,9.1150951,4.1774588
PA,80,.18000001,Pennsylvania,115900000000,40.902496,-77.83345,44742.75,39,61.299999,11864,9230.2998,82.400002,8231.4355,124,58.099998,84713,.74393201,159.3812,.70509708,99.896057,1028.0699,-.2958056,5.0712991,6.9354391,4.6041298,-1.714798,10.70868,9.3812637,9.1302471,4.4115849,-.3494198,5.0608568,-.1806701,4.635428,6.9881539,-1.714798,10.70868,9.3699903,9.1180611,4.284965
PA,81,.18000001,Pennsylvania,115900000000,40.902496,-77.83345,44742.75,39,64.800003,11871,9275.5996,90.900002,9035.6621,125.2,61.400002,91436,.71287131,160.2321,.67546761,99.402222,1005.897,-.3384544,5.076623,6.9136338,4.599174,-1.714798,10.70868,9.3818541,9.1351423,4.5097599,-.3923502,5.0712991,-.2958056,4.6041298,6.9354391,-1.714798,10.70868,9.3812637,9.1302471,4.4115849
PA,82,.18000001,Pennsylvania,115900000000,40.902496,-77.83345,44742.75,39,69.800003,11865,9292,96.5,9616.6074,123.3,65.400002,93698,.72331607,157.4424,.67772019,99.653961,970.96368,-.32390901,5.0590601,6.8782892,4.6017041,-1.714798,10.70868,9.3813486,9.1369085,4.5695429,-.38902071,5.076623,-.3384544,4.599174,6.9136338,-1.714798,10.70868,9.3818541,9.1351423,4.5097599
PA,83,.18000001,Pennsylvania,115900000000,40.902496,-77.83345,44742.75,39,81.699997,11895,9341.2002,99.599998,10151.036,125.3,74.900002,96777,.82028109,159.55589,.75200808,101.918,971.65662,-.1981082,5.0723939,6.879003,4.6241689,-1.714798,10.70868,9.383873,9.14219,4.601162,-.28500819,5.0590601,-.32390901,4.6017041,6.8782892,-1.714798,10.70868,9.3813486,9.1369085,4.5695429
PA,84,.18000001,Pennsylvania,115900000000,40.902496,-77.83345,44742.75,39,97.699997,11901,9367.2002,103.9,10842.588,115.3,84.199997,104381,.94032723,146.4883,.81039459,104.356,1004.629,-.061527401,4.9869461,6.912374,4.6478081,-1.714798,10.70868,9.3843765,9.1449699,4.6434288,-.210234,5.0723939,-.1981082,4.6241689,6.879003,-1.714798,10.70868,9.383873,9.14219,4.601162
PA,85,.18000001,Pennsylvania,115900000000,40.902496,-77.83345,44742.75,39,100.1,11864,9370.0996,107.6,11532.073,115.8,90.099998,110077,.93029737,146.6208,.83736062,107.1754,1023.02,-.072251,4.9878502,6.9305148,4.6744671,-1.714798,10.70868,9.3812637,9.1452789,4.678421,-.1775005,4.9869461,-.061527401,4.6478081,6.912374,-1.714798,10.70868,9.3843765,9.1449699,4.6434288
PA,86,.18000001,Pennsylvania,115900000000,40.902496,-77.83345,44742.75,39,104.9,11894,9412.5,109.6,12193.647,113.9,93.300003,115992,.95711678,143.9285,.85127741,111.2559,1058.321,-.043829799,4.969316,6.9644389,4.711833,-1.714798,10.70868,9.3837891,9.1497936,4.6968369,-.16101719,4.9878502,-.072251,4.6744671,6.9305148,-1.714798,10.70868,9.3812637,9.1452789,4.678421
PA,87,.18000001,Pennsylvania,115900000000,40.902496,-77.83345,44742.75,39,110,11936,9452,113.6,12911.043,100.6,100.3,124935,.96830988,127.0378,.88292259,113.6535,1099.78,-.032203101,4.8444848,7.0028648,4.7331548,-1.714798,10.70868,9.3873148,9.1539812,4.7326841,-.1245177,4.969316,-.043829799,4.711833,6.9644389,-1.714798,10.70868,9.3837891,9.1497936,4.6968369
PA,88,.18000001,Pennsylvania,115900000000,40.902496,-77.83345,44742.75,39,112.3,12001,9507,118.3,13891,107.6,108.4,134575,.94928151,135.827,.91631442,117.4218,1137.574,-.052049901,4.9113822,7.036653,4.7657728,-1.714798,10.70868,9.392745,9.1597834,4.7732239,-.087395698,4.8444848,-.032203101,4.7331548,7.0028648,-1.714798,10.70868,9.3873148,9.1539812,4.7326841
PA,89,.18000001,Pennsylvania,115900000000,40.902496,-77.83345,44742.75,39,122.8,12040,9525,124,14811,107.1,120.2,142640,.99032259,135.37891,.96935481,119.4436,1150.323,-.0097244997,4.9080768,7.0477982,4.7828441,-1.714798,10.70868,9.3959894,9.1616755,4.820282,-.031124599,4.9113822,-.052049901,4.7657728,7.036653,-1.714798,10.70868,9.392745,9.1597834,4.7732239
PA,90,.18000001,Pennsylvania,115900000000,40.902496,-77.83345,44742.75,39,133.7,12056.2,9537.7998,130.7,16136,101.3,131.5,150673,1.022953,128.0477,1.006121,123.4583,1152.816,.0226938,4.8524032,7.049963,4.8159041,-1.714798,10.70868,9.3973341,9.1630182,4.8729048,.0061022998,4.9080768,-.0097244997,4.7828441,7.0477982,-1.714798,10.70868,9.3959894,9.1616755,4.820282
PA,91,.18000001,Pennsylvania,115900000000,40.902496,-77.83345,44742.75,39,144.10001,12136.4,9579.5,136.2,16609,102.5,139.8,155464,1.0580029,129.8587,1.026432,121.9457,1141.439,.056383099,4.866446,7.0400448,4.803576,-1.714798,10.70868,9.403964,9.1673803,4.914124,.0260885,4.8524032,.0226938,4.8159041,7.049963,-1.714798,10.70868,9.3973341,9.1630182,4.8729048
PA,92,.18000001,Pennsylvania,115900000000,40.902496,-77.83345,44742.75,39,176.2,12185.1,9612,140.3,17658,96.199997,158.2,163859,1.25588,121.9524,1.127584,125.8589,1167.9189,.2278367,4.8036308,7.0629792,4.8351612,-1.714798,10.70868,9.4079695,9.1707678,4.9437828,.1200771,4.866446,.056383099,4.803576,7.0400448,-1.714798,10.70868,9.403964,9.1673803,4.914124
