Datasets/panel/Baltagi and Levine/cigarette.csv
idstate,year,txrate,name,aland,ycoord,xcoord,land,state,price,pop,pop16,cpi,ndi,sales,pimin,comp,ppp,spp,mppp,ipc,ncom,lnprice,lnsales,lncomp,lnndi,lntxrate,lnland,lnpop,lnpop16,lncpi,lnminp,lnsales_lag,lnprice_lag,lnndi_lag,lncomp_lag,lntxrate_lag,lnland_lag,lnpop_lag,lnpop16_lag,lncpi_lag
RI,63,.059999999,Rhode Island,2678000000,41.597836,-71.525291,1033.8142,40,27,877,615.5,30.6,2227.7271,144.60001,26.799999,1671,.88235289,206.0345,.87581688,72.801537,54.607841,-.12516309,5.328043,4.0001769,4.2877369,-2.813411,6.94101,6.7765069,6.4224348,3.421,-.13259821,,,,,,,,,
RI,64,.079999998,Rhode Island,2678000000,41.597836,-71.525291,1033.8142,40,27.299999,884,621.29999,31,2363.677,140.3,27.799999,1782,.88064522,199.6221,.89677417,76.247643,57.483871,-.1271005,5.2964258,4.0515051,4.3339858,-2.5257289,6.94101,6.7844572,6.4318142,3.4339869,-.1089512,5.328043,-.12516309,4.2877369,4.0001769,-2.813411,6.94101,6.7765069,6.4224348,3.421
RI,65,.079999998,Rhode Island,2678000000,41.597836,-71.525291,1033.8142,40,29.799999,891,629,31.5,2514.0461,133.2,28.1,1918,.94603169,188.6823,.8920635,79.810989,60.888889,-.055479199,5.2400651,4.1090512,4.3796611,-2.5257289,6.94101,6.792345,6.4441309,3.4499879,-.114218,5.2964258,-.1271005,4.3339858,4.0515051,-2.5257289,6.94101,6.7844572,6.4318142,3.4339869
RI,66,.079999998,Rhode Island,2678000000,41.597836,-71.525291,1033.8142,40,30,898,635.79999,32.400002,2708.7019,140.2,30.1,2119,.92592591,198.01759,.9290123,83.601913,65.40123,-.0769611,5.2883558,4.180541,4.4260659,-2.5257289,6.94101,6.8001699,6.4548841,3.478158,-.073633298,5.2400651,-.055479199,4.3796611,4.1090512,-2.5257289,6.94101,6.792345,6.4441309,3.4499879
RI,67,.079999998,Rhode Island,2678000000,41.597836,-71.525291,1033.8142,40,31,901,637.70001,33.400002,2905.4175,144.5,31.1,2275,.92814368,204.1626,.93113768,86.988541,68.11377,-.074568696,5.3189168,4.221179,4.465776,-2.5257289,6.94101,6.8035049,6.4578681,3.5085559,-.071348101,5.2883558,-.0769611,4.4260659,4.180541,-2.5257289,6.94101,6.8001699,6.4548841,3.478158
RI,68,.079999998,Rhode Island,2678000000,41.597836,-71.525291,1033.8142,40,32.099998,908,648.29999,34.799999,3077.4148,142.89999,31.299999,2480,.92241383,200.1438,.89942533,88.431473,71.264374,-.080761403,5.299036,4.266397,4.4822278,-2.5257289,6.94101,6.811244,6.4743528,3.5496171,-.1059993,5.3189168,-.074568696,4.465776,4.221179,-2.5257289,6.94101,6.8035049,6.4578681,3.5085559
RI,69,.13,Rhode Island,2678000000,41.597836,-71.525291,1033.8142,40,38.400002,911,658.90002,36.700001,3265.8911,117.8,32.200001,2684,1.046322,162.87109,.87738419,88.988853,73.133507,.045280699,5.0929589,4.2922869,4.4885111,-2.040221,6.94101,6.8145428,6.490572,3.602777,-.13081031,5.299036,-.080761403,4.4822278,4.266397,-2.5257289,6.94101,6.811244,6.4743528,3.5496171
RI,70,.13,Rhode Island,2678000000,41.597836,-71.525291,1033.8142,40,39.299999,949,689.70001,38.799999,3505.8635,123.9,39.599998,2892,1.012887,170.48151,1.020619,90.357307,74.536087,.0128043,5.1386271,4.3112841,4.5037718,-2.040221,6.94101,6.8554091,6.5362568,3.6584201,.0204089,5.0929589,.045280699,4.4885111,4.2922869,-2.040221,6.94101,6.8145428,6.490572,3.602777
RI,71,.13,Rhode Island,2678000000,41.597836,-71.525291,1033.8142,40,40.200001,960,701.29999,40.5,3659.3223,123.2,41,3038,.99259257,168.6468,1.012346,90.353638,75.012337,-.0074348999,5.1278071,4.3176532,4.5037308,-2.040221,6.94101,6.8669329,6.5529361,3.7013021,.0122701,5.1386271,.0128043,4.5037718,4.3112841,-2.040221,6.94101,6.8554091,6.5362568,3.6584201
RI,72,.13,Rhode Island,2678000000,41.597836,-71.525291,1033.8142,40,41.599998,969,713.79999,41.799999,3906.5042,134.39999,46,3359,.9952153,182.4511,1.100479,93.457039,80.358856,-.0047962,5.2064819,4.3865018,4.5375018,-2.040221,6.94101,6.876265,6.5706029,3.7328961,.095745102,5.1278071,-.0074348999,4.5037308,4.3176532,-2.040221,6.94101,6.8669329,6.5529361,3.7013021
RI,73,.13,Rhode Island,2678000000,41.597836,-71.525291,1033.8142,40,40.599998,967,718.59998,44.400002,4212.3916,142,46,3600,.91441429,191.0854,1.036036,94.87368,81.081078,-.089471497,5.2527208,4.3954501,4.552547,-2.040221,6.94101,6.874198,6.5773048,3.7932401,.035401899,5.2064819,-.0047962,4.5375018,4.3865018,-2.040221,6.94101,6.876265,6.5706029,3.7328961
RI,74,.13,Rhode Island,2678000000,41.597836,-71.525291,1033.8142,40,41.299999,940,700.29999,49.299999,4598.6138,146.10001,46.299999,3698,.8377282,196.10741,.93914813,93.278168,75.010139,-.1770616,5.2786622,4.3176231,4.5355859,-2.040221,6.94101,6.84588,6.5515089,3.8979239,-.062782101,5.2527208,-.089471497,4.552547,4.3954501,-2.040221,6.94101,6.874198,6.5773048,3.7932401
RI,75,.18000001,Rhode Island,2678000000,41.597836,-71.525291,1033.8142,40,44.299999,930,699.29999,53.799999,5066.1992,154.7,49.400002,3794,.82341999,205.7357,.91821557,94.167267,70.520447,-.19428881,5.326592,4.2559028,4.545073,-1.714798,6.94101,6.8351851,6.5500798,3.9852729,-.085322998,5.2786622,-.1770616,4.5355859,4.3176231,-2.040221,6.94101,6.84588,6.5515089,3.8979239
RI,76,.18000001,Rhode Island,2678000000,41.597836,-71.525291,1033.8142,40,52.200001,931,707,56.900002,5481.2588,150.2,57.400002,4273,.91739893,197.7881,1.008787,96.331444,75.096657,-.086212903,5.2871962,4.3187761,4.5677948,-1.714798,6.94101,6.8362589,6.5610309,4.041296,.0087489998,5.326592,-.19428881,4.545073,4.2559028,-1.714798,6.94101,6.8351851,6.5500798,3.9852729
RI,77,.18000001,Rhode Island,2678000000,41.597836,-71.525291,1033.8142,40,52.299999,933,714.79999,60.599998,5987.9819,148.8,57.299999,4681,.86303627,194.2227,.94554448,98.811577,77.244217,-.1472985,5.2690058,4.346972,4.593215,-1.714798,6.94101,6.8384051,6.5720029,4.1042948,-.055994298,5.2871962,-.086212903,4.5677948,4.3187761,-1.714798,6.94101,6.8362589,6.5610309,4.041296
RI,78,.18000001,Rhode Island,2678000000,41.597836,-71.525291,1033.8142,40,56.299999,932,719.59998,65.199997,6546.2012,146.8,61.700001,5216,.86349702,190.1301,.9463191,100.4019,80,-.1467649,5.2477078,4.3820271,4.6091809,-1.714798,6.94101,6.8373332,6.5786948,4.1774588,-.055175401,5.2690058,-.1472985,4.593215,4.346972,-1.714798,6.94101,6.8384051,6.5720029,4.1042948
RI,79,.18000001,Rhode Island,2678000000,41.597836,-71.525291,1033.8142,40,58.700001,929,723.40002,72.599998,7211.5322,145.8,64.400002,5794,.80853999,187.2383,.88705242,99.332413,79.807167,-.2125251,5.2323818,4.3796129,4.5984721,-1.714798,6.94101,6.8341088,6.583962,4.284965,-.1198513,5.2477078,-.1467649,4.6091809,4.3820271,-1.714798,6.94101,6.8373332,6.5786948,4.1774588
RI,80,.18000001,Rhode Island,2678000000,41.597836,-71.525291,1033.8142,40,60,947,741.70001,82.400002,8033.4121,149.3,67,6334,.72815531,190.6257,.81310678,97.492867,76.868927,-.31724089,5.2503119,4.3421021,4.5797791,-1.714798,6.94101,6.8532991,6.6089449,4.4115849,-.2068928,5.2323818,-.2125251,4.5984721,4.3796129,-1.714798,6.94101,6.8341088,6.583962,4.284965
RI,81,.18000001,Rhode Island,2678000000,41.597836,-71.525291,1033.8142,40,64.5,953,751.40002,90.900002,8821.3047,151.2,70.800003,6898,.70957088,191.7668,.77887791,97.044052,75.88559,-.3430948,5.2562799,4.329227,4.5751648,-1.714798,6.94101,6.8596148,6.6219382,4.5097599,-.249901,5.2503119,-.31724089,4.5797791,4.3421021,-1.714798,6.94101,6.8532991,6.6089449,4.4115849
RI,82,.23,Rhode Island,2678000000,41.597836,-71.525291,1033.8142,40,71.599998,958,757.09998,96.5,9456.7686,146.3,78.099998,7261,.74196893,185.1214,.80932641,97.997597,75.243523,-.298448,5.2210121,4.3207302,4.5849428,-1.469676,6.94101,6.8648481,6.6294951,4.5695429,-.21155301,5.2562799,-.3430948,4.5751648,4.329227,-1.714798,6.94101,6.8596148,6.6219382,4.5097599
RI,83,.23,Rhode Island,2678000000,41.597836,-71.525291,1033.8142,40,84,955,758.09998,99.599998,10332.204,135.8,88.699997,7789,.84337348,171.07111,.89056218,103.737,78.202812,-.1703454,5.1420789,4.3593049,4.6418591,-1.469676,6.94101,6.861712,6.630816,4.601162,-.1159023,5.2210121,-.298448,4.5849428,4.3207302,-1.469676,6.94101,6.8648481,6.6294951,4.5695429
RI,84,.23,Rhode Island,2678000000,41.597836,-71.525291,1033.8142,40,94.800003,962,763.90002,103.9,11243.688,136.89999,101.4,8653,.9124158,172.4019,.97593838,108.2164,83.281998,-.091659501,5.149828,4.4222331,4.6841331,-1.469676,6.94101,6.8690138,6.6384368,4.6434288,-.024355801,5.1420789,-.1703454,4.6418591,4.3593049,-1.469676,6.94101,6.861712,6.630816,4.601162
RI,85,.23,Rhode Island,2678000000,41.597836,-71.525291,1033.8142,40,100.3,967,770.59998,107.6,11830.744,133.39999,108.3,9301,.93215621,167.3992,1.006506,109.9512,86.440521,-.0702549,5.1203809,4.459456,4.700036,-1.469676,6.94101,6.874198,6.6471701,4.678421,.0064845001,5.149828,-.091659501,4.6841331,4.4222331,-1.469676,6.94101,6.8690138,6.6384368,4.6434288
RI,86,.234,Rhode Island,2678000000,41.597836,-71.525291,1033.8142,40,101.8,975,778.29999,109.6,12449.729,136.3,115,10081,.92883217,170.7471,1.04927,113.5924,91.979927,-.0738272,5.1401839,4.5215702,4.7326169,-1.4524339,6.94101,6.8824382,6.6571121,4.6968369,.048094701,5.1203809,-.0702549,4.700036,4.459456,-1.469676,6.94101,6.874198,6.6471701,4.678421
RI,87,.25,Rhode Island,2678000000,41.597836,-71.525291,1033.8142,40,113.5,986,787,113.6,13229.382,124.4,120.4,10977,.99911982,155.8557,1.059859,116.4558,96.628517,-.00088060001,5.0489302,4.5708742,4.7575121,-1.386294,6.94101,6.8936558,6.6682281,4.7326841,.058136001,5.1401839,-.0738272,4.7326169,4.5215702,-1.4524339,6.94101,6.8824382,6.6571121,4.6968369
RI,88,.25,Rhode Island,2678000000,41.597836,-71.525291,1033.8142,40,121.5,993,791,118.3,14352,138,129.7,11962,1.02705,173.2415,1.096365,121.3187,101.1158,.0266905,5.154686,4.6162658,4.7984209,-1.386294,6.94101,6.9007311,6.6732979,4.7732239,.092000201,5.0489302,-.00088060001,4.7575121,4.5708742,-1.386294,6.94101,6.8936558,6.6682281,4.7326841
RI,89,.27000001,Rhode Island,2678000000,41.597836,-71.525291,1033.8142,40,134.8,998,793,124,15189,120.8,142,12609,1.087097,152.0282,1.145161,122.4919,101.6855,.083510697,5.024066,4.6218839,4.8080449,-1.309333,6.94101,6.9057531,6.6758232,4.820282,.13554551,5.154686,.0266905,4.7984209,4.6162658,-1.386294,6.94101,6.9007311,6.6732979,4.7732239
RI,90,.27000001,Rhode Island,2678000000,41.597836,-71.525291,1033.8142,40,150.89999,1000,794.59998,130.7,15870,101.4,152.39999,13007,1.154552,127.6114,1.166029,121.4231,99.517982,.1437127,4.848989,4.600338,4.7992811,-1.309333,6.94101,6.9077549,6.6778388,4.8729048,.153604,5.024066,.083510697,4.8080449,4.6218839,-1.309333,6.94101,6.9057531,6.6758232,4.820282
RI,91,.37,Rhode Island,2678000000,41.597836,-71.525291,1033.8142,40,170.3,1001,790.59998,136.2,16024,103.6,163.3,12750,1.250367,131.17081,1.198972,117.6505,93.612343,.2234372,4.8765001,4.5391622,4.7677178,-.99425232,6.94101,6.9087548,6.672792,4.914124,.1814646,4.848989,.1437127,4.7992811,4.600338,-1.309333,6.94101,6.9077549,6.6778388,4.8729048
RI,92,.37,Rhode Island,2678000000,41.597836,-71.525291,1033.8142,40,190,1002,787.59998,140.3,17863,100.1,175.89999,13487,1.354241,127.3492,1.253742,127.32,96.129723,.3032411,4.8469329,4.5656991,4.846704,-.99425232,6.94101,6.9097528,6.6689901,4.9437828,.2261326,4.8765001,.2234372,4.7677178,4.5391622,-.99425232,6.94101,6.9087548,6.672792,4.914124
