Datasets/panel/Baltagi and Levine/cigarette.csv
idstate,year,txrate,name,aland,ycoord,xcoord,land,state,price,pop,pop16,cpi,ndi,sales,pimin,comp,ppp,spp,mppp,ipc,ncom,lnprice,lnsales,lncomp,lnndi,lntxrate,lnland,lnpop,lnpop16,lncpi,lnminp,lnsales_lag,lnprice_lag,lnndi_lag,lncomp_lag,lntxrate_lag,lnland_lag,lnpop_lag,lnpop16_lag,lncpi_lag
SC,63,.050000001,South Carolina,77860000000,33.874176,-80.854271,30060.688,41,27.299999,2498,1608.3,30.6,1498.1478,88.199997,26.9,3118,.89215678,136.99159,.87908489,48.95908,101.8954,-.1141133,4.919919,4.6239471,3.890985,-2.9957321,10.31097,7.823246,7.3829331,3.421,-.1288738,,,,,,,,,
SC,64,.050000001,South Carolina,77860000000,33.874176,-80.854271,30060.688,41,26.5,2528,1638.8,31,1619.3141,89.699997,27.5,3374,.85483873,138.3705,.88709682,52.235939,108.8387,-.1568425,4.929935,4.689867,3.955771,-2.9957321,10.31097,7.8351841,7.40172,3.4339869,-.1198012,4.919919,-.1141133,3.890985,4.6239471,-2.9957321,10.31097,7.823246,7.3829331,3.421
SC,65,.050000001,South Carolina,77860000000,33.874176,-80.854271,30060.688,41,26.200001,2550,1663.6,31.5,1769.2314,90.099998,30.9,3732,.83174598,138.1071,.98095238,56.16608,118.4762,-.18422811,4.92803,4.7747121,4.0283132,-2.9957321,10.31097,7.8438492,7.416739,3.4499879,-.0192314,4.929935,-.1568425,3.955771,4.689867,-2.9957321,10.31097,7.8351841,7.40172,3.4339869
SC,66,.050000001,South Carolina,77860000000,33.874176,-80.854271,30060.688,41,26.200001,2607,1718,32.400002,1946.8734,93.400002,30.6,4262,.80864203,141.731,.94444442,60.08868,131.5432,-.21239901,4.9539309,4.8793349,4.0958209,-2.9957321,10.31097,7.8659549,7.448916,3.478158,-.057158399,4.92803,-.18422811,4.0283132,4.7747121,-2.9957321,10.31097,7.8438492,7.416739,3.4499879
SC,67,.050000001,South Carolina,77860000000,33.874176,-80.854271,30060.688,41,27.299999,2638,1750.5,33.400002,2086.5225,95.099998,31.5,4598,.81736523,143.31551,.94311368,62.47073,137.6647,-.2016692,4.9650478,4.9248209,4.1346979,-2.9957321,10.31097,7.8777761,7.4676571,3.5085559,-.058568399,4.9539309,-.21239901,4.0958209,4.8793349,-2.9957321,10.31097,7.8659549,7.448916,3.478158
SC,68,.050000001,South Carolina,77860000000,33.874176,-80.854271,30060.688,41,29.5,2669,1792.5,34.799999,2269.2986,95.699997,33.299999,5164,.84770119,142.49561,.95689648,65.209732,148.39079,-.1652271,4.959311,4.9998488,4.177608,-2.9957321,10.31097,7.8894591,7.4913659,3.5496171,-.044059999,4.9650478,-.2016692,4.1346979,4.9248209,-2.9957321,10.31097,7.8777761,7.4676571,3.5085559
SC,69,.050000001,South Carolina,77860000000,33.874176,-80.854271,30060.688,41,29,2692,1788.7,36.700001,2466.4504,104.2,34.200001,5700,.7901907,156.8214,.93188012,67.205727,155.3134,-.23548099,5.0551081,5.045444,4.2077579,-2.9957321,10.31097,7.8980398,7.489244,3.602777,-.070551097,4.959311,-.1652271,4.177608,4.9998488,-2.9957321,10.31097,7.8894591,7.4913659,3.5496171
SC,70,.059999999,South Carolina,77860000000,33.874176,-80.854271,30060.688,41,32.5,2590,1774.3,38.799999,2688.2461,103.6,34.299999,6181,.8376289,151.2281,.88402063,69.284691,159.30409,-.1771801,5.0187888,5.0708151,4.238224,-2.813411,10.31097,7.8594131,7.4811611,3.6584201,-.1232749,5.0551081,-.23548099,4.2077579,5.045444,-2.9957321,10.31097,7.8980398,7.489244,3.602777
SC,71,.059999999,South Carolina,77860000000,33.874176,-80.854271,30060.688,41,34.299999,2642,1828.7,40.5,2863.8345,115,35.799999,6714,.84691358,166.1454,.88395059,70.71196,165.7778,-.1661566,5.1128631,5.1106482,4.258615,-2.813411,10.31097,7.879292,7.5113611,3.7013021,-.1233541,5.0187888,-.1771801,4.238224,5.0708151,-2.813411,10.31097,7.8594131,7.4811611,3.6584201
SC,72,.059999999,South Carolina,77860000000,33.874176,-80.854271,30060.688,41,34.099998,2682,1870.7,41.799999,3087.6838,118.7,40.900002,7569,.81578952,170.1788,.97846901,73.868027,181.0766,-.20359901,5.1368489,5.1989198,4.3022799,-2.813411,10.31097,7.8943181,7.5340681,3.7328961,-.021766201,5.1128631,-.1661566,4.258615,5.1106482,-2.813411,10.31097,7.879292,7.5113611,3.7013021
SC,73,.059999999,South Carolina,77860000000,33.874176,-80.854271,30060.688,41,33.5,2723,1911.8,44.400002,3473.7725,125.5,42.400002,8668,.7545045,178.75121,.95495498,78.238113,195.2252,-.28169399,5.1859951,5.2741542,4.3597569,-2.813411,10.31097,7.9094901,7.5558,3.7932401,-.046091098,5.1368489,-.20359901,4.3022799,5.1989198,-2.813411,10.31097,7.8943181,7.5340681,3.7328961
SC,74,.059999999,South Carolina,77860000000,33.874176,-80.854271,30060.688,41,35.200001,2774,1965.2,49.299999,3823.9224,129.7,42.400002,9779,.71399599,183.0795,.86004061,77.564346,198.35699,-.33687791,5.2099199,5.2900691,4.3511081,-2.813411,10.31097,7.9280462,7.5833492,3.8979239,-.1507757,5.1859951,-.28169399,4.3597569,5.2741542,-2.813411,10.31097,7.9094901,7.5558,3.7932401
SC,75,.059999999,South Carolina,77860000000,33.874176,-80.854271,30060.688,41,38.099998,2813,2010.1,53.799999,4115.5425,130.5,44.5,10220,.7081784,182.62601,.82713747,76.49707,189.9628,-.34505919,5.2074399,5.246829,4.3372531,-2.813411,10.31097,7.9420071,7.6059399,3.9852729,-.1897843,5.2099199,-.33687791,4.3511081,5.2900691,-2.813411,10.31097,7.9280462,7.5833492,3.8979239
SC,76,.059999999,South Carolina,77860000000,33.874176,-80.854271,30060.688,41,41,2838,2043.5,56.900002,4468.7729,136.8,47.900002,11678,.7205624,189.987,.84182781,78.537308,205.2373,-.32772329,5.2469549,5.3241668,4.363574,-2.813411,10.31097,7.9508548,7.6224189,4.041296,-.17217989,5.2074399,-.34505919,4.3372531,5.246829,-2.813411,10.31097,7.9420071,7.6059399,3.9852729
SC,77,.059999999,South Carolina,77860000000,33.874176,-80.854271,30060.688,41,42.200001,2868,2079.8,60.599998,4848.7007,137.2,49.5,12951,.69636959,189.19591,.81683171,80.011574,213.71291,-.3618747,5.2427831,5.364634,4.3821712,-2.813411,10.31097,7.96137,7.640027,4.1042948,-.2023222,5.2469549,-.32772329,4.363574,5.3241668,-2.813411,10.31097,7.9508548,7.6224189,4.041296
SC,78,.07,South Carolina,77860000000,33.874176,-80.854271,30060.688,41,49.200001,2902,2118.8999,65.199997,5327.2041,140.39999,54.700001,14663,.7546013,192.2888,.83895707,81.705589,224.8927,-.28156579,5.2589979,5.4156232,4.4031219,-2.65926,10.31097,7.973155,7.6586518,4.1774588,-.1755957,5.2427831,-.3618747,4.3821712,5.364634,-2.813411,10.31097,7.96137,7.640027,4.1042948
SC,79,.07,South Carolina,77860000000,33.874176,-80.854271,30060.688,41,50.200001,2932,2151.3999,72.599998,5820.0835,135.7,56.599998,16490,.69146007,184.93649,.77961433,80.166443,227.13499,-.36894989,5.2200131,5.4255452,4.3841052,-2.65926,10.31097,7.9834399,7.6738739,4.284965,-.24895591,5.2589979,-.28156579,4.4031219,5.4156232,-2.65926,10.31097,7.973155,7.6586518,4.1774588
SC,80,.07,South Carolina,77860000000,33.874176,-80.854271,30060.688,41,52.299999,3122,2308.8,82.400002,6345.8218,138.3,59.299999,18296,.6347087,187.0117,.71966022,77.012398,222.0388,-.4545891,5.2311711,5.4028521,4.343966,-2.65926,10.31097,8.0462294,7.744483,4.4115849,-.32897621,5.2200131,-.36894989,4.3841052,5.4255452,-2.65926,10.31097,7.9834399,7.6738739,4.284965
SC,81,.07,South Carolina,77860000000,33.874176,-80.854271,30060.688,41,54.700001,3167,2351.8,90.900002,6978.3501,136.10001,62.599998,20280,.60176009,183.27609,.68866879,76.769524,223.10229,-.50789642,5.2109938,5.40763,4.3408079,-2.65926,10.31097,8.0605402,7.7629361,4.5097599,-.37299481,5.2311711,-.4545891,4.343966,5.4028521,-2.65926,10.31097,8.0462294,7.744483,4.4115849
SC,82,.07,South Carolina,77860000000,33.874176,-80.854271,30060.688,41,61.900002,3203,2383.3,96.5,7441.4512,136,67.800003,21193,.64145082,182.7751,.7025907,77.113487,219.61659,-.44402269,5.2082572,5.3918829,4.3452778,-2.65926,10.31097,8.0718431,7.7762408,4.5695429,-.35298079,5.2109938,-.50789642,4.3408079,5.40763,-2.65926,10.31097,8.0605402,7.7629361,4.5097599
SC,83,.07,South Carolina,77860000000,33.874176,-80.854271,30060.688,41,72.400002,3264,2437.7,99.599998,8005.1821,131.10001,78.900002,23056,.72690767,175.5386,.79216868,80.373306,231.4859,-.31895581,5.1678591,5.444519,4.386682,-2.65926,10.31097,8.0907087,7.79881,4.601162,-.23298091,5.2082572,-.44402269,4.3452778,5.3918829,-2.65926,10.31097,8.0718431,7.7762408,4.5695429
SC,84,.07,South Carolina,77860000000,33.874176,-80.854271,30060.688,41,81.300003,3300,2477.8,103.9,8794.8154,127,86.800003,25889,.78248322,169.142,.8354187,84.646919,249.1723,-.2452829,5.1307392,5.5181451,4.438488,-2.65926,10.31097,8.1016779,7.8151259,4.6434288,-.17982221,5.1678591,-.31895581,4.386682,5.444519,-2.65926,10.31097,8.0907087,7.79881,4.601162
SC,85,.07,South Carolina,77860000000,33.874176,-80.854271,30060.688,41,83,3334,2515,107.6,9215.8174,125.4,90.699997,27606,.77137548,166.23599,.84293681,85.648857,256.56131,-.25957999,5.113409,5.547368,4.4502559,-2.65926,10.31097,8.111928,7.8300281,4.678421,-.1708633,5.1307392,-.2452829,4.438488,5.5181451,-2.65926,10.31097,8.1016779,7.8151259,4.6434288
SC,86,.07,South Carolina,77860000000,33.874176,-80.854271,30060.688,41,88.699997,3381,2558,109.6,9728.2061,126.6,100.1,29499,.80930662,167.3317,.91332108,88.761002,269.15149,-.2115775,5.119978,5.595274,4.4859481,-2.65926,10.31097,8.125927,7.846981,4.6968369,-.090667702,5.113409,-.25957999,4.4502559,5.547368,-2.65926,10.31097,8.111928,7.8300281,4.678421
SC,87,.07,South Carolina,77860000000,33.874176,-80.854271,30060.688,41,95.300003,3425,2599,113.6,10317.607,126.6,103.9,31806,.83890849,166.8353,.91461271,90.824013,279.98239,-.1756537,5.1170068,5.634727,4.508924,-2.65926,10.31097,8.1388569,7.8628821,4.7326841,-.089254603,5.119978,-.2115775,4.4859481,5.595274,-2.65926,10.31097,8.125927,7.846981,4.6968369
SC,88,.07,South Carolina,77860000000,33.874176,-80.854271,30060.688,41,99.900002,3470,2636,118.3,11098,124.4,109.2,34591,.84446323,163.7587,.92307693,93.81234,292.4007,-.16905411,5.0983939,5.6781249,4.541296,-2.65926,10.31097,8.1519098,7.877018,4.7732239,-.080042802,5.1170068,-.1756537,4.508924,5.634727,-2.65926,10.31097,8.1388569,7.8628821,4.7326841
SC,89,.07,South Carolina,77860000000,33.874176,-80.854271,30060.688,41,111.9,3512,2667,124,11665,122.4,122.4,37175,.90241939,161.1806,.98709679,94.072578,299.7984,-.1026759,5.0825262,5.7031102,4.544066,-2.65926,10.31097,8.1639414,7.88871,4.820282,-.0129872,5.0983939,-.16905411,4.541296,5.6781249,-2.65926,10.31097,8.1519098,7.877018,4.7732239
SC,90,.07,South Carolina,77860000000,33.874176,-80.854271,30060.688,41,125.2,3542.5,2690.1001,130.7,12880,118.6,132.3,40047,.95791888,156.1803,1.012242,98.546303,306.40399,-.042992201,5.0510111,5.724905,4.5905271,-2.65926,10.31097,8.1725883,7.8973341,4.8729048,.0121675,5.0825262,-.1026759,4.544066,5.7031102,-2.65926,10.31097,8.1639414,7.88871,4.820282
SC,91,.07,South Carolina,77860000000,33.874176,-80.854271,30060.688,41,129,3616.6001,2744.6001,136.2,13166,121.5,138.2,41264,.94713658,160.10229,1.014684,96.666672,302.96619,-.054311998,5.0758128,5.7136221,4.571269,-2.65926,10.31097,8.1932898,7.9173908,4.914124,.0145775,5.0510111,-.042992201,4.5905271,5.724905,-2.65926,10.31097,8.1725883,7.8973341,4.8729048
SC,92,.07,South Carolina,77860000000,33.874176,-80.854271,30060.688,41,151.89999,3660.3,2780.8,140.3,14318,121.9,159.5,43520,1.08268,160.45399,1.13685,102.0527,310.19241,.079439297,5.0780072,5.7371931,4.6254902,-2.65926,10.31097,8.2053003,7.9304938,4.9437828,.128261,5.0758128,-.054311998,4.571269,5.7136221,-2.65926,10.31097,8.1932898,7.9173908,4.914124
