Datasets/panel/Baltagi and Levine/cigarette.csv
idstate,year,txrate,name,aland,ycoord,xcoord,land,state,price,pop,pop16,cpi,ndi,sales,pimin,comp,ppp,spp,mppp,ipc,ncom,lnprice,lnsales,lncomp,lnndi,lntxrate,lnland,lnpop,lnpop16,lncpi,lnminp,lnsales_lag,lnprice_lag,lnndi_lag,lncomp_lag,lntxrate_lag,lnland_lag,lnpop_lag,lnpop16_lag,lncpi_lag
SD,63,.050000001,South Dakota,196300000000,44.446796,-100.23818,75810.906,42,26.6,707,470.70001,30.6,1780.9508,106,25.799999,729,.86928111,159.2139,.8431372,58.201012,23.82353,-.1400888,5.0702491,3.1706741,4.0639029,-2.9957321,11.236,6.5610309,6.1542211,3.421,-.1706256,,,,,,,,,
SD,64,.059999999,South Dakota,196300000000,44.446796,-100.23818,75810.906,42,28.5,700,467.79999,31,1785.931,99.400002,26.200001,752,.91935492,148.7388,.84516132,57.61068,24.25806,-.084083103,5.002192,3.1887491,4.0537081,-2.813411,11.236,6.5510802,6.1480408,3.4339869,-.16822781,5.0702491,-.1400888,4.0639029,3.1706741,-2.9957321,11.236,6.5610309,6.1542211,3.421
SD,65,.059999999,South Dakota,196300000000,44.446796,-100.23818,75810.906,42,28.299999,686,460.89999,31.5,2051.8784,98.699997,26.1,779,.89841259,146.9043,.82857138,65.139,24.73016,-.1071258,4.9897809,3.208024,4.1765242,-2.813411,11.236,6.5308781,6.1331811,3.4499879,-.18805221,5.002192,-.084083103,4.0537081,3.1887491,-2.813411,11.236,6.5510802,6.1480408,3.4339869
SD,66,.079999998,South Dakota,196300000000,44.446796,-100.23818,75810.906,42,30.5,680,459,32.400002,2241.1294,98.800003,26.5,835,.94135797,146.37041,.81790119,69.170647,25.771601,-.060431801,4.9861398,3.2492731,4.236577,-2.5257289,11.236,6.5220928,6.1290498,3.478158,-.2010137,4.9897809,-.1071258,4.1765242,3.208024,-2.813411,11.236,6.5308781,6.1331811,3.4499879
SD,67,.079999998,South Dakota,196300000000,44.446796,-100.23818,75810.906,42,31.299999,668,455.10001,33.400002,2310.8533,99.599998,27.4,884,.93712568,146.1938,.82035917,69.187218,26.46706,-.064937897,4.9849329,3.2759011,4.2368159,-2.5257289,11.236,6.5042882,6.1205168,3.5085559,-.1980129,4.9861398,-.060431801,4.236577,3.2492731,-2.5257289,11.236,6.5220928,6.1290498,3.478158
SD,68,.079999998,South Dakota,196300000000,44.446796,-100.23818,75810.906,42,32.700001,665,459,34.799999,2460.262,100.4,32.299999,963,.93965518,145.4597,.92816091,70.697182,27.672409,-.062242199,4.9798989,3.320436,4.2584062,-2.5257289,11.236,6.4997869,6.1290498,3.5496171,-.074550197,4.9849329,-.064937897,4.2368159,3.2759011,-2.5257289,11.236,6.5042882,6.1205168,3.5085559
SD,69,.079999998,South Dakota,196300000000,44.446796,-100.23818,75810.906,42,32.400002,659,453.10001,36.700001,2609.6707,102.5,32.299999,1051,.88283378,149.0786,.88010901,71.108192,28.6376,-.1246183,5.0044742,3.3547211,4.2642031,-2.5257289,11.236,6.4907241,6.1161132,3.602777,-.1277096,4.9798989,-.062242199,4.2584062,3.320436,-2.5257289,11.236,6.4997869,6.1290498,3.5496171
SD,70,.12,South Dakota,196300000000,44.446796,-100.23818,75810.906,42,38.5,666,470.70001,38.799999,2819.8386,92.699997,33.900002,1150,.99226809,131.16251,.87371141,72.676247,29.639179,-.007762,4.8764372,3.389097,4.286015,-2.1202641,11.236,6.5012898,6.1542211,3.6584201,-.13500521,5.0044742,-.1246183,4.2642031,3.3547211,-2.5257289,11.236,6.4907241,6.1161132,3.602777
SD,71,.12,South Dakota,196300000000,44.446796,-100.23818,75810.906,42,38.5,671,481.39999,40.5,3083.7939,96.699997,34.400002,1255,.95061731,134.7854,.84938282,76.143059,30.98765,-.050643701,4.9036841,3.433589,4.3326139,-2.1202641,11.236,6.508769,6.1766992,3.7013021,-.16324539,4.8764372,-.007762,4.286015,3.389097,-2.1202641,11.236,6.5012898,6.1542211,3.6584201
SD,72,.12,South Dakota,196300000000,44.446796,-100.23818,75810.906,42,39.099998,677,491.10001,41.799999,3536.0042,103,34.400002,1372,.93540668,141.9894,.82296658,84.593399,32.822971,-.066773899,4.9557519,3.491128,4.4378562,-2.1202641,11.236,6.5176711,6.1966481,3.7328961,-.1948397,4.9036841,-.050643701,4.3326139,3.433589,-2.1202641,11.236,6.508769,6.1766992,3.7013021
SD,73,.12,South Dakota,196300000000,44.446796,-100.23818,75810.906,42,39.599998,679,497,44.400002,4566.9233,103.5,34.400002,1556,.89189178,141.4014,.77477479,102.8586,35.04504,-.1144104,4.9516029,3.5566339,4.6333561,-2.1202641,11.236,6.5206208,6.20859,3.7932401,-.25518289,4.9557519,-.066773899,4.4378562,3.491128,-2.1202641,11.236,6.5176711,6.1966481,3.7328961
SD,74,.12,South Dakota,196300000000,44.446796,-100.23818,75810.906,42,40.400002,680,502.79999,49.299999,4404.5659,108.4,35.799999,1777,.81947267,146.603,.72616631,89.34211,36.044621,-.19909421,4.9877291,3.584758,4.4924731,-2.1202641,11.236,6.5220928,6.220192,3.8979239,-.31997621,4.9516029,-.1144104,4.6333561,3.5566339,-2.1202641,11.236,6.5206208,6.20859,3.7932401
SD,75,.12,South Dakota,196300000000,44.446796,-100.23818,75810.906,42,42.799999,682,507.70001,53.799999,4611.7461,113.5,38.599998,1941,.79553902,152.466,.71747208,85.720192,36.078072,-.2287354,5.0269418,3.585685,4.451088,-2.1202641,11.236,6.5250301,6.2298908,3.9852729,-.33202121,4.9877291,-.19909421,4.4924731,3.584758,-2.1202641,11.236,6.5220928,6.220192,3.8979239
SD,76,.12,South Dakota,196300000000,44.446796,-100.23818,75810.906,42,45,687,516.5,56.900002,4516.1245,116.7,42.599998,2190,.79086113,155.2234,.74868178,79.369499,38.488571,-.23463289,5.0448661,3.650362,4.374114,-2.1202641,11.236,6.5323339,6.2470751,4.041296,-.2894412,5.0269418,-.2287354,4.451088,3.585685,-2.1202641,11.236,6.5250301,6.2298908,3.9852729
SD,77,.12,South Dakota,196300000000,44.446796,-100.23818,75810.906,42,46.400002,690,521.40002,60.599998,5246.2349,115.6,43.400002,2416,.76567662,152.98039,.71617168,86.571533,39.867989,-.2669954,5.0303102,3.6855741,4.4609709,-2.1202641,11.236,6.5366921,6.2565169,4.1042948,-.33383539,5.0448661,-.23463289,4.374114,3.650362,-2.1202641,11.236,6.5323339,6.2470751,4.041296
SD,78,.12,South Dakota,196300000000,44.446796,-100.23818,75810.906,42,53.200001,690,524.29999,65.199997,5945.4673,116.9,49.799999,2766,.81595099,153.84509,.76380372,91.188164,42.423309,-.203401,5.0359459,3.7476981,4.5129251,-2.1202641,11.236,6.5366921,6.262064,4.1774588,-.26944441,5.0303102,-.2669954,4.4609709,3.6855741,-2.1202641,11.236,6.5366921,6.2565169,4.1042948
SD,79,.12,South Dakota,196300000000,44.446796,-100.23818,75810.906,42,54.099998,689,524.29999,72.599998,6671.5928,117.4,51.700001,3076,.74517912,154.27921,.71212119,91.895218,42.369148,-.29413071,5.038764,3.7464199,4.520649,-2.1202641,11.236,6.5352411,6.262064,4.284965,-.3395071,5.0359459,-.203401,4.5129251,3.7476981,-2.1202641,11.236,6.5366921,6.262064,4.1774588
SD,80,.14,South Dakota,196300000000,44.446796,-100.23818,75810.906,42,58.799999,691,523.29999,82.400002,6793.1118,114.7,55.299999,3318,.71359217,151.4575,.67111647,82.440666,40.266991,-.33744359,5.0203052,3.6955321,4.4120789,-1.966113,11.236,6.5381398,6.2601552,4.4115849,-.39881259,5.038764,-.29413071,4.520649,3.7464199,-2.1202641,11.236,6.5352411,6.262064,4.284965
SD,81,.14,South Dakota,196300000000,44.446796,-100.23818,75810.906,42,62.299999,686,518.40002,90.900002,7773.2324,115.7,55.900002,3569,.68536848,153.10609,.6149615,85.514107,39.26292,-.37779859,5.0311308,3.6702809,4.4486809,-1.966113,11.236,6.5308781,6.2507472,4.5097599,-.48619559,5.0203052,-.33744359,4.4120789,3.6955321,-1.966113,11.236,6.5381398,6.2601552,4.4115849
SD,82,.15000001,South Dakota,196300000000,44.446796,-100.23818,75810.906,42,68,691,521.40002,96.5,8012.2861,113,64.300003,3711,.70466322,149.75639,.66632128,83.02887,38.455959,-.35003531,5.0090098,3.649514,4.419188,-1.89712,11.236,6.5381398,6.2565169,4.5695429,-.4059833,5.0311308,-.37779859,4.4486809,3.6702809,-1.966113,11.236,6.5308781,6.2507472,4.5097599
SD,83,.15000001,South Dakota,196300000000,44.446796,-100.23818,75810.906,42,78.800003,700,525.29999,99.599998,8478.4414,109.8,71,3934,.7911647,146.31641,.71285141,85.124924,39.49799,-.2342491,4.9857712,3.67625,4.4441199,-1.89712,11.236,6.5510802,6.2639689,4.601162,-.33848229,5.0090098,-.35003531,4.419188,3.649514,-1.89712,11.236,6.5381398,6.2565169,4.5695429
SD,84,.15000001,South Dakota,196300000000,44.446796,-100.23818,75810.906,42,89.800003,706,530.09998,103.9,9333.0586,105.7,81.699997,4269,.86429262,140.7738,.78633302,89.827316,41.087589,-.14584389,4.947155,3.7157061,4.497889,-1.89712,11.236,6.5596151,6.273066,4.6434288,-.240375,4.9857712,-.2342491,4.4441199,3.67625,-1.89712,11.236,6.5510802,6.2639689,4.601162
SD,85,.15000001,South Dakota,196300000000,44.446796,-100.23818,75810.906,42,92.300003,708,532.09998,107.6,9821.127,104.4,87.400002,4464,.85780668,138.9122,.81226772,91.274406,41.486992,-.1533764,4.9338422,3.7253799,4.5138712,-1.89712,11.236,6.5624442,6.2768321,4.678421,-.20792539,4.947155,-.14584389,4.497889,3.7157061,-1.89712,11.236,6.5596151,6.273066,4.6434288
SD,86,.23,South Dakota,196300000000,44.446796,-100.23818,75810.906,42,108.5,708,534,109.6,10482.509,97,97.800003,4664,.98996347,128.6067,.89233577,95.643333,42.554741,-.0100872,4.8567591,3.7507911,4.560626,-1.469676,11.236,6.5624442,6.280396,4.6968369,-.1139127,4.9338422,-.1533764,4.5138712,3.7253799,-1.89712,11.236,6.5624442,6.2768321,4.678421
SD,87,.23,South Dakota,196300000000,44.446796,-100.23818,75810.906,42,113.7,709,535,113.6,10974.562,95.800003,102.7,4948,1.00088,126.9574,.90404928,96.607063,43.556339,.00087990001,4.843852,3.774055,4.570652,-1.469676,11.236,6.5638561,6.2822671,4.7326841,-.1008714,4.8567591,-.0100872,4.560626,3.7507911,-1.469676,11.236,6.5624442,6.280396,4.6968369
SD,88,.23,South Dakota,196300000000,44.446796,-100.23818,75810.906,42,124.7,713,538,118.3,11369,91.900002,112.9,5303,1.0541,121.7931,.95435327,96.103127,44.82671,.052687,4.8023238,3.802804,4.5654221,-1.469676,11.236,6.5694809,6.287858,4.7732239,-.046721298,4.843852,.00087990001,4.570652,3.774055,-1.469676,11.236,6.5638561,6.2822671,4.7326841
SD,89,.23,South Dakota,196300000000,44.446796,-100.23818,75810.906,42,130.10001,715,539,124,12335,87.400002,118.6,5636,1.049194,115.9388,.95645159,99.475807,45.451611,.048021901,4.7530618,3.816648,4.599915,-1.469676,11.236,6.5722818,6.2897158,4.820282,-.044525102,4.8023238,.052687,4.5654221,3.802804,-1.469676,11.236,6.5694809,6.287858,4.7732239
SD,90,.23,South Dakota,196300000000,44.446796,-100.23818,75810.906,42,138.89999,714,538.20001,130.7,14308,88.300003,129.5,6170,1.062739,117.1427,.99081868,109.4721,47.207352,.0608497,4.7633929,3.8545499,4.6956701,-1.469676,11.236,6.5708828,6.2882299,4.8729048,-.0092236996,4.7530618,.048021901,4.599915,3.816648,-1.469676,11.236,6.5722818,6.2897158,4.820282
SD,91,.23,South Dakota,196300000000,44.446796,-100.23818,75810.906,42,150.3,721.20001,544.5,136.2,14831,91.800003,127,6642,1.103524,121.5908,.93245232,108.8913,48.766521,.098508999,4.8006611,3.887044,4.690351,-1.469676,11.236,6.5809159,6.2998681,4.914124,-.069937304,4.7633929,.0608497,4.6956701,3.8545499,-1.469676,11.236,6.5708828,6.2882299,4.8729048
SD,92,.23,South Dakota,196300000000,44.446796,-100.23818,75810.906,42,160,729.40002,549.70001,140.3,15082,93,155.10001,7205,1.140413,123.4022,1.1054879,107.4982,51.35424,.1313908,4.8154492,3.9387469,4.677474,-1.469676,11.236,6.5922222,6.3093729,4.9437828,.1002871,4.8006611,.098508999,4.690351,3.887044,-1.469676,11.236,6.5809159,6.2998681,4.914124
